23:55:15 **** Build of configuration Debug for project integration_elec_slave ****
make -j20 all 
arm-none-eabi-gcc "../Drivers/STM32F4xx_HAL_Driver/Src/stm32f4xx_hal.c" -mcpu=cortex-m4 -std=gnu11 -g3 -DDEBUG -DUSE_HAL_DRIVER -DSTM32F446xx -c -I../Core/Inc -I../Drivers/STM32F4xx_HAL_Driver/Inc -I../Drivers/STM32F4xx_HAL_Driver/Inc/Legacy -I../Drivers/CMSIS/Device/ST/STM32F4xx/Include -I../Drivers/CMSIS/Include -O0 -ffunction-sections -fdata-sections -Wall -fstack-usage -fcyclomatic-complexity -MMD -MP -MF"Drivers/STM32F4xx_HAL_Driver/Src/stm32f4xx_hal.d" -MT"Drivers/STM32F4xx_HAL_Driver/Src/stm32f4xx_hal.o" --specs=nano.specs -mfpu=fpv4-sp-d16 -mfloat-abi=hard -mthumb -o "Drivers/STM32F4xx_HAL_Driver/Src/stm32f4xx_hal.o"
arm-none-eabi-gcc "../Drivers/STM32F4xx_HAL_Driver/Src/stm32f4xx_hal_cortex.c" -mcpu=cortex-m4 -std=gnu11 -g3 -DDEBUG -DUSE_HAL_DRIVER -DSTM32F446xx -c -I../Core/Inc -I../Drivers/STM32F4xx_HAL_Driver/Inc -I../Drivers/STM32F4xx_HAL_Driver/Inc/Legacy -I../Drivers/CMSIS/Device/ST/STM32F4xx/Include -I../Drivers/CMSIS/Include -O0 -ffunction-sections -fdata-sections -Wall -fstack-usage -fcyclomatic-complexity -MMD -MP -MF"Drivers/STM32F4xx_HAL_Driver/Src/stm32f4xx_hal_cortex.d" -MT"Drivers/STM32F4xx_HAL_Driver/Src/stm32f4xx_hal_cortex.o" --specs=nano.specs -mfpu=fpv4-sp-d16 -mfloat-abi=hard -mthumb -o "Drivers/STM32F4xx_HAL_Driver/Src/stm32f4xx_hal_cortex.o"
arm-none-eabi-gcc "../Drivers/STM32F4xx_HAL_Driver/Src/stm32f4xx_hal_dma.c" -mcpu=cortex-m4 -std=gnu11 -g3 -DDEBUG -DUSE_HAL_DRIVER -DSTM32F446xx -c -I../Core/Inc -I../Drivers/STM32F4xx_HAL_Driver/Inc -I../Drivers/STM32F4xx_HAL_Driver/Inc/Legacy -I../Drivers/CMSIS/Device/ST/STM32F4xx/Include -I../Drivers/CMSIS/Include -O0 -ffunction-sections -fdata-sections -Wall -fstack-usage -fcyclomatic-complexity -MMD -MP -MF"Drivers/STM32F4xx_HAL_Driver/Src/stm32f4xx_hal_dma.d" -MT"Drivers/STM32F4xx_HAL_Driver/Src/stm32f4xx_hal_dma.o" --specs=nano.specs -mfpu=fpv4-sp-d16 -mfloat-abi=hard -mthumb -o "Drivers/STM32F4xx_HAL_Driver/Src/stm32f4xx_hal_dma.o"
arm-none-eabi-gcc "../Drivers/STM32F4xx_HAL_Driver/Src/stm32f4xx_hal_dma_ex.c" -mcpu=cortex-m4 -std=gnu11 -g3 -DDEBUG -DUSE_HAL_DRIVER -DSTM32F446xx -c -I../Core/Inc -I../Drivers/STM32F4xx_HAL_Driver/Inc -I../Drivers/STM32F4xx_HAL_Driver/Inc/Legacy -I../Drivers/CMSIS/Device/ST/STM32F4xx/Include -I../Drivers/CMSIS/Include -O0 -ffunction-sections -fdata-sections -Wall -fstack-usage -fcyclomatic-complexity -MMD -MP -MF"Drivers/STM32F4xx_HAL_Driver/Src/stm32f4xx_hal_dma_ex.d" -MT"Drivers/STM32F4xx_HAL_Driver/Src/stm32f4xx_hal_dma_ex.o" --specs=nano.specs -mfpu=fpv4-sp-d16 -mfloat-abi=hard -mthumb -o "Drivers/STM32F4xx_HAL_Driver/Src/stm32f4xx_hal_dma_ex.o"
arm-none-eabi-gcc "../Drivers/STM32F4xx_HAL_Driver/Src/stm32f4xx_hal_exti.c" -mcpu=cortex-m4 -std=gnu11 -g3 -DDEBUG -DUSE_HAL_DRIVER -DSTM32F446xx -c -I../Core/Inc -I../Drivers/STM32F4xx_HAL_Driver/Inc -I../Drivers/STM32F4xx_HAL_Driver/Inc/Legacy -I../Drivers/CMSIS/Device/ST/STM32F4xx/Include -I../Drivers/CMSIS/Include -O0 -ffunction-sections -fdata-sections -Wall -fstack-usage -fcyclomatic-complexity -MMD -MP -MF"Drivers/STM32F4xx_HAL_Driver/Src/stm32f4xx_hal_exti.d" -MT"Drivers/STM32F4xx_HAL_Driver/Src/stm32f4xx_hal_exti.o" --specs=nano.specs -mfpu=fpv4-sp-d16 -mfloat-abi=hard -mthumb -o "Drivers/STM32F4xx_HAL_Driver/Src/stm32f4xx_hal_exti.o"
arm-none-eabi-gcc "../Drivers/STM32F4xx_HAL_Driver/Src/stm32f4xx_hal_flash.c" -mcpu=cortex-m4 -std=gnu11 -g3 -DDEBUG -DUSE_HAL_DRIVER -DSTM32F446xx -c -I../Core/Inc -I../Drivers/STM32F4xx_HAL_Driver/Inc -I../Drivers/STM32F4xx_HAL_Driver/Inc/Legacy -I../Drivers/CMSIS/Device/ST/STM32F4xx/Include -I../Drivers/CMSIS/Include -O0 -ffunction-sections -fdata-sections -Wall -fstack-usage -fcyclomatic-complexity -MMD -MP -MF"Drivers/STM32F4xx_HAL_Driver/Src/stm32f4xx_hal_flash.d" -MT"Drivers/STM32F4xx_HAL_Driver/Src/stm32f4xx_hal_flash.o" --specs=nano.specs -mfpu=fpv4-sp-d16 -mfloat-abi=hard -mthumb -o "Drivers/STM32F4xx_HAL_Driver/Src/stm32f4xx_hal_flash.o"
arm-none-eabi-gcc "../Drivers/STM32F4xx_HAL_Driver/Src/stm32f4xx_hal_flash_ex.c" -mcpu=cortex-m4 -std=gnu11 -g3 -DDEBUG -DUSE_HAL_DRIVER -DSTM32F446xx -c -I../Core/Inc -I../Drivers/STM32F4xx_HAL_Driver/Inc -I../Drivers/STM32F4xx_HAL_Driver/Inc/Legacy -I../Drivers/CMSIS/Device/ST/STM32F4xx/Include -I../Drivers/CMSIS/Include -O0 -ffunction-sections -fdata-sections -Wall -fstack-usage -fcyclomatic-complexity -MMD -MP -MF"Drivers/STM32F4xx_HAL_Driver/Src/stm32f4xx_hal_flash_ex.d" -MT"Drivers/STM32F4xx_HAL_Driver/Src/stm32f4xx_hal_flash_ex.o" --specs=nano.specs -mfpu=fpv4-sp-d16 -mfloat-abi=hard -mthumb -o "Drivers/STM32F4xx_HAL_Driver/Src/stm32f4xx_hal_flash_ex.o"
arm-none-eabi-gcc "../Drivers/STM32F4xx_HAL_Driver/Src/stm32f4xx_hal_flash_ramfunc.c" -mcpu=cortex-m4 -std=gnu11 -g3 -DDEBUG -DUSE_HAL_DRIVER -DSTM32F446xx -c -I../Core/Inc -I../Drivers/STM32F4xx_HAL_Driver/Inc -I../Drivers/STM32F4xx_HAL_Driver/Inc/Legacy -I../Drivers/CMSIS/Device/ST/STM32F4xx/Include -I../Drivers/CMSIS/Include -O0 -ffunction-sections -fdata-sections -Wall -fstack-usage -fcyclomatic-complexity -MMD -MP -MF"Drivers/STM32F4xx_HAL_Driver/Src/stm32f4xx_hal_flash_ramfunc.d" -MT"Drivers/STM32F4xx_HAL_Driver/Src/stm32f4xx_hal_flash_ramfunc.o" --specs=nano.specs -mfpu=fpv4-sp-d16 -mfloat-abi=hard -mthumb -o "Drivers/STM32F4xx_HAL_Driver/Src/stm32f4xx_hal_flash_ramfunc.o"
arm-none-eabi-gcc "../Drivers/STM32F4xx_HAL_Driver/Src/stm32f4xx_hal_gpio.c" -mcpu=cortex-m4 -std=gnu11 -g3 -DDEBUG -DUSE_HAL_DRIVER -DSTM32F446xx -c -I../Core/Inc -I../Drivers/STM32F4xx_HAL_Driver/Inc -I../Drivers/STM32F4xx_HAL_Driver/Inc/Legacy -I../Drivers/CMSIS/Device/ST/STM32F4xx/Include -I../Drivers/CMSIS/Include -O0 -ffunction-sections -fdata-sections -Wall -fstack-usage -fcyclomatic-complexity -MMD -MP -MF"Drivers/STM32F4xx_HAL_Driver/Src/stm32f4xx_hal_gpio.d" -MT"Drivers/STM32F4xx_HAL_Driver/Src/stm32f4xx_hal_gpio.o" --specs=nano.specs -mfpu=fpv4-sp-d16 -mfloat-abi=hard -mthumb -o "Drivers/STM32F4xx_HAL_Driver/Src/stm32f4xx_hal_gpio.o"
arm-none-eabi-gcc "../Drivers/STM32F4xx_HAL_Driver/Src/stm32f4xx_hal_i2c.c" -mcpu=cortex-m4 -std=gnu11 -g3 -DDEBUG -DUSE_HAL_DRIVER -DSTM32F446xx -c -I../Core/Inc -I../Drivers/STM32F4xx_HAL_Driver/Inc -I../Drivers/STM32F4xx_HAL_Driver/Inc/Legacy -I../Drivers/CMSIS/Device/ST/STM32F4xx/Include -I../Drivers/CMSIS/Include -O0 -ffunction-sections -fdata-sections -Wall -fstack-usage -fcyclomatic-complexity -MMD -MP -MF"Drivers/STM32F4xx_HAL_Driver/Src/stm32f4xx_hal_i2c.d" -MT"Drivers/STM32F4xx_HAL_Driver/Src/stm32f4xx_hal_i2c.o" --specs=nano.specs -mfpu=fpv4-sp-d16 -mfloat-abi=hard -mthumb -o "Drivers/STM32F4xx_HAL_Driver/Src/stm32f4xx_hal_i2c.o"
arm-none-eabi-gcc "../Drivers/STM32F4xx_HAL_Driver/Src/stm32f4xx_hal_i2c_ex.c" -mcpu=cortex-m4 -std=gnu11 -g3 -DDEBUG -DUSE_HAL_DRIVER -DSTM32F446xx -c -I../Core/Inc -I../Drivers/STM32F4xx_HAL_Driver/Inc -I../Drivers/STM32F4xx_HAL_Driver/Inc/Legacy -I../Drivers/CMSIS/Device/ST/STM32F4xx/Include -I../Drivers/CMSIS/Include -O0 -ffunction-sections -fdata-sections -Wall -fstack-usage -fcyclomatic-complexity -MMD -MP -MF"Drivers/STM32F4xx_HAL_Driver/Src/stm32f4xx_hal_i2c_ex.d" -MT"Drivers/STM32F4xx_HAL_Driver/Src/stm32f4xx_hal_i2c_ex.o" --specs=nano.specs -mfpu=fpv4-sp-d16 -mfloat-abi=hard -mthumb -o "Drivers/STM32F4xx_HAL_Driver/Src/stm32f4xx_hal_i2c_ex.o"
arm-none-eabi-gcc "../Drivers/STM32F4xx_HAL_Driver/Src/stm32f4xx_hal_pcd.c" -mcpu=cortex-m4 -std=gnu11 -g3 -DDEBUG -DUSE_HAL_DRIVER -DSTM32F446xx -c -I../Core/Inc -I../Drivers/STM32F4xx_HAL_Driver/Inc -I../Drivers/STM32F4xx_HAL_Driver/Inc/Legacy -I../Drivers/CMSIS/Device/ST/STM32F4xx/Include -I../Drivers/CMSIS/Include -O0 -ffunction-sections -fdata-sections -Wall -fstack-usage -fcyclomatic-complexity -MMD -MP -MF"Drivers/STM32F4xx_HAL_Driver/Src/stm32f4xx_hal_pcd.d" -MT"Drivers/STM32F4xx_HAL_Driver/Src/stm32f4xx_hal_pcd.o" --specs=nano.specs -mfpu=fpv4-sp-d16 -mfloat-abi=hard -mthumb -o "Drivers/STM32F4xx_HAL_Driver/Src/stm32f4xx_hal_pcd.o"
arm-none-eabi-gcc "../Drivers/STM32F4xx_HAL_Driver/Src/stm32f4xx_hal_pcd_ex.c" -mcpu=cortex-m4 -std=gnu11 -g3 -DDEBUG -DUSE_HAL_DRIVER -DSTM32F446xx -c -I../Core/Inc -I../Drivers/STM32F4xx_HAL_Driver/Inc -I../Drivers/STM32F4xx_HAL_Driver/Inc/Legacy -I../Drivers/CMSIS/Device/ST/STM32F4xx/Include -I../Drivers/CMSIS/Include -O0 -ffunction-sections -fdata-sections -Wall -fstack-usage -fcyclomatic-complexity -MMD -MP -MF"Drivers/STM32F4xx_HAL_Driver/Src/stm32f4xx_hal_pcd_ex.d" -MT"Drivers/STM32F4xx_HAL_Driver/Src/stm32f4xx_hal_pcd_ex.o" --specs=nano.specs -mfpu=fpv4-sp-d16 -mfloat-abi=hard -mthumb -o "Drivers/STM32F4xx_HAL_Driver/Src/stm32f4xx_hal_pcd_ex.o"
arm-none-eabi-gcc "../Drivers/STM32F4xx_HAL_Driver/Src/stm32f4xx_hal_pwr.c" -mcpu=cortex-m4 -std=gnu11 -g3 -DDEBUG -DUSE_HAL_DRIVER -DSTM32F446xx -c -I../Core/Inc -I../Drivers/STM32F4xx_HAL_Driver/Inc -I../Drivers/STM32F4xx_HAL_Driver/Inc/Legacy -I../Drivers/CMSIS/Device/ST/STM32F4xx/Include -I../Drivers/CMSIS/Include -O0 -ffunction-sections -fdata-sections -Wall -fstack-usage -fcyclomatic-complexity -MMD -MP -MF"Drivers/STM32F4xx_HAL_Driver/Src/stm32f4xx_hal_pwr.d" -MT"Drivers/STM32F4xx_HAL_Driver/Src/stm32f4xx_hal_pwr.o" --specs=nano.specs -mfpu=fpv4-sp-d16 -mfloat-abi=hard -mthumb -o "Drivers/STM32F4xx_HAL_Driver/Src/stm32f4xx_hal_pwr.o"
arm-none-eabi-gcc "../Drivers/STM32F4xx_HAL_Driver/Src/stm32f4xx_hal_pwr_ex.c" -mcpu=cortex-m4 -std=gnu11 -g3 -DDEBUG -DUSE_HAL_DRIVER -DSTM32F446xx -c -I../Core/Inc -I../Drivers/STM32F4xx_HAL_Driver/Inc -I../Drivers/STM32F4xx_HAL_Driver/Inc/Legacy -I../Drivers/CMSIS/Device/ST/STM32F4xx/Include -I../Drivers/CMSIS/Include -O0 -ffunction-sections -fdata-sections -Wall -fstack-usage -fcyclomatic-complexity -MMD -MP -MF"Drivers/STM32F4xx_HAL_Driver/Src/stm32f4xx_hal_pwr_ex.d" -MT"Drivers/STM32F4xx_HAL_Driver/Src/stm32f4xx_hal_pwr_ex.o" --specs=nano.specs -mfpu=fpv4-sp-d16 -mfloat-abi=hard -mthumb -o "Drivers/STM32F4xx_HAL_Driver/Src/stm32f4xx_hal_pwr_ex.o"
arm-none-eabi-gcc "../Drivers/STM32F4xx_HAL_Driver/Src/stm32f4xx_hal_rcc.c" -mcpu=cortex-m4 -std=gnu11 -g3 -DDEBUG -DUSE_HAL_DRIVER -DSTM32F446xx -c -I../Core/Inc -I../Drivers/STM32F4xx_HAL_Driver/Inc -I../Drivers/STM32F4xx_HAL_Driver/Inc/Legacy -I../Drivers/CMSIS/Device/ST/STM32F4xx/Include -I../Drivers/CMSIS/Include -O0 -ffunction-sections -fdata-sections -Wall -fstack-usage -fcyclomatic-complexity -MMD -MP -MF"Drivers/STM32F4xx_HAL_Driver/Src/stm32f4xx_hal_rcc.d" -MT"Drivers/STM32F4xx_HAL_Driver/Src/stm32f4xx_hal_rcc.o" --specs=nano.specs -mfpu=fpv4-sp-d16 -mfloat-abi=hard -mthumb -o "Drivers/STM32F4xx_HAL_Driver/Src/stm32f4xx_hal_rcc.o"
arm-none-eabi-gcc "../Drivers/STM32F4xx_HAL_Driver/Src/stm32f4xx_hal_rcc_ex.c" -mcpu=cortex-m4 -std=gnu11 -g3 -DDEBUG -DUSE_HAL_DRIVER -DSTM32F446xx -c -I../Core/Inc -I../Drivers/STM32F4xx_HAL_Driver/Inc -I../Drivers/STM32F4xx_HAL_Driver/Inc/Legacy -I../Drivers/CMSIS/Device/ST/STM32F4xx/Include -I../Drivers/CMSIS/Include -O0 -ffunction-sections -fdata-sections -Wall -fstack-usage -fcyclomatic-complexity -MMD -MP -MF"Drivers/STM32F4xx_HAL_Driver/Src/stm32f4xx_hal_rcc_ex.d" -MT"Drivers/STM32F4xx_HAL_Driver/Src/stm32f4xx_hal_rcc_ex.o" --specs=nano.specs -mfpu=fpv4-sp-d16 -mfloat-abi=hard -mthumb -o "Drivers/STM32F4xx_HAL_Driver/Src/stm32f4xx_hal_rcc_ex.o"
arm-none-eabi-gcc "../Drivers/STM32F4xx_HAL_Driver/Src/stm32f4xx_hal_uart.c" -mcpu=cortex-m4 -std=gnu11 -g3 -DDEBUG -DUSE_HAL_DRIVER -DSTM32F446xx -c -I../Core/Inc -I../Drivers/STM32F4xx_HAL_Driver/Inc -I../Drivers/STM32F4xx_HAL_Driver/Inc/Legacy -I../Drivers/CMSIS/Device/ST/STM32F4xx/Include -I../Drivers/CMSIS/Include -O0 -ffunction-sections -fdata-sections -Wall -fstack-usage -fcyclomatic-complexity -MMD -MP -MF"Drivers/STM32F4xx_HAL_Driver/Src/stm32f4xx_hal_uart.d" -MT"Drivers/STM32F4xx_HAL_Driver/Src/stm32f4xx_hal_uart.o" --specs=nano.specs -mfpu=fpv4-sp-d16 -mfloat-abi=hard -mthumb -o "Drivers/STM32F4xx_HAL_Driver/Src/stm32f4xx_hal_uart.o"
arm-none-eabi-gcc "../Drivers/STM32F4xx_HAL_Driver/Src/stm32f4xx_ll_usb.c" -mcpu=cortex-m4 -std=gnu11 -g3 -DDEBUG -DUSE_HAL_DRIVER -DSTM32F446xx -c -I../Core/Inc -I../Drivers/STM32F4xx_HAL_Driver/Inc -I../Drivers/STM32F4xx_HAL_Driver/Inc/Legacy -I../Drivers/CMSIS/Device/ST/STM32F4xx/Include -I../Drivers/CMSIS/Include -O0 -ffunction-sections -fdata-sections -Wall -fstack-usage -fcyclomatic-complexity -MMD -MP -MF"Drivers/STM32F4xx_HAL_Driver/Src/stm32f4xx_ll_usb.d" -MT"Drivers/STM32F4xx_HAL_Driver/Src/stm32f4xx_ll_usb.o" --specs=nano.specs -mfpu=fpv4-sp-d16 -mfloat-abi=hard -mthumb -o "Drivers/STM32F4xx_HAL_Driver/Src/stm32f4xx_ll_usb.o"
arm-none-eabi-gcc -mcpu=cortex-m4 -g3 -DDEBUG -c -x assembler-with-cpp -MMD -MP -MF"Core/Startup/startup_stm32f446retx.d" -MT"Core/Startup/startup_stm32f446retx.o" --specs=nano.specs -mfpu=fpv4-sp-d16 -mfloat-abi=hard -mthumb -o "Core/Startup/startup_stm32f446retx.o" "../Core/Startup/startup_stm32f446retx.s"
arm-none-eabi-gcc "../Core/Src/dma.c" -mcpu=cortex-m4 -std=gnu11 -g3 -DDEBUG -DUSE_HAL_DRIVER -DSTM32F446xx -c -I../Core/Inc -I../Drivers/STM32F4xx_HAL_Driver/Inc -I../Drivers/STM32F4xx_HAL_Driver/Inc/Legacy -I../Drivers/CMSIS/Device/ST/STM32F4xx/Include -I../Drivers/CMSIS/Include -O0 -ffunction-sections -fdata-sections -Wall -fstack-usage -fcyclomatic-complexity -MMD -MP -MF"Core/Src/dma.d" -MT"Core/Src/dma.o" --specs=nano.specs -mfpu=fpv4-sp-d16 -mfloat-abi=hard -mthumb -o "Core/Src/dma.o"
arm-none-eabi-gcc "../Core/Src/gpio.c" -mcpu=cortex-m4 -std=gnu11 -g3 -DDEBUG -DUSE_HAL_DRIVER -DSTM32F446xx -c -I../Core/Inc -I../Drivers/STM32F4xx_HAL_Driver/Inc -I../Drivers/STM32F4xx_HAL_Driver/Inc/Legacy -I../Drivers/CMSIS/Device/ST/STM32F4xx/Include -I../Drivers/CMSIS/Include -O0 -ffunction-sections -fdata-sections -Wall -fstack-usage -fcyclomatic-complexity -MMD -MP -MF"Core/Src/gpio.d" -MT"Core/Src/gpio.o" --specs=nano.specs -mfpu=fpv4-sp-d16 -mfloat-abi=hard -mthumb -o "Core/Src/gpio.o"
arm-none-eabi-gcc "../Core/Src/i2c.c" -mcpu=cortex-m4 -std=gnu11 -g3 -DDEBUG -DUSE_HAL_DRIVER -DSTM32F446xx -c -I../Core/Inc -I../Drivers/STM32F4xx_HAL_Driver/Inc -I../Drivers/STM32F4xx_HAL_Driver/Inc/Legacy -I../Drivers/CMSIS/Device/ST/STM32F4xx/Include -I../Drivers/CMSIS/Include -O0 -ffunction-sections -fdata-sections -Wall -fstack-usage -fcyclomatic-complexity -MMD -MP -MF"Core/Src/i2c.d" -MT"Core/Src/i2c.o" --specs=nano.specs -mfpu=fpv4-sp-d16 -mfloat-abi=hard -mthumb -o "Core/Src/i2c.o"
arm-none-eabi-gcc "../Core/Src/main.c" -mcpu=cortex-m4 -std=gnu11 -g3 -DDEBUG -DUSE_HAL_DRIVER -DSTM32F446xx -c -I../Core/Inc -I../Drivers/STM32F4xx_HAL_Driver/Inc -I../Drivers/STM32F4xx_HAL_Driver/Inc/Legacy -I../Drivers/CMSIS/Device/ST/STM32F4xx/Include -I../Drivers/CMSIS/Include -O0 -ffunction-sections -fdata-sections -Wall -fstack-usage -fcyclomatic-complexity -MMD -MP -MF"Core/Src/main.d" -MT"Core/Src/main.o" --specs=nano.specs -mfpu=fpv4-sp-d16 -mfloat-abi=hard -mthumb -o "Core/Src/main.o"
arm-none-eabi-gcc "../Core/Src/stm32f4xx_hal_msp.c" -mcpu=cortex-m4 -std=gnu11 -g3 -DDEBUG -DUSE_HAL_DRIVER -DSTM32F446xx -c -I../Core/Inc -I../Drivers/STM32F4xx_HAL_Driver/Inc -I../Drivers/STM32F4xx_HAL_Driver/Inc/Legacy -I../Drivers/CMSIS/Device/ST/STM32F4xx/Include -I../Drivers/CMSIS/Include -O0 -ffunction-sections -fdata-sections -Wall -fstack-usage -fcyclomatic-complexity -MMD -MP -MF"Core/Src/stm32f4xx_hal_msp.d" -MT"Core/Src/stm32f4xx_hal_msp.o" --specs=nano.specs -mfpu=fpv4-sp-d16 -mfloat-abi=hard -mthumb -o "Core/Src/stm32f4xx_hal_msp.o"
arm-none-eabi-gcc "../Core/Src/stm32f4xx_it.c" -mcpu=cortex-m4 -std=gnu11 -g3 -DDEBUG -DUSE_HAL_DRIVER -DSTM32F446xx -c -I../Core/Inc -I../Drivers/STM32F4xx_HAL_Driver/Inc -I../Drivers/STM32F4xx_HAL_Driver/Inc/Legacy -I../Drivers/CMSIS/Device/ST/STM32F4xx/Include -I../Drivers/CMSIS/Include -O0 -ffunction-sections -fdata-sections -Wall -fstack-usage -fcyclomatic-complexity -MMD -MP -MF"Core/Src/stm32f4xx_it.d" -MT"Core/Src/stm32f4xx_it.o" --specs=nano.specs -mfpu=fpv4-sp-d16 -mfloat-abi=hard -mthumb -o "Core/Src/stm32f4xx_it.o"
arm-none-eabi-gcc "../Core/Src/syscalls.c" -mcpu=cortex-m4 -std=gnu11 -g3 -DDEBUG -DUSE_HAL_DRIVER -DSTM32F446xx -c -I../Core/Inc -I../Drivers/STM32F4xx_HAL_Driver/Inc -I../Drivers/STM32F4xx_HAL_Driver/Inc/Legacy -I../Drivers/CMSIS/Device/ST/STM32F4xx/Include -I../Drivers/CMSIS/Include -O0 -ffunction-sections -fdata-sections -Wall -fstack-usage -fcyclomatic-complexity -MMD -MP -MF"Core/Src/syscalls.d" -MT"Core/Src/syscalls.o" --specs=nano.specs -mfpu=fpv4-sp-d16 -mfloat-abi=hard -mthumb -o "Core/Src/syscalls.o"
arm-none-eabi-gcc "../Core/Src/sysmem.c" -mcpu=cortex-m4 -std=gnu11 -g3 -DDEBUG -DUSE_HAL_DRIVER -DSTM32F446xx -c -I../Core/Inc -I../Drivers/STM32F4xx_HAL_Driver/Inc -I../Drivers/STM32F4xx_HAL_Driver/Inc/Legacy -I../Drivers/CMSIS/Device/ST/STM32F4xx/Include -I../Drivers/CMSIS/Include -O0 -ffunction-sections -fdata-sections -Wall -fstack-usage -fcyclomatic-complexity -MMD -MP -MF"Core/Src/sysmem.d" -MT"Core/Src/sysmem.o" --specs=nano.specs -mfpu=fpv4-sp-d16 -mfloat-abi=hard -mthumb -o "Core/Src/sysmem.o"
arm-none-eabi-gcc "../Core/Src/system_stm32f4xx.c" -mcpu=cortex-m4 -std=gnu11 -g3 -DDEBUG -DUSE_HAL_DRIVER -DSTM32F446xx -c -I../Core/Inc -I../Drivers/STM32F4xx_HAL_Driver/Inc -I../Drivers/STM32F4xx_HAL_Driver/Inc/Legacy -I../Drivers/CMSIS/Device/ST/STM32F4xx/Include -I../Drivers/CMSIS/Include -O0 -ffunction-sections -fdata-sections -Wall -fstack-usage -fcyclomatic-complexity -MMD -MP -MF"Core/Src/system_stm32f4xx.d" -MT"Core/Src/system_stm32f4xx.o" --specs=nano.specs -mfpu=fpv4-sp-d16 -mfloat-abi=hard -mthumb -o "Core/Src/system_stm32f4xx.o"
arm-none-eabi-gcc "../Core/Src/usart.c" -mcpu=cortex-m4 -std=gnu11 -g3 -DDEBUG -DUSE_HAL_DRIVER -DSTM32F446xx -c -I../Core/Inc -I../Drivers/STM32F4xx_HAL_Driver/Inc -I../Drivers/STM32F4xx_HAL_Driver/Inc/Legacy -I../Drivers/CMSIS/Device/ST/STM32F4xx/Include -I../Drivers/CMSIS/Include -O0 -ffunction-sections -fdata-sections -Wall -fstack-usage -fcyclomatic-complexity -MMD -MP -MF"Core/Src/usart.d" -MT"Core/Src/usart.o" --specs=nano.specs -mfpu=fpv4-sp-d16 -mfloat-abi=hard -mthumb -o "Core/Src/usart.o"
arm-none-eabi-gcc "../Core/Src/usb_otg.c" -mcpu=cortex-m4 -std=gnu11 -g3 -DDEBUG -DUSE_HAL_DRIVER -DSTM32F446xx -c -I../Core/Inc -I../Drivers/STM32F4xx_HAL_Driver/Inc -I../Drivers/STM32F4xx_HAL_Driver/Inc/Legacy -I../Drivers/CMSIS/Device/ST/STM32F4xx/Include -I../Drivers/CMSIS/Include -O0 -ffunction-sections -fdata-sections -Wall -fstack-usage -fcyclomatic-complexity -MMD -MP -MF"Core/Src/usb_otg.d" -MT"Core/Src/usb_otg.o" --specs=nano.specs -mfpu=fpv4-sp-d16 -mfloat-abi=hard -mthumb -o "Core/Src/usb_otg.o"
arm-none-eabi-gcc -o "integration_elec_slave.elf" @"objects.list"   -mcpu=cortex-m4 -T"C:\MEC8370\integration_elec\PI4\code_integration_elec\onboard\STM32F446RETX_FLASH.ld" --specs=nosys.specs -Wl,-Map="integration_elec_slave.map" -Wl,--gc-sections -static --specs=nano.specs -mfpu=fpv4-sp-d16 -mfloat-abi=hard -mthumb -Wl,--start-group -lc -lm -Wl,--end-group
Finished building target: integration_elec_slave.elf
 
arm-none-eabi-size  integration_elec_slave.elf 
arm-none-eabi-objdump -h -S integration_elec_slave.elf  > "integration_elec_slave.list"
   text	   data	    bss	    dec	    hex	filename
  15864	     12	   3364	  19240	   4b28	integration_elec_slave.elf
Finished building: default.size.stdout
 
Finished building: integration_elec_slave.list
 
23:59:43 **** Clean-only build of configuration Debug for project E11_COM ****
make -j20 clean 
rm -rf ./USB_DEVICE/Target/usbd_conf.cyclo ./USB_DEVICE/Target/usbd_conf.d ./USB_DEVICE/Target/usbd_conf.o ./USB_DEVICE/Target/usbd_conf.su
rm -rf ./USB_DEVICE/App/usb_device.cyclo ./USB_DEVICE/App/usb_device.d ./USB_DEVICE/App/usb_device.o ./USB_DEVICE/App/usb_device.su ./USB_DEVICE/App/usbd_cdc_if.cyclo ./USB_DEVICE/App/usbd_cdc_if.d ./USB_DEVICE/App/usbd_cdc_if.o ./USB_DEVICE/App/usbd_cdc_if.su ./USB_DEVICE/App/usbd_desc.cyclo ./USB_DEVICE/App/usbd_desc.d ./USB_DEVICE/App/usbd_desc.o ./USB_DEVICE/App/usbd_desc.su
rm -rf ./Services/Interpreter/CanMain/Transmit/TransmitCanMain.cyclo ./Services/Interpreter/CanMain/Transmit/TransmitCanMain.d ./Services/Interpreter/CanMain/Transmit/TransmitCanMain.o ./Services/Interpreter/CanMain/Transmit/TransmitCanMain.su
rm -rf ./Services/Interpreter/CanMain/Reception/ReceptionCanMain.cyclo ./Services/Interpreter/CanMain/Reception/ReceptionCanMain.d ./Services/Interpreter/CanMain/Reception/ReceptionCanMain.o ./Services/Interpreter/CanMain/Reception/ReceptionCanMain.su
rm -rf ./Services/Interpreter/Interpreter.cyclo ./Services/Interpreter/Interpreter.d ./Services/Interpreter/Interpreter.o ./Services/Interpreter/Interpreter.su
rm -rf ./Middlewares/Third_Party/FatFs/src/option/syscall.cyclo ./Middlewares/Third_Party/FatFs/src/option/syscall.d ./Middlewares/Third_Party/FatFs/src/option/syscall.o ./Middlewares/Third_Party/FatFs/src/option/syscall.su
rm -rf ./Middlewares/Third_Party/FatFs/src/diskio.cyclo ./Middlewares/Third_Party/FatFs/src/diskio.d ./Middlewares/Third_Party/FatFs/src/diskio.o ./Middlewares/Third_Party/FatFs/src/diskio.su ./Middlewares/Third_Party/FatFs/src/ff.cyclo ./Middlewares/Third_Party/FatFs/src/ff.d ./Middlewares/Third_Party/FatFs/src/ff.o ./Middlewares/Third_Party/FatFs/src/ff.su ./Middlewares/Third_Party/FatFs/src/ff_gen_drv.cyclo ./Middlewares/Third_Party/FatFs/src/ff_gen_drv.d ./Middlewares/Third_Party/FatFs/src/ff_gen_drv.o ./Middlewares/Third_Party/FatFs/src/ff_gen_drv.su
rm -rf ./Middlewares/ST/STM32_USB_Device_Library/Core/Src/usbd_core.cyclo ./Middlewares/ST/STM32_USB_Device_Library/Core/Src/usbd_core.d ./Middlewares/ST/STM32_USB_Device_Library/Core/Src/usbd_core.o ./Middlewares/ST/STM32_USB_Device_Library/Core/Src/usbd_core.su ./Middlewares/ST/STM32_USB_Device_Library/Core/Src/usbd_ctlreq.cyclo ./Middlewares/ST/STM32_USB_Device_Library/Core/Src/usbd_ctlreq.d ./Middlewares/ST/STM32_USB_Device_Library/Core/Src/usbd_ctlreq.o ./Middlewares/ST/STM32_USB_Device_Library/Core/Src/usbd_ctlreq.su ./Middlewares/ST/STM32_USB_Device_Library/Core/Src/usbd_ioreq.cyclo ./Middlewares/ST/STM32_USB_Device_Library/Core/Src/usbd_ioreq.d ./Middlewares/ST/STM32_USB_Device_Library/Core/Src/usbd_ioreq.o ./Middlewares/ST/STM32_USB_Device_Library/Core/Src/usbd_ioreq.su
rm -rf ./Middlewares/ST/STM32_USB_Device_Library/Class/CDC/Src/usbd_cdc.cyclo ./Middlewares/ST/STM32_USB_Device_Library/Class/CDC/Src/usbd_cdc.d ./Middlewares/ST/STM32_USB_Device_Library/Class/CDC/Src/usbd_cdc.o ./Middlewares/ST/STM32_USB_Device_Library/Class/CDC/Src/usbd_cdc.su
rm -rf ./FATFS/Target/bsp_driver_sd.cyclo ./FATFS/Target/bsp_driver_sd.d ./FATFS/Target/bsp_driver_sd.o ./FATFS/Target/bsp_driver_sd.su ./FATFS/Target/fatfs_platform.cyclo ./FATFS/Target/fatfs_platform.d ./FATFS/Target/fatfs_platform.o ./FATFS/Target/fatfs_platform.su ./FATFS/Target/sd_diskio.cyclo ./FATFS/Target/sd_diskio.d ./FATFS/Target/sd_diskio.o ./FATFS/Target/sd_diskio.su
rm -rf ./FATFS/App/fatfs.cyclo ./FATFS/App/fatfs.d ./FATFS/App/fatfs.o ./FATFS/App/fatfs.su
rm -rf ./Drivers/STM32F4xx_HAL_Driver/Src/stm32f4xx_hal.cyclo ./Drivers/STM32F4xx_HAL_Driver/Src/stm32f4xx_hal.d ./Drivers/STM32F4xx_HAL_Driver/Src/stm32f4xx_hal.o ./Drivers/STM32F4xx_HAL_Driver/Src/stm32f4xx_hal.su ./Drivers/STM32F4xx_HAL_Driver/Src/stm32f4xx_hal_adc.cyclo ./Drivers/STM32F4xx_HAL_Driver/Src/stm32f4xx_hal_adc.d ./Drivers/STM32F4xx_HAL_Driver/Src/stm32f4xx_hal_adc.o ./Drivers/STM32F4xx_HAL_Driver/Src/stm32f4xx_hal_adc.su ./Drivers/STM32F4xx_HAL_Driver/Src/stm32f4xx_hal_adc_ex.cyclo ./Drivers/STM32F4xx_HAL_Driver/Src/stm32f4xx_hal_adc_ex.d ./Drivers/STM32F4xx_HAL_Driver/Src/stm32f4xx_hal_adc_ex.o ./Drivers/STM32F4xx_HAL_Driver/Src/stm32f4xx_hal_adc_ex.su ./Drivers/STM32F4xx_HAL_Driver/Src/stm32f4xx_hal_can.cyclo ./Drivers/STM32F4xx_HAL_Driver/Src/stm32f4xx_hal_can.d ./Drivers/STM32F4xx_HAL_Driver/Src/stm32f4xx_hal_can.o ./Drivers/STM32F4xx_HAL_Driver/Src/stm32f4xx_hal_can.su ./Drivers/STM32F4xx_HAL_Driver/Src/stm32f4xx_hal_cortex.cyclo ./Drivers/STM32F4xx_HAL_Driver/Src/stm32f4xx_hal_cortex.d ./Drivers/STM32F4xx_HAL_Driver/Src/stm32f4xx_hal_cortex.o ./Drivers/STM32F4xx_HAL_Driver/Src/stm32f4xx_hal_cortex.su ./Drivers/STM32F4xx_HAL_Driver/Src/stm32f4xx_hal_dma.cyclo ./Drivers/STM32F4xx_HAL_Driver/Src/stm32f4xx_hal_dma.d ./Drivers/STM32F4xx_HAL_Driver/Src/stm32f4xx_hal_dma.o ./Drivers/STM32F4xx_HAL_Driver/Src/stm32f4xx_hal_dma.su ./Drivers/STM32F4xx_HAL_Driver/Src/stm32f4xx_hal_dma_ex.cyclo ./Drivers/STM32F4xx_HAL_Driver/Src/stm32f4xx_hal_dma_ex.d ./Drivers/STM32F4xx_HAL_Driver/Src/stm32f4xx_hal_dma_ex.o ./Drivers/STM32F4xx_HAL_Driver/Src/stm32f4xx_hal_dma_ex.su ./Drivers/STM32F4xx_HAL_Driver/Src/stm32f4xx_hal_exti.cyclo ./Drivers/STM32F4xx_HAL_Driver/Src/stm32f4xx_hal_exti.d ./Drivers/STM32F4xx_HAL_Driver/Src/stm32f4xx_hal_exti.o ./Drivers/STM32F4xx_HAL_Driver/Src/stm32f4xx_hal_exti.su ./Drivers/STM32F4xx_HAL_Driver/Src/stm32f4xx_hal_flash.cyclo ./Drivers/STM32F4xx_HAL_Driver/Src/stm32f4xx_hal_flash.d ./Drivers/STM32F4xx_HAL_Driver/Src/stm32f4xx_hal_flash.o ./Drivers/STM32F4xx_HAL_Driver/Src/stm32f4xx_hal_flash.su ./Drivers/STM32F4xx_HAL_Driver/Src/stm32f4xx_hal_flash_ex.cyclo ./Drivers/STM32F4xx_HAL_Driver/Src/stm32f4xx_hal_flash_ex.d ./Drivers/STM32F4xx_HAL_Driver/Src/stm32f4xx_hal_flash_ex.o ./Drivers/STM32F4xx_HAL_Driver/Src/stm32f4xx_hal_flash_ex.su ./Drivers/STM32F4xx_HAL_Driver/Src/stm32f4xx_hal_flash_ramfunc.cyclo ./Drivers/STM32F4xx_HAL_Driver/Src/stm32f4xx_hal_flash_ramfunc.d ./Drivers/STM32F4xx_HAL_Driver/Src/stm32f4xx_hal_flash_ramfunc.o ./Drivers/STM32F4xx_HAL_Driver/Src/stm32f4xx_hal_flash_ramfunc.su ./Drivers/STM32F4xx_HAL_Driver/Src/stm32f4xx_hal_gpio.cyclo ./Drivers/STM32F4xx_HAL_Driver/Src/stm32f4xx_hal_gpio.d ./Drivers/STM32F4xx_HAL_Driver/Src/stm32f4xx_hal_gpio.o ./Drivers/STM32F4xx_HAL_Driver/Src/stm32f4xx_hal_gpio.su ./Drivers/STM32F4xx_HAL_Driver/Src/stm32f4xx_hal_i2c.cyclo ./Drivers/STM32F4xx_HAL_Driver/Src/stm32f4xx_hal_i2c.d ./Drivers/STM32F4xx_HAL_Driver/Src/stm32f4xx_hal_i2c.o ./Drivers/STM32F4xx_HAL_Driver/Src/stm32f4xx_hal_i2c.su ./Drivers/STM32F4xx_HAL_Driver/Src/stm32f4xx_hal_i2c_ex.cyclo ./Drivers/STM32F4xx_HAL_Driver/Src/stm32f4xx_hal_i2c_ex.d ./Drivers/STM32F4xx_HAL_Driver/Src/stm32f4xx_hal_i2c_ex.o ./Drivers/STM32F4xx_HAL_Driver/Src/stm32f4xx_hal_i2c_ex.su ./Drivers/STM32F4xx_HAL_Driver/Src/stm32f4xx_hal_iwdg.cyclo ./Drivers/STM32F4xx_HAL_Driver/Src/stm32f4xx_hal_iwdg.d ./Drivers/STM32F4xx_HAL_Driver/Src/stm32f4xx_hal_iwdg.o ./Drivers/STM32F4xx_HAL_Driver/Src/stm32f4xx_hal_iwdg.su ./Drivers/STM32F4xx_HAL_Driver/Src/stm32f4xx_hal_pcd.cyclo ./Drivers/STM32F4xx_HAL_Driver/Src/stm32f4xx_hal_pcd.d ./Drivers/STM32F4xx_HAL_Driver/Src/stm32f4xx_hal_pcd.o ./Drivers/STM32F4xx_HAL_Driver/Src/stm32f4xx_hal_pcd.su ./Drivers/STM32F4xx_HAL_Driver/Src/stm32f4xx_hal_pcd_ex.cyclo ./Drivers/STM32F4xx_HAL_Driver/Src/stm32f4xx_hal_pcd_ex.d ./Drivers/STM32F4xx_HAL_Driver/Src/stm32f4xx_hal_pcd_ex.o ./Drivers/STM32F4xx_HAL_Driver/Src/stm32f4xx_hal_pcd_ex.su ./Drivers/STM32F4xx_HAL_Driver/Src/stm32f4xx_hal_pwr.cyclo ./Drivers/STM32F4xx_HAL_Driver/Src/stm32f4xx_hal_pwr.d ./Drivers/STM32F4xx_HAL_Driver/Src/stm32f4xx_hal_pwr.o ./Drivers/STM32F4xx_HAL_Driver/Src/stm32f4xx_hal_pwr.su ./Drivers/STM32F4xx_HAL_Driver/Src/stm32f4xx_hal_pwr_ex.cyclo ./Drivers/STM32F4xx_HAL_Driver/Src/stm32f4xx_hal_pwr_ex.d ./Drivers/STM32F4xx_HAL_Driver/Src/stm32f4xx_hal_pwr_ex.o ./Drivers/STM32F4xx_HAL_Driver/Src/stm32f4xx_hal_pwr_ex.su ./Drivers/STM32F4xx_HAL_Driver/Src/stm32f4xx_hal_rcc.cyclo ./Drivers/STM32F4xx_HAL_Driver/Src/stm32f4xx_hal_rcc.d ./Drivers/STM32F4xx_HAL_Driver/Src/stm32f4xx_hal_rcc.o ./Drivers/STM32F4xx_HAL_Driver/Src/stm32f4xx_hal_rcc.su ./Drivers/STM32F4xx_HAL_Driver/Src/stm32f4xx_hal_rcc_ex.cyclo ./Drivers/STM32F4xx_HAL_Driver/Src/stm32f4xx_hal_rcc_ex.d ./Drivers/STM32F4xx_HAL_Driver/Src/stm32f4xx_hal_rcc_ex.o ./Drivers/STM32F4xx_HAL_Driver/Src/stm32f4xx_hal_rcc_ex.su ./Drivers/STM32F4xx_HAL_Driver/Src/stm32f4xx_hal_sd.cyclo ./Drivers/STM32F4xx_HAL_Driver/Src/stm32f4xx_hal_sd.d ./Drivers/STM32F4xx_HAL_Driver/Src/stm32f4xx_hal_sd.o ./Drivers/STM32F4xx_HAL_Driver/Src/stm32f4xx_hal_sd.su ./Drivers/STM32F4xx_HAL_Driver/Src/stm32f4xx_hal_tim.cyclo ./Drivers/STM32F4xx_HAL_Driver/Src/stm32f4xx_hal_tim.d ./Drivers/STM32F4xx_HAL_Driver/Src/stm32f4xx_hal_tim.o ./Drivers/STM32F4xx_HAL_Driver/Src/stm32f4xx_hal_tim.su ./Drivers/STM32F4xx_HAL_Driver/Src/stm32f4xx_hal_tim_ex.cyclo ./Drivers/STM32F4xx_HAL_Driver/Src/stm32f4xx_hal_tim_ex.d ./Drivers/STM32F4xx_HAL_Driver/Src/stm32f4xx_hal_tim_ex.o ./Drivers/STM32F4xx_HAL_Driver/Src/stm32f4xx_hal_tim_ex.su ./Drivers/STM32F4xx_HAL_Driver/Src/stm32f4xx_hal_uart.cyclo ./Drivers/STM32F4xx_HAL_Driver/Src/stm32f4xx_hal_uart.d ./Drivers/STM32F4xx_HAL_Driver/Src/stm32f4xx_hal_uart.o ./Drivers/STM32F4xx_HAL_Driver/Src/stm32f4xx_hal_uart.su ./Drivers/STM32F4xx_HAL_Driver/Src/stm32f4xx_ll_adc.cyclo ./Drivers/STM32F4xx_HAL_Driver/Src/stm32f4xx_ll_adc.d ./Drivers/STM32F4xx_HAL_Driver/Src/stm32f4xx_ll_adc.o
rm -rf ./Core/Startup/startup_stm32f446retx.d ./Core/Startup/startup_stm32f446retx.o
rm -rf ./Core/Src/adc.cyclo ./Core/Src/adc.d ./Core/Src/adc.o ./Core/Src/adc.su ./Core/Src/can.cyclo ./Core/Src/can.d ./Core/Src/can.o ./Core/Src/can.su ./Core/Src/dma.cyclo ./Core/Src/dma.d ./Core/Src/dma.o ./Core/Src/dma.su ./Core/Src/gpio.cyclo ./Core/Src/gpio.d ./Core/Src/gpio.o ./Core/Src/gpio.su ./Core/Src/i2c.cyclo ./Core/Src/i2c.d ./Core/Src/i2c.o ./Core/Src/i2c.su ./Core/Src/iwdg.cyclo ./Core/Src/iwdg.d ./Core/Src/iwdg.o ./Core/Src/iwdg.su ./Core/Src/main.cyclo ./Core/Src/main.d ./Core/Src/main.o ./Core/Src/main.su ./Core/Src/sdio.cyclo ./Core/Src/sdio.d ./Core/Src/sdio.o ./Core/Src/sdio.su ./Core/Src/stm32f4xx_hal_msp.cyclo ./Core/Src/stm32f4xx_hal_msp.d ./Core/Src/stm32f4xx_hal_msp.o ./Core/Src/stm32f4xx_hal_msp.su ./Core/Src/stm32f4xx_it.cyclo ./Core/Src/stm32f4xx_it.d ./Core/Src/stm32f4xx_it.o ./Core/Src/stm32f4xx_it.su ./Core/Src/syscalls.cyclo ./Core/Src/syscalls.d ./Core/Src/syscalls.o ./Core/Src/syscalls.su ./Core/Src/sysmem.cyclo ./Core/Src/sysmem.d ./Core/Src/sysmem.o ./Core/Src/sysmem.su ./Core/Src/system_stm32f4xx.cyclo ./Core/Src/system_stm32f4xx.d ./Core/Src/system_stm32f4xx.o ./Core/Src/system_stm32f4xx.su ./Core/Src/usart.cyclo ./Core/Src/usart.d ./Core/Src/usart.o ./Core/Src/usart.su
rm -rf ./Drivers/STM32F4xx_HAL_Driver/Src/stm32f4xx_ll_adc.su ./Drivers/STM32F4xx_HAL_Driver/Src/stm32f4xx_ll_sdmmc.cyclo ./Drivers/STM32F4xx_HAL_Driver/Src/stm32f4xx_ll_sdmmc.d ./Drivers/STM32F4xx_HAL_Driver/Src/stm32f4xx_ll_sdmmc.o ./Drivers/STM32F4xx_HAL_Driver/Src/stm32f4xx_ll_sdmmc.su ./Drivers/STM32F4xx_HAL_Driver/Src/stm32f4xx_ll_usb.cyclo ./Drivers/STM32F4xx_HAL_Driver/Src/stm32f4xx_ll_usb.d ./Drivers/STM32F4xx_HAL_Driver/Src/stm32f4xx_ll_usb.o ./Drivers/STM32F4xx_HAL_Driver/Src/stm32f4xx_ll_usb.su
rm -rf E11_COM.elf E11_COM.list E11_COM.map default.size.stdout
 
23:59:43 **** Build of configuration Debug for project E11_COM ****
make -j20 all 
arm-none-eabi-gcc "../USB_DEVICE/Target/usbd_conf.c" -mcpu=cortex-m4 -std=gnu11 -g3 -DDEBUG -DUSE_HAL_DRIVER -DSTM32F446xx -DCAN_USE_PORT1 -DCOM_BOARD -DSTM32Esteban -c -I../Core/Inc -I../FATFS/Target -I../FATFS/App -I../Drivers/STM32F4xx_HAL_Driver/Inc -I../Drivers/STM32F4xx_HAL_Driver/Inc/Legacy -I../Drivers/CMSIS/Device/ST/STM32F4xx/Include -I../Drivers/CMSIS/Include -I"C:/E11_ELEC_Git/07-COM/Firmware/COM_Code/v2/Middlewares/ST/STM32_USB_Device_Library/Core/Inc" -I"C:/E11_ELEC_Git/07-COM/Firmware/COM_Code/v2/Middlewares/ST/STM32_USB_Device_Library/Class/CDC/Inc" -I"C:/E11_ELEC_Git/07-COM/Firmware/COM_Code/v2/Middlewares/Third_Party/FatFs/src" -I../Middlewares/Third_Party/FatFs/src -I"C:/E11_ELEC_Git/07-COM/Firmware/COM_Code/v2/Services/Interpreter/Config" -I"C:/E11_ELEC_Git/07-COM/Firmware/COM_Code/v2/Services/Interpreter" -I"C:/E11_ELEC_Git/07-COM/Firmware/COM_Code/v2/Services/HW_Config" -I"C:/E11_ELEC_Git/07-COM/Firmware/COM_Code/v2/Services/Interpreter/CanMain/Reception" -I"C:/E11_ELEC_Git/07-COM/Firmware/COM_Code/v2/Services/Interpreter/CanMain/Transmit" -I../USB_DEVICE/App -I../USB_DEVICE/Target -I../Middlewares/ST/STM32_USB_Device_Library/Core/Inc -I../Middlewares/ST/STM32_USB_Device_Library/Class/CDC/Inc -I"C:/E11_ELEC_Git/07-COM/Firmware/COM_Code/v2/E11_Library/BoardID" -I"C:/E11_ELEC_Git/07-COM/Firmware/COM_Code/v2/E11_Library/Can2Def" -I"C:/E11_ELEC_Git/07-COM/Firmware/COM_Code/v2/E11_Library/CanDef" -I"C:/E11_ELEC_Git/07-COM/Firmware/COM_Code/v2/E11_Library/Cobs" -I"C:/E11_ELEC_Git/07-COM/Firmware/COM_Code/v2/E11_Library/Eeprom" -I"C:/E11_ELEC_Git/07-COM/Firmware/COM_Code/v2/E11_Library/ErrorDef/Legacy" -I"C:/E11_ELEC_Git/07-COM/Firmware/COM_Code/v2/E11_Library/EstebanCAN" -I"C:/E11_ELEC_Git/07-COM/Firmware/COM_Code/v2/E11_Library/EstebanCOM" -I"C:/E11_ELEC_Git/07-COM/Firmware/COM_Code/v2/E11_Library/EstebanSystem" -I"C:/E11_ELEC_Git/07-COM/Firmware/COM_Code/v2/E11_Library/EstebanUSB" -I"C:/E11_ELEC_Git/07-COM/Firmware/COM_Code/v2/E11_Library/Parameters" -I"C:/E11_ELEC_Git/07-COM/Firmware/COM_Code/v2/E11_Library/Serial" -I"C:/E11_ELEC_Git/07-COM/Firmware/COM_Code/v2/E11_Library/SystemErrors" -I"C:/E11_ELEC_Git/07-COM/Firmware/COM_Code/v2/E11_Library/Timer" -I"C:/E11_ELEC_Git/07-COM/Firmware/COM_Code/v2/E11_Library/Global" -I"C:/E11_ELEC_Git/07-COM/Firmware/COM_Code/v2/Services/CommunicationController/Inc" -I"C:/E11_ELEC_Git/07-COM/Firmware/COM_Code/v2/Services/CommunicationController/Src" -I"C:/E11_ELEC_Git/07-COM/Firmware/COM_Code/v2/Services/Gps/Inc" -I"C:/E11_ELEC_Git/07-COM/Firmware/COM_Code/v2/Services/Gps/Src" -I"C:/E11_ELEC_Git/07-COM/Firmware/COM_Code/v2/Services/uSD_card/Inc" -I"C:/E11_ELEC_Git/07-COM/Firmware/COM_Code/v2/Services/uSD_card/Src" -I"C:/E11_ELEC_Git/07-COM/Firmware/COM_Code/v2/Services/XbeeLTE/Inc" -I"C:/E11_ELEC_Git/07-COM/Firmware/COM_Code/v2/Services/XbeeLTE/Src" -I"C:/E11_ELEC_Git/07-COM/Firmware/COM_Code/v2/Services/XbeeRF/Inc" -I"C:/E11_ELEC_Git/07-COM/Firmware/COM_Code/v2/Services/XbeeRF/Src" -O0 -ffunction-sections -fdata-sections -Wall -fstack-usage -fcyclomatic-complexity -MMD -MP -MF"USB_DEVICE/Target/usbd_conf.d" -MT"USB_DEVICE/Target/usbd_conf.o" --specs=nano.specs -mfpu=fpv4-sp-d16 -mfloat-abi=hard -mthumb -o "USB_DEVICE/Target/usbd_conf.o"
arm-none-eabi-gcc "../USB_DEVICE/App/usb_device.c" -mcpu=cortex-m4 -std=gnu11 -g3 -DDEBUG -DUSE_HAL_DRIVER -DSTM32F446xx -DCAN_USE_PORT1 -DCOM_BOARD -DSTM32Esteban -c -I../Core/Inc -I../FATFS/Target -I../FATFS/App -I../Drivers/STM32F4xx_HAL_Driver/Inc -I../Drivers/STM32F4xx_HAL_Driver/Inc/Legacy -I../Drivers/CMSIS/Device/ST/STM32F4xx/Include -I../Drivers/CMSIS/Include -I"C:/E11_ELEC_Git/07-COM/Firmware/COM_Code/v2/Middlewares/ST/STM32_USB_Device_Library/Core/Inc" -I"C:/E11_ELEC_Git/07-COM/Firmware/COM_Code/v2/Middlewares/ST/STM32_USB_Device_Library/Class/CDC/Inc" -I"C:/E11_ELEC_Git/07-COM/Firmware/COM_Code/v2/Middlewares/Third_Party/FatFs/src" -I../Middlewares/Third_Party/FatFs/src -I"C:/E11_ELEC_Git/07-COM/Firmware/COM_Code/v2/Services/Interpreter/Config" -I"C:/E11_ELEC_Git/07-COM/Firmware/COM_Code/v2/Services/Interpreter" -I"C:/E11_ELEC_Git/07-COM/Firmware/COM_Code/v2/Services/HW_Config" -I"C:/E11_ELEC_Git/07-COM/Firmware/COM_Code/v2/Services/Interpreter/CanMain/Reception" -I"C:/E11_ELEC_Git/07-COM/Firmware/COM_Code/v2/Services/Interpreter/CanMain/Transmit" -I../USB_DEVICE/App -I../USB_DEVICE/Target -I../Middlewares/ST/STM32_USB_Device_Library/Core/Inc -I../Middlewares/ST/STM32_USB_Device_Library/Class/CDC/Inc -I"C:/E11_ELEC_Git/07-COM/Firmware/COM_Code/v2/E11_Library/BoardID" -I"C:/E11_ELEC_Git/07-COM/Firmware/COM_Code/v2/E11_Library/Can2Def" -I"C:/E11_ELEC_Git/07-COM/Firmware/COM_Code/v2/E11_Library/CanDef" -I"C:/E11_ELEC_Git/07-COM/Firmware/COM_Code/v2/E11_Library/Cobs" -I"C:/E11_ELEC_Git/07-COM/Firmware/COM_Code/v2/E11_Library/Eeprom" -I"C:/E11_ELEC_Git/07-COM/Firmware/COM_Code/v2/E11_Library/ErrorDef/Legacy" -I"C:/E11_ELEC_Git/07-COM/Firmware/COM_Code/v2/E11_Library/EstebanCAN" -I"C:/E11_ELEC_Git/07-COM/Firmware/COM_Code/v2/E11_Library/EstebanCOM" -I"C:/E11_ELEC_Git/07-COM/Firmware/COM_Code/v2/E11_Library/EstebanSystem" -I"C:/E11_ELEC_Git/07-COM/Firmware/COM_Code/v2/E11_Library/EstebanUSB" -I"C:/E11_ELEC_Git/07-COM/Firmware/COM_Code/v2/E11_Library/Parameters" -I"C:/E11_ELEC_Git/07-COM/Firmware/COM_Code/v2/E11_Library/Serial" -I"C:/E11_ELEC_Git/07-COM/Firmware/COM_Code/v2/E11_Library/SystemErrors" -I"C:/E11_ELEC_Git/07-COM/Firmware/COM_Code/v2/E11_Library/Timer" -I"C:/E11_ELEC_Git/07-COM/Firmware/COM_Code/v2/E11_Library/Global" -I"C:/E11_ELEC_Git/07-COM/Firmware/COM_Code/v2/Services/CommunicationController/Inc" -I"C:/E11_ELEC_Git/07-COM/Firmware/COM_Code/v2/Services/CommunicationController/Src" -I"C:/E11_ELEC_Git/07-COM/Firmware/COM_Code/v2/Services/Gps/Inc" -I"C:/E11_ELEC_Git/07-COM/Firmware/COM_Code/v2/Services/Gps/Src" -I"C:/E11_ELEC_Git/07-COM/Firmware/COM_Code/v2/Services/uSD_card/Inc" -I"C:/E11_ELEC_Git/07-COM/Firmware/COM_Code/v2/Services/uSD_card/Src" -I"C:/E11_ELEC_Git/07-COM/Firmware/COM_Code/v2/Services/XbeeLTE/Inc" -I"C:/E11_ELEC_Git/07-COM/Firmware/COM_Code/v2/Services/XbeeLTE/Src" -I"C:/E11_ELEC_Git/07-COM/Firmware/COM_Code/v2/Services/XbeeRF/Inc" -I"C:/E11_ELEC_Git/07-COM/Firmware/COM_Code/v2/Services/XbeeRF/Src" -O0 -ffunction-sections -fdata-sections -Wall -fstack-usage -fcyclomatic-complexity -MMD -MP -MF"USB_DEVICE/App/usb_device.d" -MT"USB_DEVICE/App/usb_device.o" --specs=nano.specs -mfpu=fpv4-sp-d16 -mfloat-abi=hard -mthumb -o "USB_DEVICE/App/usb_device.o"
arm-none-eabi-gcc "../USB_DEVICE/App/usbd_cdc_if.c" -mcpu=cortex-m4 -std=gnu11 -g3 -DDEBUG -DUSE_HAL_DRIVER -DSTM32F446xx -DCAN_USE_PORT1 -DCOM_BOARD -DSTM32Esteban -c -I../Core/Inc -I../FATFS/Target -I../FATFS/App -I../Drivers/STM32F4xx_HAL_Driver/Inc -I../Drivers/STM32F4xx_HAL_Driver/Inc/Legacy -I../Drivers/CMSIS/Device/ST/STM32F4xx/Include -I../Drivers/CMSIS/Include -I"C:/E11_ELEC_Git/07-COM/Firmware/COM_Code/v2/Middlewares/ST/STM32_USB_Device_Library/Core/Inc" -I"C:/E11_ELEC_Git/07-COM/Firmware/COM_Code/v2/Middlewares/ST/STM32_USB_Device_Library/Class/CDC/Inc" -I"C:/E11_ELEC_Git/07-COM/Firmware/COM_Code/v2/Middlewares/Third_Party/FatFs/src" -I../Middlewares/Third_Party/FatFs/src -I"C:/E11_ELEC_Git/07-COM/Firmware/COM_Code/v2/Services/Interpreter/Config" -I"C:/E11_ELEC_Git/07-COM/Firmware/COM_Code/v2/Services/Interpreter" -I"C:/E11_ELEC_Git/07-COM/Firmware/COM_Code/v2/Services/HW_Config" -I"C:/E11_ELEC_Git/07-COM/Firmware/COM_Code/v2/Services/Interpreter/CanMain/Reception" -I"C:/E11_ELEC_Git/07-COM/Firmware/COM_Code/v2/Services/Interpreter/CanMain/Transmit" -I../USB_DEVICE/App -I../USB_DEVICE/Target -I../Middlewares/ST/STM32_USB_Device_Library/Core/Inc -I../Middlewares/ST/STM32_USB_Device_Library/Class/CDC/Inc -I"C:/E11_ELEC_Git/07-COM/Firmware/COM_Code/v2/E11_Library/BoardID" -I"C:/E11_ELEC_Git/07-COM/Firmware/COM_Code/v2/E11_Library/Can2Def" -I"C:/E11_ELEC_Git/07-COM/Firmware/COM_Code/v2/E11_Library/CanDef" -I"C:/E11_ELEC_Git/07-COM/Firmware/COM_Code/v2/E11_Library/Cobs" -I"C:/E11_ELEC_Git/07-COM/Firmware/COM_Code/v2/E11_Library/Eeprom" -I"C:/E11_ELEC_Git/07-COM/Firmware/COM_Code/v2/E11_Library/ErrorDef/Legacy" -I"C:/E11_ELEC_Git/07-COM/Firmware/COM_Code/v2/E11_Library/EstebanCAN" -I"C:/E11_ELEC_Git/07-COM/Firmware/COM_Code/v2/E11_Library/EstebanCOM" -I"C:/E11_ELEC_Git/07-COM/Firmware/COM_Code/v2/E11_Library/EstebanSystem" -I"C:/E11_ELEC_Git/07-COM/Firmware/COM_Code/v2/E11_Library/EstebanUSB" -I"C:/E11_ELEC_Git/07-COM/Firmware/COM_Code/v2/E11_Library/Parameters" -I"C:/E11_ELEC_Git/07-COM/Firmware/COM_Code/v2/E11_Library/Serial" -I"C:/E11_ELEC_Git/07-COM/Firmware/COM_Code/v2/E11_Library/SystemErrors" -I"C:/E11_ELEC_Git/07-COM/Firmware/COM_Code/v2/E11_Library/Timer" -I"C:/E11_ELEC_Git/07-COM/Firmware/COM_Code/v2/E11_Library/Global" -I"C:/E11_ELEC_Git/07-COM/Firmware/COM_Code/v2/Services/CommunicationController/Inc" -I"C:/E11_ELEC_Git/07-COM/Firmware/COM_Code/v2/Services/CommunicationController/Src" -I"C:/E11_ELEC_Git/07-COM/Firmware/COM_Code/v2/Services/Gps/Inc" -I"C:/E11_ELEC_Git/07-COM/Firmware/COM_Code/v2/Services/Gps/Src" -I"C:/E11_ELEC_Git/07-COM/Firmware/COM_Code/v2/Services/uSD_card/Inc" -I"C:/E11_ELEC_Git/07-COM/Firmware/COM_Code/v2/Services/uSD_card/Src" -I"C:/E11_ELEC_Git/07-COM/Firmware/COM_Code/v2/Services/XbeeLTE/Inc" -I"C:/E11_ELEC_Git/07-COM/Firmware/COM_Code/v2/Services/XbeeLTE/Src" -I"C:/E11_ELEC_Git/07-COM/Firmware/COM_Code/v2/Services/XbeeRF/Inc" -I"C:/E11_ELEC_Git/07-COM/Firmware/COM_Code/v2/Services/XbeeRF/Src" -O0 -ffunction-sections -fdata-sections -Wall -fstack-usage -fcyclomatic-complexity -MMD -MP -MF"USB_DEVICE/App/usbd_cdc_if.d" -MT"USB_DEVICE/App/usbd_cdc_if.o" --specs=nano.specs -mfpu=fpv4-sp-d16 -mfloat-abi=hard -mthumb -o "USB_DEVICE/App/usbd_cdc_if.o"
arm-none-eabi-gcc "../USB_DEVICE/App/usbd_desc.c" -mcpu=cortex-m4 -std=gnu11 -g3 -DDEBUG -DUSE_HAL_DRIVER -DSTM32F446xx -DCAN_USE_PORT1 -DCOM_BOARD -DSTM32Esteban -c -I../Core/Inc -I../FATFS/Target -I../FATFS/App -I../Drivers/STM32F4xx_HAL_Driver/Inc -I../Drivers/STM32F4xx_HAL_Driver/Inc/Legacy -I../Drivers/CMSIS/Device/ST/STM32F4xx/Include -I../Drivers/CMSIS/Include -I"C:/E11_ELEC_Git/07-COM/Firmware/COM_Code/v2/Middlewares/ST/STM32_USB_Device_Library/Core/Inc" -I"C:/E11_ELEC_Git/07-COM/Firmware/COM_Code/v2/Middlewares/ST/STM32_USB_Device_Library/Class/CDC/Inc" -I"C:/E11_ELEC_Git/07-COM/Firmware/COM_Code/v2/Middlewares/Third_Party/FatFs/src" -I../Middlewares/Third_Party/FatFs/src -I"C:/E11_ELEC_Git/07-COM/Firmware/COM_Code/v2/Services/Interpreter/Config" -I"C:/E11_ELEC_Git/07-COM/Firmware/COM_Code/v2/Services/Interpreter" -I"C:/E11_ELEC_Git/07-COM/Firmware/COM_Code/v2/Services/HW_Config" -I"C:/E11_ELEC_Git/07-COM/Firmware/COM_Code/v2/Services/Interpreter/CanMain/Reception" -I"C:/E11_ELEC_Git/07-COM/Firmware/COM_Code/v2/Services/Interpreter/CanMain/Transmit" -I../USB_DEVICE/App -I../USB_DEVICE/Target -I../Middlewares/ST/STM32_USB_Device_Library/Core/Inc -I../Middlewares/ST/STM32_USB_Device_Library/Class/CDC/Inc -I"C:/E11_ELEC_Git/07-COM/Firmware/COM_Code/v2/E11_Library/BoardID" -I"C:/E11_ELEC_Git/07-COM/Firmware/COM_Code/v2/E11_Library/Can2Def" -I"C:/E11_ELEC_Git/07-COM/Firmware/COM_Code/v2/E11_Library/CanDef" -I"C:/E11_ELEC_Git/07-COM/Firmware/COM_Code/v2/E11_Library/Cobs" -I"C:/E11_ELEC_Git/07-COM/Firmware/COM_Code/v2/E11_Library/Eeprom" -I"C:/E11_ELEC_Git/07-COM/Firmware/COM_Code/v2/E11_Library/ErrorDef/Legacy" -I"C:/E11_ELEC_Git/07-COM/Firmware/COM_Code/v2/E11_Library/EstebanCAN" -I"C:/E11_ELEC_Git/07-COM/Firmware/COM_Code/v2/E11_Library/EstebanCOM" -I"C:/E11_ELEC_Git/07-COM/Firmware/COM_Code/v2/E11_Library/EstebanSystem" -I"C:/E11_ELEC_Git/07-COM/Firmware/COM_Code/v2/E11_Library/EstebanUSB" -I"C:/E11_ELEC_Git/07-COM/Firmware/COM_Code/v2/E11_Library/Parameters" -I"C:/E11_ELEC_Git/07-COM/Firmware/COM_Code/v2/E11_Library/Serial" -I"C:/E11_ELEC_Git/07-COM/Firmware/COM_Code/v2/E11_Library/SystemErrors" -I"C:/E11_ELEC_Git/07-COM/Firmware/COM_Code/v2/E11_Library/Timer" -I"C:/E11_ELEC_Git/07-COM/Firmware/COM_Code/v2/E11_Library/Global" -I"C:/E11_ELEC_Git/07-COM/Firmware/COM_Code/v2/Services/CommunicationController/Inc" -I"C:/E11_ELEC_Git/07-COM/Firmware/COM_Code/v2/Services/CommunicationController/Src" -I"C:/E11_ELEC_Git/07-COM/Firmware/COM_Code/v2/Services/Gps/Inc" -I"C:/E11_ELEC_Git/07-COM/Firmware/COM_Code/v2/Services/Gps/Src" -I"C:/E11_ELEC_Git/07-COM/Firmware/COM_Code/v2/Services/uSD_card/Inc" -I"C:/E11_ELEC_Git/07-COM/Firmware/COM_Code/v2/Services/uSD_card/Src" -I"C:/E11_ELEC_Git/07-COM/Firmware/COM_Code/v2/Services/XbeeLTE/Inc" -I"C:/E11_ELEC_Git/07-COM/Firmware/COM_Code/v2/Services/XbeeLTE/Src" -I"C:/E11_ELEC_Git/07-COM/Firmware/COM_Code/v2/Services/XbeeRF/Inc" -I"C:/E11_ELEC_Git/07-COM/Firmware/COM_Code/v2/Services/XbeeRF/Src" -O0 -ffunction-sections -fdata-sections -Wall -fstack-usage -fcyclomatic-complexity -MMD -MP -MF"USB_DEVICE/App/usbd_desc.d" -MT"USB_DEVICE/App/usbd_desc.o" --specs=nano.specs -mfpu=fpv4-sp-d16 -mfloat-abi=hard -mthumb -o "USB_DEVICE/App/usbd_desc.o"
arm-none-eabi-gcc "../Services/uSD_card/Src/uSD_card.c" -mcpu=cortex-m4 -std=gnu11 -g3 -DDEBUG -DUSE_HAL_DRIVER -DSTM32F446xx -DCAN_USE_PORT1 -DCOM_BOARD -DSTM32Esteban -c -I../Core/Inc -I../FATFS/Target -I../FATFS/App -I../Drivers/STM32F4xx_HAL_Driver/Inc -I../Drivers/STM32F4xx_HAL_Driver/Inc/Legacy -I../Drivers/CMSIS/Device/ST/STM32F4xx/Include -I../Drivers/CMSIS/Include -I"C:/E11_ELEC_Git/07-COM/Firmware/COM_Code/v2/Middlewares/ST/STM32_USB_Device_Library/Core/Inc" -I"C:/E11_ELEC_Git/07-COM/Firmware/COM_Code/v2/Middlewares/ST/STM32_USB_Device_Library/Class/CDC/Inc" -I"C:/E11_ELEC_Git/07-COM/Firmware/COM_Code/v2/Middlewares/Third_Party/FatFs/src" -I../Middlewares/Third_Party/FatFs/src -I"C:/E11_ELEC_Git/07-COM/Firmware/COM_Code/v2/Services/Interpreter/Config" -I"C:/E11_ELEC_Git/07-COM/Firmware/COM_Code/v2/Services/Interpreter" -I"C:/E11_ELEC_Git/07-COM/Firmware/COM_Code/v2/Services/HW_Config" -I"C:/E11_ELEC_Git/07-COM/Firmware/COM_Code/v2/Services/Interpreter/CanMain/Reception" -I"C:/E11_ELEC_Git/07-COM/Firmware/COM_Code/v2/Services/Interpreter/CanMain/Transmit" -I../USB_DEVICE/App -I../USB_DEVICE/Target -I../Middlewares/ST/STM32_USB_Device_Library/Core/Inc -I../Middlewares/ST/STM32_USB_Device_Library/Class/CDC/Inc -I"C:/E11_ELEC_Git/07-COM/Firmware/COM_Code/v2/E11_Library/BoardID" -I"C:/E11_ELEC_Git/07-COM/Firmware/COM_Code/v2/E11_Library/Can2Def" -I"C:/E11_ELEC_Git/07-COM/Firmware/COM_Code/v2/E11_Library/CanDef" -I"C:/E11_ELEC_Git/07-COM/Firmware/COM_Code/v2/E11_Library/Cobs" -I"C:/E11_ELEC_Git/07-COM/Firmware/COM_Code/v2/E11_Library/Eeprom" -I"C:/E11_ELEC_Git/07-COM/Firmware/COM_Code/v2/E11_Library/ErrorDef/Legacy" -I"C:/E11_ELEC_Git/07-COM/Firmware/COM_Code/v2/E11_Library/EstebanCAN" -I"C:/E11_ELEC_Git/07-COM/Firmware/COM_Code/v2/E11_Library/EstebanCOM" -I"C:/E11_ELEC_Git/07-COM/Firmware/COM_Code/v2/E11_Library/EstebanSystem" -I"C:/E11_ELEC_Git/07-COM/Firmware/COM_Code/v2/E11_Library/EstebanUSB" -I"C:/E11_ELEC_Git/07-COM/Firmware/COM_Code/v2/E11_Library/Parameters" -I"C:/E11_ELEC_Git/07-COM/Firmware/COM_Code/v2/E11_Library/Serial" -I"C:/E11_ELEC_Git/07-COM/Firmware/COM_Code/v2/E11_Library/SystemErrors" -I"C:/E11_ELEC_Git/07-COM/Firmware/COM_Code/v2/E11_Library/Timer" -I"C:/E11_ELEC_Git/07-COM/Firmware/COM_Code/v2/E11_Library/Global" -I"C:/E11_ELEC_Git/07-COM/Firmware/COM_Code/v2/Services/CommunicationController/Inc" -I"C:/E11_ELEC_Git/07-COM/Firmware/COM_Code/v2/Services/CommunicationController/Src" -I"C:/E11_ELEC_Git/07-COM/Firmware/COM_Code/v2/Services/Gps/Inc" -I"C:/E11_ELEC_Git/07-COM/Firmware/COM_Code/v2/Services/Gps/Src" -I"C:/E11_ELEC_Git/07-COM/Firmware/COM_Code/v2/Services/uSD_card/Inc" -I"C:/E11_ELEC_Git/07-COM/Firmware/COM_Code/v2/Services/uSD_card/Src" -I"C:/E11_ELEC_Git/07-COM/Firmware/COM_Code/v2/Services/XbeeLTE/Inc" -I"C:/E11_ELEC_Git/07-COM/Firmware/COM_Code/v2/Services/XbeeLTE/Src" -I"C:/E11_ELEC_Git/07-COM/Firmware/COM_Code/v2/Services/XbeeRF/Inc" -I"C:/E11_ELEC_Git/07-COM/Firmware/COM_Code/v2/Services/XbeeRF/Src" -O0 -ffunction-sections -fdata-sections -Wall -fstack-usage -fcyclomatic-complexity -MMD -MP -MF"Services/uSD_card/Src/uSD_card.d" -MT"Services/uSD_card/Src/uSD_card.o" --specs=nano.specs -mfpu=fpv4-sp-d16 -mfloat-abi=hard -mthumb -o "Services/uSD_card/Src/uSD_card.o"
arm-none-eabi-gcc "../Services/XbeeRF/Src/RF_Reception.c" -mcpu=cortex-m4 -std=gnu11 -g3 -DDEBUG -DUSE_HAL_DRIVER -DSTM32F446xx -DCAN_USE_PORT1 -DCOM_BOARD -DSTM32Esteban -c -I../Core/Inc -I../FATFS/Target -I../FATFS/App -I../Drivers/STM32F4xx_HAL_Driver/Inc -I../Drivers/STM32F4xx_HAL_Driver/Inc/Legacy -I../Drivers/CMSIS/Device/ST/STM32F4xx/Include -I../Drivers/CMSIS/Include -I"C:/E11_ELEC_Git/07-COM/Firmware/COM_Code/v2/Middlewares/ST/STM32_USB_Device_Library/Core/Inc" -I"C:/E11_ELEC_Git/07-COM/Firmware/COM_Code/v2/Middlewares/ST/STM32_USB_Device_Library/Class/CDC/Inc" -I"C:/E11_ELEC_Git/07-COM/Firmware/COM_Code/v2/Middlewares/Third_Party/FatFs/src" -I../Middlewares/Third_Party/FatFs/src -I"C:/E11_ELEC_Git/07-COM/Firmware/COM_Code/v2/Services/Interpreter/Config" -I"C:/E11_ELEC_Git/07-COM/Firmware/COM_Code/v2/Services/Interpreter" -I"C:/E11_ELEC_Git/07-COM/Firmware/COM_Code/v2/Services/HW_Config" -I"C:/E11_ELEC_Git/07-COM/Firmware/COM_Code/v2/Services/Interpreter/CanMain/Reception" -I"C:/E11_ELEC_Git/07-COM/Firmware/COM_Code/v2/Services/Interpreter/CanMain/Transmit" -I../USB_DEVICE/App -I../USB_DEVICE/Target -I../Middlewares/ST/STM32_USB_Device_Library/Core/Inc -I../Middlewares/ST/STM32_USB_Device_Library/Class/CDC/Inc -I"C:/E11_ELEC_Git/07-COM/Firmware/COM_Code/v2/E11_Library/BoardID" -I"C:/E11_ELEC_Git/07-COM/Firmware/COM_Code/v2/E11_Library/Can2Def" -I"C:/E11_ELEC_Git/07-COM/Firmware/COM_Code/v2/E11_Library/CanDef" -I"C:/E11_ELEC_Git/07-COM/Firmware/COM_Code/v2/E11_Library/Cobs" -I"C:/E11_ELEC_Git/07-COM/Firmware/COM_Code/v2/E11_Library/Eeprom" -I"C:/E11_ELEC_Git/07-COM/Firmware/COM_Code/v2/E11_Library/ErrorDef/Legacy" -I"C:/E11_ELEC_Git/07-COM/Firmware/COM_Code/v2/E11_Library/EstebanCAN" -I"C:/E11_ELEC_Git/07-COM/Firmware/COM_Code/v2/E11_Library/EstebanCOM" -I"C:/E11_ELEC_Git/07-COM/Firmware/COM_Code/v2/E11_Library/EstebanSystem" -I"C:/E11_ELEC_Git/07-COM/Firmware/COM_Code/v2/E11_Library/EstebanUSB" -I"C:/E11_ELEC_Git/07-COM/Firmware/COM_Code/v2/E11_Library/Parameters" -I"C:/E11_ELEC_Git/07-COM/Firmware/COM_Code/v2/E11_Library/Serial" -I"C:/E11_ELEC_Git/07-COM/Firmware/COM_Code/v2/E11_Library/SystemErrors" -I"C:/E11_ELEC_Git/07-COM/Firmware/COM_Code/v2/E11_Library/Timer" -I"C:/E11_ELEC_Git/07-COM/Firmware/COM_Code/v2/E11_Library/Global" -I"C:/E11_ELEC_Git/07-COM/Firmware/COM_Code/v2/Services/CommunicationController/Inc" -I"C:/E11_ELEC_Git/07-COM/Firmware/COM_Code/v2/Services/CommunicationController/Src" -I"C:/E11_ELEC_Git/07-COM/Firmware/COM_Code/v2/Services/Gps/Inc" -I"C:/E11_ELEC_Git/07-COM/Firmware/COM_Code/v2/Services/Gps/Src" -I"C:/E11_ELEC_Git/07-COM/Firmware/COM_Code/v2/Services/uSD_card/Inc" -I"C:/E11_ELEC_Git/07-COM/Firmware/COM_Code/v2/Services/uSD_card/Src" -I"C:/E11_ELEC_Git/07-COM/Firmware/COM_Code/v2/Services/XbeeLTE/Inc" -I"C:/E11_ELEC_Git/07-COM/Firmware/COM_Code/v2/Services/XbeeLTE/Src" -I"C:/E11_ELEC_Git/07-COM/Firmware/COM_Code/v2/Services/XbeeRF/Inc" -I"C:/E11_ELEC_Git/07-COM/Firmware/COM_Code/v2/Services/XbeeRF/Src" -O0 -ffunction-sections -fdata-sections -Wall -fstack-usage -fcyclomatic-complexity -MMD -MP -MF"Services/XbeeRF/Src/RF_Reception.d" -MT"Services/XbeeRF/Src/RF_Reception.o" --specs=nano.specs -mfpu=fpv4-sp-d16 -mfloat-abi=hard -mthumb -o "Services/XbeeRF/Src/RF_Reception.o"
arm-none-eabi-gcc "../Services/XbeeRF/Src/RF_Transmission.c" -mcpu=cortex-m4 -std=gnu11 -g3 -DDEBUG -DUSE_HAL_DRIVER -DSTM32F446xx -DCAN_USE_PORT1 -DCOM_BOARD -DSTM32Esteban -c -I../Core/Inc -I../FATFS/Target -I../FATFS/App -I../Drivers/STM32F4xx_HAL_Driver/Inc -I../Drivers/STM32F4xx_HAL_Driver/Inc/Legacy -I../Drivers/CMSIS/Device/ST/STM32F4xx/Include -I../Drivers/CMSIS/Include -I"C:/E11_ELEC_Git/07-COM/Firmware/COM_Code/v2/Middlewares/ST/STM32_USB_Device_Library/Core/Inc" -I"C:/E11_ELEC_Git/07-COM/Firmware/COM_Code/v2/Middlewares/ST/STM32_USB_Device_Library/Class/CDC/Inc" -I"C:/E11_ELEC_Git/07-COM/Firmware/COM_Code/v2/Middlewares/Third_Party/FatFs/src" -I../Middlewares/Third_Party/FatFs/src -I"C:/E11_ELEC_Git/07-COM/Firmware/COM_Code/v2/Services/Interpreter/Config" -I"C:/E11_ELEC_Git/07-COM/Firmware/COM_Code/v2/Services/Interpreter" -I"C:/E11_ELEC_Git/07-COM/Firmware/COM_Code/v2/Services/HW_Config" -I"C:/E11_ELEC_Git/07-COM/Firmware/COM_Code/v2/Services/Interpreter/CanMain/Reception" -I"C:/E11_ELEC_Git/07-COM/Firmware/COM_Code/v2/Services/Interpreter/CanMain/Transmit" -I../USB_DEVICE/App -I../USB_DEVICE/Target -I../Middlewares/ST/STM32_USB_Device_Library/Core/Inc -I../Middlewares/ST/STM32_USB_Device_Library/Class/CDC/Inc -I"C:/E11_ELEC_Git/07-COM/Firmware/COM_Code/v2/E11_Library/BoardID" -I"C:/E11_ELEC_Git/07-COM/Firmware/COM_Code/v2/E11_Library/Can2Def" -I"C:/E11_ELEC_Git/07-COM/Firmware/COM_Code/v2/E11_Library/CanDef" -I"C:/E11_ELEC_Git/07-COM/Firmware/COM_Code/v2/E11_Library/Cobs" -I"C:/E11_ELEC_Git/07-COM/Firmware/COM_Code/v2/E11_Library/Eeprom" -I"C:/E11_ELEC_Git/07-COM/Firmware/COM_Code/v2/E11_Library/ErrorDef/Legacy" -I"C:/E11_ELEC_Git/07-COM/Firmware/COM_Code/v2/E11_Library/EstebanCAN" -I"C:/E11_ELEC_Git/07-COM/Firmware/COM_Code/v2/E11_Library/EstebanCOM" -I"C:/E11_ELEC_Git/07-COM/Firmware/COM_Code/v2/E11_Library/EstebanSystem" -I"C:/E11_ELEC_Git/07-COM/Firmware/COM_Code/v2/E11_Library/EstebanUSB" -I"C:/E11_ELEC_Git/07-COM/Firmware/COM_Code/v2/E11_Library/Parameters" -I"C:/E11_ELEC_Git/07-COM/Firmware/COM_Code/v2/E11_Library/Serial" -I"C:/E11_ELEC_Git/07-COM/Firmware/COM_Code/v2/E11_Library/SystemErrors" -I"C:/E11_ELEC_Git/07-COM/Firmware/COM_Code/v2/E11_Library/Timer" -I"C:/E11_ELEC_Git/07-COM/Firmware/COM_Code/v2/E11_Library/Global" -I"C:/E11_ELEC_Git/07-COM/Firmware/COM_Code/v2/Services/CommunicationController/Inc" -I"C:/E11_ELEC_Git/07-COM/Firmware/COM_Code/v2/Services/CommunicationController/Src" -I"C:/E11_ELEC_Git/07-COM/Firmware/COM_Code/v2/Services/Gps/Inc" -I"C:/E11_ELEC_Git/07-COM/Firmware/COM_Code/v2/Services/Gps/Src" -I"C:/E11_ELEC_Git/07-COM/Firmware/COM_Code/v2/Services/uSD_card/Inc" -I"C:/E11_ELEC_Git/07-COM/Firmware/COM_Code/v2/Services/uSD_card/Src" -I"C:/E11_ELEC_Git/07-COM/Firmware/COM_Code/v2/Services/XbeeLTE/Inc" -I"C:/E11_ELEC_Git/07-COM/Firmware/COM_Code/v2/Services/XbeeLTE/Src" -I"C:/E11_ELEC_Git/07-COM/Firmware/COM_Code/v2/Services/XbeeRF/Inc" -I"C:/E11_ELEC_Git/07-COM/Firmware/COM_Code/v2/Services/XbeeRF/Src" -O0 -ffunction-sections -fdata-sections -Wall -fstack-usage -fcyclomatic-complexity -MMD -MP -MF"Services/XbeeRF/Src/RF_Transmission.d" -MT"Services/XbeeRF/Src/RF_Transmission.o" --specs=nano.specs -mfpu=fpv4-sp-d16 -mfloat-abi=hard -mthumb -o "Services/XbeeRF/Src/RF_Transmission.o"
arm-none-eabi-gcc "../Services/XbeeRF/Src/XbeeRF.c" -mcpu=cortex-m4 -std=gnu11 -g3 -DDEBUG -DUSE_HAL_DRIVER -DSTM32F446xx -DCAN_USE_PORT1 -DCOM_BOARD -DSTM32Esteban -c -I../Core/Inc -I../FATFS/Target -I../FATFS/App -I../Drivers/STM32F4xx_HAL_Driver/Inc -I../Drivers/STM32F4xx_HAL_Driver/Inc/Legacy -I../Drivers/CMSIS/Device/ST/STM32F4xx/Include -I../Drivers/CMSIS/Include -I"C:/E11_ELEC_Git/07-COM/Firmware/COM_Code/v2/Middlewares/ST/STM32_USB_Device_Library/Core/Inc" -I"C:/E11_ELEC_Git/07-COM/Firmware/COM_Code/v2/Middlewares/ST/STM32_USB_Device_Library/Class/CDC/Inc" -I"C:/E11_ELEC_Git/07-COM/Firmware/COM_Code/v2/Middlewares/Third_Party/FatFs/src" -I../Middlewares/Third_Party/FatFs/src -I"C:/E11_ELEC_Git/07-COM/Firmware/COM_Code/v2/Services/Interpreter/Config" -I"C:/E11_ELEC_Git/07-COM/Firmware/COM_Code/v2/Services/Interpreter" -I"C:/E11_ELEC_Git/07-COM/Firmware/COM_Code/v2/Services/HW_Config" -I"C:/E11_ELEC_Git/07-COM/Firmware/COM_Code/v2/Services/Interpreter/CanMain/Reception" -I"C:/E11_ELEC_Git/07-COM/Firmware/COM_Code/v2/Services/Interpreter/CanMain/Transmit" -I../USB_DEVICE/App -I../USB_DEVICE/Target -I../Middlewares/ST/STM32_USB_Device_Library/Core/Inc -I../Middlewares/ST/STM32_USB_Device_Library/Class/CDC/Inc -I"C:/E11_ELEC_Git/07-COM/Firmware/COM_Code/v2/E11_Library/BoardID" -I"C:/E11_ELEC_Git/07-COM/Firmware/COM_Code/v2/E11_Library/Can2Def" -I"C:/E11_ELEC_Git/07-COM/Firmware/COM_Code/v2/E11_Library/CanDef" -I"C:/E11_ELEC_Git/07-COM/Firmware/COM_Code/v2/E11_Library/Cobs" -I"C:/E11_ELEC_Git/07-COM/Firmware/COM_Code/v2/E11_Library/Eeprom" -I"C:/E11_ELEC_Git/07-COM/Firmware/COM_Code/v2/E11_Library/ErrorDef/Legacy" -I"C:/E11_ELEC_Git/07-COM/Firmware/COM_Code/v2/E11_Library/EstebanCAN" -I"C:/E11_ELEC_Git/07-COM/Firmware/COM_Code/v2/E11_Library/EstebanCOM" -I"C:/E11_ELEC_Git/07-COM/Firmware/COM_Code/v2/E11_Library/EstebanSystem" -I"C:/E11_ELEC_Git/07-COM/Firmware/COM_Code/v2/E11_Library/EstebanUSB" -I"C:/E11_ELEC_Git/07-COM/Firmware/COM_Code/v2/E11_Library/Parameters" -I"C:/E11_ELEC_Git/07-COM/Firmware/COM_Code/v2/E11_Library/Serial" -I"C:/E11_ELEC_Git/07-COM/Firmware/COM_Code/v2/E11_Library/SystemErrors" -I"C:/E11_ELEC_Git/07-COM/Firmware/COM_Code/v2/E11_Library/Timer" -I"C:/E11_ELEC_Git/07-COM/Firmware/COM_Code/v2/E11_Library/Global" -I"C:/E11_ELEC_Git/07-COM/Firmware/COM_Code/v2/Services/CommunicationController/Inc" -I"C:/E11_ELEC_Git/07-COM/Firmware/COM_Code/v2/Services/CommunicationController/Src" -I"C:/E11_ELEC_Git/07-COM/Firmware/COM_Code/v2/Services/Gps/Inc" -I"C:/E11_ELEC_Git/07-COM/Firmware/COM_Code/v2/Services/Gps/Src" -I"C:/E11_ELEC_Git/07-COM/Firmware/COM_Code/v2/Services/uSD_card/Inc" -I"C:/E11_ELEC_Git/07-COM/Firmware/COM_Code/v2/Services/uSD_card/Src" -I"C:/E11_ELEC_Git/07-COM/Firmware/COM_Code/v2/Services/XbeeLTE/Inc" -I"C:/E11_ELEC_Git/07-COM/Firmware/COM_Code/v2/Services/XbeeLTE/Src" -I"C:/E11_ELEC_Git/07-COM/Firmware/COM_Code/v2/Services/XbeeRF/Inc" -I"C:/E11_ELEC_Git/07-COM/Firmware/COM_Code/v2/Services/XbeeRF/Src" -O0 -ffunction-sections -fdata-sections -Wall -fstack-usage -fcyclomatic-complexity -MMD -MP -MF"Services/XbeeRF/Src/XbeeRF.d" -MT"Services/XbeeRF/Src/XbeeRF.o" --specs=nano.specs -mfpu=fpv4-sp-d16 -mfloat-abi=hard -mthumb -o "Services/XbeeRF/Src/XbeeRF.o"
arm-none-eabi-gcc "../Services/XbeeLTE/Src/LTE_Reception.c" -mcpu=cortex-m4 -std=gnu11 -g3 -DDEBUG -DUSE_HAL_DRIVER -DSTM32F446xx -DCAN_USE_PORT1 -DCOM_BOARD -DSTM32Esteban -c -I../Core/Inc -I../FATFS/Target -I../FATFS/App -I../Drivers/STM32F4xx_HAL_Driver/Inc -I../Drivers/STM32F4xx_HAL_Driver/Inc/Legacy -I../Drivers/CMSIS/Device/ST/STM32F4xx/Include -I../Drivers/CMSIS/Include -I"C:/E11_ELEC_Git/07-COM/Firmware/COM_Code/v2/Middlewares/ST/STM32_USB_Device_Library/Core/Inc" -I"C:/E11_ELEC_Git/07-COM/Firmware/COM_Code/v2/Middlewares/ST/STM32_USB_Device_Library/Class/CDC/Inc" -I"C:/E11_ELEC_Git/07-COM/Firmware/COM_Code/v2/Middlewares/Third_Party/FatFs/src" -I../Middlewares/Third_Party/FatFs/src -I"C:/E11_ELEC_Git/07-COM/Firmware/COM_Code/v2/Services/Interpreter/Config" -I"C:/E11_ELEC_Git/07-COM/Firmware/COM_Code/v2/Services/Interpreter" -I"C:/E11_ELEC_Git/07-COM/Firmware/COM_Code/v2/Services/HW_Config" -I"C:/E11_ELEC_Git/07-COM/Firmware/COM_Code/v2/Services/Interpreter/CanMain/Reception" -I"C:/E11_ELEC_Git/07-COM/Firmware/COM_Code/v2/Services/Interpreter/CanMain/Transmit" -I../USB_DEVICE/App -I../USB_DEVICE/Target -I../Middlewares/ST/STM32_USB_Device_Library/Core/Inc -I../Middlewares/ST/STM32_USB_Device_Library/Class/CDC/Inc -I"C:/E11_ELEC_Git/07-COM/Firmware/COM_Code/v2/E11_Library/BoardID" -I"C:/E11_ELEC_Git/07-COM/Firmware/COM_Code/v2/E11_Library/Can2Def" -I"C:/E11_ELEC_Git/07-COM/Firmware/COM_Code/v2/E11_Library/CanDef" -I"C:/E11_ELEC_Git/07-COM/Firmware/COM_Code/v2/E11_Library/Cobs" -I"C:/E11_ELEC_Git/07-COM/Firmware/COM_Code/v2/E11_Library/Eeprom" -I"C:/E11_ELEC_Git/07-COM/Firmware/COM_Code/v2/E11_Library/ErrorDef/Legacy" -I"C:/E11_ELEC_Git/07-COM/Firmware/COM_Code/v2/E11_Library/EstebanCAN" -I"C:/E11_ELEC_Git/07-COM/Firmware/COM_Code/v2/E11_Library/EstebanCOM" -I"C:/E11_ELEC_Git/07-COM/Firmware/COM_Code/v2/E11_Library/EstebanSystem" -I"C:/E11_ELEC_Git/07-COM/Firmware/COM_Code/v2/E11_Library/EstebanUSB" -I"C:/E11_ELEC_Git/07-COM/Firmware/COM_Code/v2/E11_Library/Parameters" -I"C:/E11_ELEC_Git/07-COM/Firmware/COM_Code/v2/E11_Library/Serial" -I"C:/E11_ELEC_Git/07-COM/Firmware/COM_Code/v2/E11_Library/SystemErrors" -I"C:/E11_ELEC_Git/07-COM/Firmware/COM_Code/v2/E11_Library/Timer" -I"C:/E11_ELEC_Git/07-COM/Firmware/COM_Code/v2/E11_Library/Global" -I"C:/E11_ELEC_Git/07-COM/Firmware/COM_Code/v2/Services/CommunicationController/Inc" -I"C:/E11_ELEC_Git/07-COM/Firmware/COM_Code/v2/Services/CommunicationController/Src" -I"C:/E11_ELEC_Git/07-COM/Firmware/COM_Code/v2/Services/Gps/Inc" -I"C:/E11_ELEC_Git/07-COM/Firmware/COM_Code/v2/Services/Gps/Src" -I"C:/E11_ELEC_Git/07-COM/Firmware/COM_Code/v2/Services/uSD_card/Inc" -I"C:/E11_ELEC_Git/07-COM/Firmware/COM_Code/v2/Services/uSD_card/Src" -I"C:/E11_ELEC_Git/07-COM/Firmware/COM_Code/v2/Services/XbeeLTE/Inc" -I"C:/E11_ELEC_Git/07-COM/Firmware/COM_Code/v2/Services/XbeeLTE/Src" -I"C:/E11_ELEC_Git/07-COM/Firmware/COM_Code/v2/Services/XbeeRF/Inc" -I"C:/E11_ELEC_Git/07-COM/Firmware/COM_Code/v2/Services/XbeeRF/Src" -O0 -ffunction-sections -fdata-sections -Wall -fstack-usage -fcyclomatic-complexity -MMD -MP -MF"Services/XbeeLTE/Src/LTE_Reception.d" -MT"Services/XbeeLTE/Src/LTE_Reception.o" --specs=nano.specs -mfpu=fpv4-sp-d16 -mfloat-abi=hard -mthumb -o "Services/XbeeLTE/Src/LTE_Reception.o"
arm-none-eabi-gcc "../Services/XbeeLTE/Src/LTE_Transmission.c" -mcpu=cortex-m4 -std=gnu11 -g3 -DDEBUG -DUSE_HAL_DRIVER -DSTM32F446xx -DCAN_USE_PORT1 -DCOM_BOARD -DSTM32Esteban -c -I../Core/Inc -I../FATFS/Target -I../FATFS/App -I../Drivers/STM32F4xx_HAL_Driver/Inc -I../Drivers/STM32F4xx_HAL_Driver/Inc/Legacy -I../Drivers/CMSIS/Device/ST/STM32F4xx/Include -I../Drivers/CMSIS/Include -I"C:/E11_ELEC_Git/07-COM/Firmware/COM_Code/v2/Middlewares/ST/STM32_USB_Device_Library/Core/Inc" -I"C:/E11_ELEC_Git/07-COM/Firmware/COM_Code/v2/Middlewares/ST/STM32_USB_Device_Library/Class/CDC/Inc" -I"C:/E11_ELEC_Git/07-COM/Firmware/COM_Code/v2/Middlewares/Third_Party/FatFs/src" -I../Middlewares/Third_Party/FatFs/src -I"C:/E11_ELEC_Git/07-COM/Firmware/COM_Code/v2/Services/Interpreter/Config" -I"C:/E11_ELEC_Git/07-COM/Firmware/COM_Code/v2/Services/Interpreter" -I"C:/E11_ELEC_Git/07-COM/Firmware/COM_Code/v2/Services/HW_Config" -I"C:/E11_ELEC_Git/07-COM/Firmware/COM_Code/v2/Services/Interpreter/CanMain/Reception" -I"C:/E11_ELEC_Git/07-COM/Firmware/COM_Code/v2/Services/Interpreter/CanMain/Transmit" -I../USB_DEVICE/App -I../USB_DEVICE/Target -I../Middlewares/ST/STM32_USB_Device_Library/Core/Inc -I../Middlewares/ST/STM32_USB_Device_Library/Class/CDC/Inc -I"C:/E11_ELEC_Git/07-COM/Firmware/COM_Code/v2/E11_Library/BoardID" -I"C:/E11_ELEC_Git/07-COM/Firmware/COM_Code/v2/E11_Library/Can2Def" -I"C:/E11_ELEC_Git/07-COM/Firmware/COM_Code/v2/E11_Library/CanDef" -I"C:/E11_ELEC_Git/07-COM/Firmware/COM_Code/v2/E11_Library/Cobs" -I"C:/E11_ELEC_Git/07-COM/Firmware/COM_Code/v2/E11_Library/Eeprom" -I"C:/E11_ELEC_Git/07-COM/Firmware/COM_Code/v2/E11_Library/ErrorDef/Legacy" -I"C:/E11_ELEC_Git/07-COM/Firmware/COM_Code/v2/E11_Library/EstebanCAN" -I"C:/E11_ELEC_Git/07-COM/Firmware/COM_Code/v2/E11_Library/EstebanCOM" -I"C:/E11_ELEC_Git/07-COM/Firmware/COM_Code/v2/E11_Library/EstebanSystem" -I"C:/E11_ELEC_Git/07-COM/Firmware/COM_Code/v2/E11_Library/EstebanUSB" -I"C:/E11_ELEC_Git/07-COM/Firmware/COM_Code/v2/E11_Library/Parameters" -I"C:/E11_ELEC_Git/07-COM/Firmware/COM_Code/v2/E11_Library/Serial" -I"C:/E11_ELEC_Git/07-COM/Firmware/COM_Code/v2/E11_Library/SystemErrors" -I"C:/E11_ELEC_Git/07-COM/Firmware/COM_Code/v2/E11_Library/Timer" -I"C:/E11_ELEC_Git/07-COM/Firmware/COM_Code/v2/E11_Library/Global" -I"C:/E11_ELEC_Git/07-COM/Firmware/COM_Code/v2/Services/CommunicationController/Inc" -I"C:/E11_ELEC_Git/07-COM/Firmware/COM_Code/v2/Services/CommunicationController/Src" -I"C:/E11_ELEC_Git/07-COM/Firmware/COM_Code/v2/Services/Gps/Inc" -I"C:/E11_ELEC_Git/07-COM/Firmware/COM_Code/v2/Services/Gps/Src" -I"C:/E11_ELEC_Git/07-COM/Firmware/COM_Code/v2/Services/uSD_card/Inc" -I"C:/E11_ELEC_Git/07-COM/Firmware/COM_Code/v2/Services/uSD_card/Src" -I"C:/E11_ELEC_Git/07-COM/Firmware/COM_Code/v2/Services/XbeeLTE/Inc" -I"C:/E11_ELEC_Git/07-COM/Firmware/COM_Code/v2/Services/XbeeLTE/Src" -I"C:/E11_ELEC_Git/07-COM/Firmware/COM_Code/v2/Services/XbeeRF/Inc" -I"C:/E11_ELEC_Git/07-COM/Firmware/COM_Code/v2/Services/XbeeRF/Src" -O0 -ffunction-sections -fdata-sections -Wall -fstack-usage -fcyclomatic-complexity -MMD -MP -MF"Services/XbeeLTE/Src/LTE_Transmission.d" -MT"Services/XbeeLTE/Src/LTE_Transmission.o" --specs=nano.specs -mfpu=fpv4-sp-d16 -mfloat-abi=hard -mthumb -o "Services/XbeeLTE/Src/LTE_Transmission.o"
arm-none-eabi-gcc "../Services/XbeeLTE/Src/XbeeLTE.c" -mcpu=cortex-m4 -std=gnu11 -g3 -DDEBUG -DUSE_HAL_DRIVER -DSTM32F446xx -DCAN_USE_PORT1 -DCOM_BOARD -DSTM32Esteban -c -I../Core/Inc -I../FATFS/Target -I../FATFS/App -I../Drivers/STM32F4xx_HAL_Driver/Inc -I../Drivers/STM32F4xx_HAL_Driver/Inc/Legacy -I../Drivers/CMSIS/Device/ST/STM32F4xx/Include -I../Drivers/CMSIS/Include -I"C:/E11_ELEC_Git/07-COM/Firmware/COM_Code/v2/Middlewares/ST/STM32_USB_Device_Library/Core/Inc" -I"C:/E11_ELEC_Git/07-COM/Firmware/COM_Code/v2/Middlewares/ST/STM32_USB_Device_Library/Class/CDC/Inc" -I"C:/E11_ELEC_Git/07-COM/Firmware/COM_Code/v2/Middlewares/Third_Party/FatFs/src" -I../Middlewares/Third_Party/FatFs/src -I"C:/E11_ELEC_Git/07-COM/Firmware/COM_Code/v2/Services/Interpreter/Config" -I"C:/E11_ELEC_Git/07-COM/Firmware/COM_Code/v2/Services/Interpreter" -I"C:/E11_ELEC_Git/07-COM/Firmware/COM_Code/v2/Services/HW_Config" -I"C:/E11_ELEC_Git/07-COM/Firmware/COM_Code/v2/Services/Interpreter/CanMain/Reception" -I"C:/E11_ELEC_Git/07-COM/Firmware/COM_Code/v2/Services/Interpreter/CanMain/Transmit" -I../USB_DEVICE/App -I../USB_DEVICE/Target -I../Middlewares/ST/STM32_USB_Device_Library/Core/Inc -I../Middlewares/ST/STM32_USB_Device_Library/Class/CDC/Inc -I"C:/E11_ELEC_Git/07-COM/Firmware/COM_Code/v2/E11_Library/BoardID" -I"C:/E11_ELEC_Git/07-COM/Firmware/COM_Code/v2/E11_Library/Can2Def" -I"C:/E11_ELEC_Git/07-COM/Firmware/COM_Code/v2/E11_Library/CanDef" -I"C:/E11_ELEC_Git/07-COM/Firmware/COM_Code/v2/E11_Library/Cobs" -I"C:/E11_ELEC_Git/07-COM/Firmware/COM_Code/v2/E11_Library/Eeprom" -I"C:/E11_ELEC_Git/07-COM/Firmware/COM_Code/v2/E11_Library/ErrorDef/Legacy" -I"C:/E11_ELEC_Git/07-COM/Firmware/COM_Code/v2/E11_Library/EstebanCAN" -I"C:/E11_ELEC_Git/07-COM/Firmware/COM_Code/v2/E11_Library/EstebanCOM" -I"C:/E11_ELEC_Git/07-COM/Firmware/COM_Code/v2/E11_Library/EstebanSystem" -I"C:/E11_ELEC_Git/07-COM/Firmware/COM_Code/v2/E11_Library/EstebanUSB" -I"C:/E11_ELEC_Git/07-COM/Firmware/COM_Code/v2/E11_Library/Parameters" -I"C:/E11_ELEC_Git/07-COM/Firmware/COM_Code/v2/E11_Library/Serial" -I"C:/E11_ELEC_Git/07-COM/Firmware/COM_Code/v2/E11_Library/SystemErrors" -I"C:/E11_ELEC_Git/07-COM/Firmware/COM_Code/v2/E11_Library/Timer" -I"C:/E11_ELEC_Git/07-COM/Firmware/COM_Code/v2/E11_Library/Global" -I"C:/E11_ELEC_Git/07-COM/Firmware/COM_Code/v2/Services/CommunicationController/Inc" -I"C:/E11_ELEC_Git/07-COM/Firmware/COM_Code/v2/Services/CommunicationController/Src" -I"C:/E11_ELEC_Git/07-COM/Firmware/COM_Code/v2/Services/Gps/Inc" -I"C:/E11_ELEC_Git/07-COM/Firmware/COM_Code/v2/Services/Gps/Src" -I"C:/E11_ELEC_Git/07-COM/Firmware/COM_Code/v2/Services/uSD_card/Inc" -I"C:/E11_ELEC_Git/07-COM/Firmware/COM_Code/v2/Services/uSD_card/Src" -I"C:/E11_ELEC_Git/07-COM/Firmware/COM_Code/v2/Services/XbeeLTE/Inc" -I"C:/E11_ELEC_Git/07-COM/Firmware/COM_Code/v2/Services/XbeeLTE/Src" -I"C:/E11_ELEC_Git/07-COM/Firmware/COM_Code/v2/Services/XbeeRF/Inc" -I"C:/E11_ELEC_Git/07-COM/Firmware/COM_Code/v2/Services/XbeeRF/Src" -O0 -ffunction-sections -fdata-sections -Wall -fstack-usage -fcyclomatic-complexity -MMD -MP -MF"Services/XbeeLTE/Src/XbeeLTE.d" -MT"Services/XbeeLTE/Src/XbeeLTE.o" --specs=nano.specs -mfpu=fpv4-sp-d16 -mfloat-abi=hard -mthumb -o "Services/XbeeLTE/Src/XbeeLTE.o"
arm-none-eabi-gcc "../Services/Interpreter/CanMain/Transmit/TransmitCanMain.c" -mcpu=cortex-m4 -std=gnu11 -g3 -DDEBUG -DUSE_HAL_DRIVER -DSTM32F446xx -DCAN_USE_PORT1 -DCOM_BOARD -DSTM32Esteban -c -I../Core/Inc -I../FATFS/Target -I../FATFS/App -I../Drivers/STM32F4xx_HAL_Driver/Inc -I../Drivers/STM32F4xx_HAL_Driver/Inc/Legacy -I../Drivers/CMSIS/Device/ST/STM32F4xx/Include -I../Drivers/CMSIS/Include -I"C:/E11_ELEC_Git/07-COM/Firmware/COM_Code/v2/Middlewares/ST/STM32_USB_Device_Library/Core/Inc" -I"C:/E11_ELEC_Git/07-COM/Firmware/COM_Code/v2/Middlewares/ST/STM32_USB_Device_Library/Class/CDC/Inc" -I"C:/E11_ELEC_Git/07-COM/Firmware/COM_Code/v2/Middlewares/Third_Party/FatFs/src" -I../Middlewares/Third_Party/FatFs/src -I"C:/E11_ELEC_Git/07-COM/Firmware/COM_Code/v2/Services/Interpreter/Config" -I"C:/E11_ELEC_Git/07-COM/Firmware/COM_Code/v2/Services/Interpreter" -I"C:/E11_ELEC_Git/07-COM/Firmware/COM_Code/v2/Services/HW_Config" -I"C:/E11_ELEC_Git/07-COM/Firmware/COM_Code/v2/Services/Interpreter/CanMain/Reception" -I"C:/E11_ELEC_Git/07-COM/Firmware/COM_Code/v2/Services/Interpreter/CanMain/Transmit" -I../USB_DEVICE/App -I../USB_DEVICE/Target -I../Middlewares/ST/STM32_USB_Device_Library/Core/Inc -I../Middlewares/ST/STM32_USB_Device_Library/Class/CDC/Inc -I"C:/E11_ELEC_Git/07-COM/Firmware/COM_Code/v2/E11_Library/BoardID" -I"C:/E11_ELEC_Git/07-COM/Firmware/COM_Code/v2/E11_Library/Can2Def" -I"C:/E11_ELEC_Git/07-COM/Firmware/COM_Code/v2/E11_Library/CanDef" -I"C:/E11_ELEC_Git/07-COM/Firmware/COM_Code/v2/E11_Library/Cobs" -I"C:/E11_ELEC_Git/07-COM/Firmware/COM_Code/v2/E11_Library/Eeprom" -I"C:/E11_ELEC_Git/07-COM/Firmware/COM_Code/v2/E11_Library/ErrorDef/Legacy" -I"C:/E11_ELEC_Git/07-COM/Firmware/COM_Code/v2/E11_Library/EstebanCAN" -I"C:/E11_ELEC_Git/07-COM/Firmware/COM_Code/v2/E11_Library/EstebanCOM" -I"C:/E11_ELEC_Git/07-COM/Firmware/COM_Code/v2/E11_Library/EstebanSystem" -I"C:/E11_ELEC_Git/07-COM/Firmware/COM_Code/v2/E11_Library/EstebanUSB" -I"C:/E11_ELEC_Git/07-COM/Firmware/COM_Code/v2/E11_Library/Parameters" -I"C:/E11_ELEC_Git/07-COM/Firmware/COM_Code/v2/E11_Library/Serial" -I"C:/E11_ELEC_Git/07-COM/Firmware/COM_Code/v2/E11_Library/SystemErrors" -I"C:/E11_ELEC_Git/07-COM/Firmware/COM_Code/v2/E11_Library/Timer" -I"C:/E11_ELEC_Git/07-COM/Firmware/COM_Code/v2/E11_Library/Global" -I"C:/E11_ELEC_Git/07-COM/Firmware/COM_Code/v2/Services/CommunicationController/Inc" -I"C:/E11_ELEC_Git/07-COM/Firmware/COM_Code/v2/Services/CommunicationController/Src" -I"C:/E11_ELEC_Git/07-COM/Firmware/COM_Code/v2/Services/Gps/Inc" -I"C:/E11_ELEC_Git/07-COM/Firmware/COM_Code/v2/Services/Gps/Src" -I"C:/E11_ELEC_Git/07-COM/Firmware/COM_Code/v2/Services/uSD_card/Inc" -I"C:/E11_ELEC_Git/07-COM/Firmware/COM_Code/v2/Services/uSD_card/Src" -I"C:/E11_ELEC_Git/07-COM/Firmware/COM_Code/v2/Services/XbeeLTE/Inc" -I"C:/E11_ELEC_Git/07-COM/Firmware/COM_Code/v2/Services/XbeeLTE/Src" -I"C:/E11_ELEC_Git/07-COM/Firmware/COM_Code/v2/Services/XbeeRF/Inc" -I"C:/E11_ELEC_Git/07-COM/Firmware/COM_Code/v2/Services/XbeeRF/Src" -O0 -ffunction-sections -fdata-sections -Wall -fstack-usage -fcyclomatic-complexity -MMD -MP -MF"Services/Interpreter/CanMain/Transmit/TransmitCanMain.d" -MT"Services/Interpreter/CanMain/Transmit/TransmitCanMain.o" --specs=nano.specs -mfpu=fpv4-sp-d16 -mfloat-abi=hard -mthumb -o "Services/Interpreter/CanMain/Transmit/TransmitCanMain.o"
arm-none-eabi-gcc "../Services/Interpreter/CanMain/Reception/ReceptionCanMain.c" -mcpu=cortex-m4 -std=gnu11 -g3 -DDEBUG -DUSE_HAL_DRIVER -DSTM32F446xx -DCAN_USE_PORT1 -DCOM_BOARD -DSTM32Esteban -c -I../Core/Inc -I../FATFS/Target -I../FATFS/App -I../Drivers/STM32F4xx_HAL_Driver/Inc -I../Drivers/STM32F4xx_HAL_Driver/Inc/Legacy -I../Drivers/CMSIS/Device/ST/STM32F4xx/Include -I../Drivers/CMSIS/Include -I"C:/E11_ELEC_Git/07-COM/Firmware/COM_Code/v2/Middlewares/ST/STM32_USB_Device_Library/Core/Inc" -I"C:/E11_ELEC_Git/07-COM/Firmware/COM_Code/v2/Middlewares/ST/STM32_USB_Device_Library/Class/CDC/Inc" -I"C:/E11_ELEC_Git/07-COM/Firmware/COM_Code/v2/Middlewares/Third_Party/FatFs/src" -I../Middlewares/Third_Party/FatFs/src -I"C:/E11_ELEC_Git/07-COM/Firmware/COM_Code/v2/Services/Interpreter/Config" -I"C:/E11_ELEC_Git/07-COM/Firmware/COM_Code/v2/Services/Interpreter" -I"C:/E11_ELEC_Git/07-COM/Firmware/COM_Code/v2/Services/HW_Config" -I"C:/E11_ELEC_Git/07-COM/Firmware/COM_Code/v2/Services/Interpreter/CanMain/Reception" -I"C:/E11_ELEC_Git/07-COM/Firmware/COM_Code/v2/Services/Interpreter/CanMain/Transmit" -I../USB_DEVICE/App -I../USB_DEVICE/Target -I../Middlewares/ST/STM32_USB_Device_Library/Core/Inc -I../Middlewares/ST/STM32_USB_Device_Library/Class/CDC/Inc -I"C:/E11_ELEC_Git/07-COM/Firmware/COM_Code/v2/E11_Library/BoardID" -I"C:/E11_ELEC_Git/07-COM/Firmware/COM_Code/v2/E11_Library/Can2Def" -I"C:/E11_ELEC_Git/07-COM/Firmware/COM_Code/v2/E11_Library/CanDef" -I"C:/E11_ELEC_Git/07-COM/Firmware/COM_Code/v2/E11_Library/Cobs" -I"C:/E11_ELEC_Git/07-COM/Firmware/COM_Code/v2/E11_Library/Eeprom" -I"C:/E11_ELEC_Git/07-COM/Firmware/COM_Code/v2/E11_Library/ErrorDef/Legacy" -I"C:/E11_ELEC_Git/07-COM/Firmware/COM_Code/v2/E11_Library/EstebanCAN" -I"C:/E11_ELEC_Git/07-COM/Firmware/COM_Code/v2/E11_Library/EstebanCOM" -I"C:/E11_ELEC_Git/07-COM/Firmware/COM_Code/v2/E11_Library/EstebanSystem" -I"C:/E11_ELEC_Git/07-COM/Firmware/COM_Code/v2/E11_Library/EstebanUSB" -I"C:/E11_ELEC_Git/07-COM/Firmware/COM_Code/v2/E11_Library/Parameters" -I"C:/E11_ELEC_Git/07-COM/Firmware/COM_Code/v2/E11_Library/Serial" -I"C:/E11_ELEC_Git/07-COM/Firmware/COM_Code/v2/E11_Library/SystemErrors" -I"C:/E11_ELEC_Git/07-COM/Firmware/COM_Code/v2/E11_Library/Timer" -I"C:/E11_ELEC_Git/07-COM/Firmware/COM_Code/v2/E11_Library/Global" -I"C:/E11_ELEC_Git/07-COM/Firmware/COM_Code/v2/Services/CommunicationController/Inc" -I"C:/E11_ELEC_Git/07-COM/Firmware/COM_Code/v2/Services/CommunicationController/Src" -I"C:/E11_ELEC_Git/07-COM/Firmware/COM_Code/v2/Services/Gps/Inc" -I"C:/E11_ELEC_Git/07-COM/Firmware/COM_Code/v2/Services/Gps/Src" -I"C:/E11_ELEC_Git/07-COM/Firmware/COM_Code/v2/Services/uSD_card/Inc" -I"C:/E11_ELEC_Git/07-COM/Firmware/COM_Code/v2/Services/uSD_card/Src" -I"C:/E11_ELEC_Git/07-COM/Firmware/COM_Code/v2/Services/XbeeLTE/Inc" -I"C:/E11_ELEC_Git/07-COM/Firmware/COM_Code/v2/Services/XbeeLTE/Src" -I"C:/E11_ELEC_Git/07-COM/Firmware/COM_Code/v2/Services/XbeeRF/Inc" -I"C:/E11_ELEC_Git/07-COM/Firmware/COM_Code/v2/Services/XbeeRF/Src" -O0 -ffunction-sections -fdata-sections -Wall -fstack-usage -fcyclomatic-complexity -MMD -MP -MF"Services/Interpreter/CanMain/Reception/ReceptionCanMain.d" -MT"Services/Interpreter/CanMain/Reception/ReceptionCanMain.o" --specs=nano.specs -mfpu=fpv4-sp-d16 -mfloat-abi=hard -mthumb -o "Services/Interpreter/CanMain/Reception/ReceptionCanMain.o"
arm-none-eabi-gcc "../Services/Interpreter/Interpreter.c" -mcpu=cortex-m4 -std=gnu11 -g3 -DDEBUG -DUSE_HAL_DRIVER -DSTM32F446xx -DCAN_USE_PORT1 -DCOM_BOARD -DSTM32Esteban -c -I../Core/Inc -I../FATFS/Target -I../FATFS/App -I../Drivers/STM32F4xx_HAL_Driver/Inc -I../Drivers/STM32F4xx_HAL_Driver/Inc/Legacy -I../Drivers/CMSIS/Device/ST/STM32F4xx/Include -I../Drivers/CMSIS/Include -I"C:/E11_ELEC_Git/07-COM/Firmware/COM_Code/v2/Middlewares/ST/STM32_USB_Device_Library/Core/Inc" -I"C:/E11_ELEC_Git/07-COM/Firmware/COM_Code/v2/Middlewares/ST/STM32_USB_Device_Library/Class/CDC/Inc" -I"C:/E11_ELEC_Git/07-COM/Firmware/COM_Code/v2/Middlewares/Third_Party/FatFs/src" -I../Middlewares/Third_Party/FatFs/src -I"C:/E11_ELEC_Git/07-COM/Firmware/COM_Code/v2/Services/Interpreter/Config" -I"C:/E11_ELEC_Git/07-COM/Firmware/COM_Code/v2/Services/Interpreter" -I"C:/E11_ELEC_Git/07-COM/Firmware/COM_Code/v2/Services/HW_Config" -I"C:/E11_ELEC_Git/07-COM/Firmware/COM_Code/v2/Services/Interpreter/CanMain/Reception" -I"C:/E11_ELEC_Git/07-COM/Firmware/COM_Code/v2/Services/Interpreter/CanMain/Transmit" -I../USB_DEVICE/App -I../USB_DEVICE/Target -I../Middlewares/ST/STM32_USB_Device_Library/Core/Inc -I../Middlewares/ST/STM32_USB_Device_Library/Class/CDC/Inc -I"C:/E11_ELEC_Git/07-COM/Firmware/COM_Code/v2/E11_Library/BoardID" -I"C:/E11_ELEC_Git/07-COM/Firmware/COM_Code/v2/E11_Library/Can2Def" -I"C:/E11_ELEC_Git/07-COM/Firmware/COM_Code/v2/E11_Library/CanDef" -I"C:/E11_ELEC_Git/07-COM/Firmware/COM_Code/v2/E11_Library/Cobs" -I"C:/E11_ELEC_Git/07-COM/Firmware/COM_Code/v2/E11_Library/Eeprom" -I"C:/E11_ELEC_Git/07-COM/Firmware/COM_Code/v2/E11_Library/ErrorDef/Legacy" -I"C:/E11_ELEC_Git/07-COM/Firmware/COM_Code/v2/E11_Library/EstebanCAN" -I"C:/E11_ELEC_Git/07-COM/Firmware/COM_Code/v2/E11_Library/EstebanCOM" -I"C:/E11_ELEC_Git/07-COM/Firmware/COM_Code/v2/E11_Library/EstebanSystem" -I"C:/E11_ELEC_Git/07-COM/Firmware/COM_Code/v2/E11_Library/EstebanUSB" -I"C:/E11_ELEC_Git/07-COM/Firmware/COM_Code/v2/E11_Library/Parameters" -I"C:/E11_ELEC_Git/07-COM/Firmware/COM_Code/v2/E11_Library/Serial" -I"C:/E11_ELEC_Git/07-COM/Firmware/COM_Code/v2/E11_Library/SystemErrors" -I"C:/E11_ELEC_Git/07-COM/Firmware/COM_Code/v2/E11_Library/Timer" -I"C:/E11_ELEC_Git/07-COM/Firmware/COM_Code/v2/E11_Library/Global" -I"C:/E11_ELEC_Git/07-COM/Firmware/COM_Code/v2/Services/CommunicationController/Inc" -I"C:/E11_ELEC_Git/07-COM/Firmware/COM_Code/v2/Services/CommunicationController/Src" -I"C:/E11_ELEC_Git/07-COM/Firmware/COM_Code/v2/Services/Gps/Inc" -I"C:/E11_ELEC_Git/07-COM/Firmware/COM_Code/v2/Services/Gps/Src" -I"C:/E11_ELEC_Git/07-COM/Firmware/COM_Code/v2/Services/uSD_card/Inc" -I"C:/E11_ELEC_Git/07-COM/Firmware/COM_Code/v2/Services/uSD_card/Src" -I"C:/E11_ELEC_Git/07-COM/Firmware/COM_Code/v2/Services/XbeeLTE/Inc" -I"C:/E11_ELEC_Git/07-COM/Firmware/COM_Code/v2/Services/XbeeLTE/Src" -I"C:/E11_ELEC_Git/07-COM/Firmware/COM_Code/v2/Services/XbeeRF/Inc" -I"C:/E11_ELEC_Git/07-COM/Firmware/COM_Code/v2/Services/XbeeRF/Src" -O0 -ffunction-sections -fdata-sections -Wall -fstack-usage -fcyclomatic-complexity -MMD -MP -MF"Services/Interpreter/Interpreter.d" -MT"Services/Interpreter/Interpreter.o" --specs=nano.specs -mfpu=fpv4-sp-d16 -mfloat-abi=hard -mthumb -o "Services/Interpreter/Interpreter.o"
arm-none-eabi-gcc "../Services/Gps/Src/GPS.c" -mcpu=cortex-m4 -std=gnu11 -g3 -DDEBUG -DUSE_HAL_DRIVER -DSTM32F446xx -DCAN_USE_PORT1 -DCOM_BOARD -DSTM32Esteban -c -I../Core/Inc -I../FATFS/Target -I../FATFS/App -I../Drivers/STM32F4xx_HAL_Driver/Inc -I../Drivers/STM32F4xx_HAL_Driver/Inc/Legacy -I../Drivers/CMSIS/Device/ST/STM32F4xx/Include -I../Drivers/CMSIS/Include -I"C:/E11_ELEC_Git/07-COM/Firmware/COM_Code/v2/Middlewares/ST/STM32_USB_Device_Library/Core/Inc" -I"C:/E11_ELEC_Git/07-COM/Firmware/COM_Code/v2/Middlewares/ST/STM32_USB_Device_Library/Class/CDC/Inc" -I"C:/E11_ELEC_Git/07-COM/Firmware/COM_Code/v2/Middlewares/Third_Party/FatFs/src" -I../Middlewares/Third_Party/FatFs/src -I"C:/E11_ELEC_Git/07-COM/Firmware/COM_Code/v2/Services/Interpreter/Config" -I"C:/E11_ELEC_Git/07-COM/Firmware/COM_Code/v2/Services/Interpreter" -I"C:/E11_ELEC_Git/07-COM/Firmware/COM_Code/v2/Services/HW_Config" -I"C:/E11_ELEC_Git/07-COM/Firmware/COM_Code/v2/Services/Interpreter/CanMain/Reception" -I"C:/E11_ELEC_Git/07-COM/Firmware/COM_Code/v2/Services/Interpreter/CanMain/Transmit" -I../USB_DEVICE/App -I../USB_DEVICE/Target -I../Middlewares/ST/STM32_USB_Device_Library/Core/Inc -I../Middlewares/ST/STM32_USB_Device_Library/Class/CDC/Inc -I"C:/E11_ELEC_Git/07-COM/Firmware/COM_Code/v2/E11_Library/BoardID" -I"C:/E11_ELEC_Git/07-COM/Firmware/COM_Code/v2/E11_Library/Can2Def" -I"C:/E11_ELEC_Git/07-COM/Firmware/COM_Code/v2/E11_Library/CanDef" -I"C:/E11_ELEC_Git/07-COM/Firmware/COM_Code/v2/E11_Library/Cobs" -I"C:/E11_ELEC_Git/07-COM/Firmware/COM_Code/v2/E11_Library/Eeprom" -I"C:/E11_ELEC_Git/07-COM/Firmware/COM_Code/v2/E11_Library/ErrorDef/Legacy" -I"C:/E11_ELEC_Git/07-COM/Firmware/COM_Code/v2/E11_Library/EstebanCAN" -I"C:/E11_ELEC_Git/07-COM/Firmware/COM_Code/v2/E11_Library/EstebanCOM" -I"C:/E11_ELEC_Git/07-COM/Firmware/COM_Code/v2/E11_Library/EstebanSystem" -I"C:/E11_ELEC_Git/07-COM/Firmware/COM_Code/v2/E11_Library/EstebanUSB" -I"C:/E11_ELEC_Git/07-COM/Firmware/COM_Code/v2/E11_Library/Parameters" -I"C:/E11_ELEC_Git/07-COM/Firmware/COM_Code/v2/E11_Library/Serial" -I"C:/E11_ELEC_Git/07-COM/Firmware/COM_Code/v2/E11_Library/SystemErrors" -I"C:/E11_ELEC_Git/07-COM/Firmware/COM_Code/v2/E11_Library/Timer" -I"C:/E11_ELEC_Git/07-COM/Firmware/COM_Code/v2/E11_Library/Global" -I"C:/E11_ELEC_Git/07-COM/Firmware/COM_Code/v2/Services/CommunicationController/Inc" -I"C:/E11_ELEC_Git/07-COM/Firmware/COM_Code/v2/Services/CommunicationController/Src" -I"C:/E11_ELEC_Git/07-COM/Firmware/COM_Code/v2/Services/Gps/Inc" -I"C:/E11_ELEC_Git/07-COM/Firmware/COM_Code/v2/Services/Gps/Src" -I"C:/E11_ELEC_Git/07-COM/Firmware/COM_Code/v2/Services/uSD_card/Inc" -I"C:/E11_ELEC_Git/07-COM/Firmware/COM_Code/v2/Services/uSD_card/Src" -I"C:/E11_ELEC_Git/07-COM/Firmware/COM_Code/v2/Services/XbeeLTE/Inc" -I"C:/E11_ELEC_Git/07-COM/Firmware/COM_Code/v2/Services/XbeeLTE/Src" -I"C:/E11_ELEC_Git/07-COM/Firmware/COM_Code/v2/Services/XbeeRF/Inc" -I"C:/E11_ELEC_Git/07-COM/Firmware/COM_Code/v2/Services/XbeeRF/Src" -O0 -ffunction-sections -fdata-sections -Wall -fstack-usage -fcyclomatic-complexity -MMD -MP -MF"Services/Gps/Src/GPS.d" -MT"Services/Gps/Src/GPS.o" --specs=nano.specs -mfpu=fpv4-sp-d16 -mfloat-abi=hard -mthumb -o "Services/Gps/Src/GPS.o"
[...]
arm-none-eabi-gcc "../Drivers/STM32F4xx_HAL_Driver/Src/stm32f4xx_hal_pcd.c" -mcpu=cortex-m4 -std=gnu11 -g3 -DDEBUG -DUSE_HAL_DRIVER -DSTM32F446xx -c -I../Core/Inc -I../Drivers/STM32F4xx_HAL_Driver/Inc -I../Drivers/STM32F4xx_HAL_Driver/Inc/Legacy -I../Drivers/CMSIS/Device/ST/STM32F4xx/Include -I../Drivers/CMSIS/Include -O0 -ffunction-sections -fdata-sections -Wall -fstack-usage -fcyclomatic-complexity -MMD -MP -MF"Drivers/STM32F4xx_HAL_Driver/Src/stm32f4xx_hal_pcd.d" -MT"Drivers/STM32F4xx_HAL_Driver/Src/stm32f4xx_hal_pcd.o" --specs=nano.specs -mfpu=fpv4-sp-d16 -mfloat-abi=hard -mthumb -o "Drivers/STM32F4xx_HAL_Driver/Src/stm32f4xx_hal_pcd.o"
arm-none-eabi-gcc "../Drivers/STM32F4xx_HAL_Driver/Src/stm32f4xx_hal_pcd_ex.c" -mcpu=cortex-m4 -std=gnu11 -g3 -DDEBUG -DUSE_HAL_DRIVER -DSTM32F446xx -c -I../Core/Inc -I../Drivers/STM32F4xx_HAL_Driver/Inc -I../Drivers/STM32F4xx_HAL_Driver/Inc/Legacy -I../Drivers/CMSIS/Device/ST/STM32F4xx/Include -I../Drivers/CMSIS/Include -O0 -ffunction-sections -fdata-sections -Wall -fstack-usage -fcyclomatic-complexity -MMD -MP -MF"Drivers/STM32F4xx_HAL_Driver/Src/stm32f4xx_hal_pcd_ex.d" -MT"Drivers/STM32F4xx_HAL_Driver/Src/stm32f4xx_hal_pcd_ex.o" --specs=nano.specs -mfpu=fpv4-sp-d16 -mfloat-abi=hard -mthumb -o "Drivers/STM32F4xx_HAL_Driver/Src/stm32f4xx_hal_pcd_ex.o"
arm-none-eabi-gcc "../Drivers/STM32F4xx_HAL_Driver/Src/stm32f4xx_hal_pwr.c" -mcpu=cortex-m4 -std=gnu11 -g3 -DDEBUG -DUSE_HAL_DRIVER -DSTM32F446xx -c -I../Core/Inc -I../Drivers/STM32F4xx_HAL_Driver/Inc -I../Drivers/STM32F4xx_HAL_Driver/Inc/Legacy -I../Drivers/CMSIS/Device/ST/STM32F4xx/Include -I../Drivers/CMSIS/Include -O0 -ffunction-sections -fdata-sections -Wall -fstack-usage -fcyclomatic-complexity -MMD -MP -MF"Drivers/STM32F4xx_HAL_Driver/Src/stm32f4xx_hal_pwr.d" -MT"Drivers/STM32F4xx_HAL_Driver/Src/stm32f4xx_hal_pwr.o" --specs=nano.specs -mfpu=fpv4-sp-d16 -mfloat-abi=hard -mthumb -o "Drivers/STM32F4xx_HAL_Driver/Src/stm32f4xx_hal_pwr.o"
arm-none-eabi-gcc "../Drivers/STM32F4xx_HAL_Driver/Src/stm32f4xx_hal_pwr_ex.c" -mcpu=cortex-m4 -std=gnu11 -g3 -DDEBUG -DUSE_HAL_DRIVER -DSTM32F446xx -c -I../Core/Inc -I../Drivers/STM32F4xx_HAL_Driver/Inc -I../Drivers/STM32F4xx_HAL_Driver/Inc/Legacy -I../Drivers/CMSIS/Device/ST/STM32F4xx/Include -I../Drivers/CMSIS/Include -O0 -ffunction-sections -fdata-sections -Wall -fstack-usage -fcyclomatic-complexity -MMD -MP -MF"Drivers/STM32F4xx_HAL_Driver/Src/stm32f4xx_hal_pwr_ex.d" -MT"Drivers/STM32F4xx_HAL_Driver/Src/stm32f4xx_hal_pwr_ex.o" --specs=nano.specs -mfpu=fpv4-sp-d16 -mfloat-abi=hard -mthumb -o "Drivers/STM32F4xx_HAL_Driver/Src/stm32f4xx_hal_pwr_ex.o"
arm-none-eabi-gcc "../Drivers/STM32F4xx_HAL_Driver/Src/stm32f4xx_hal_rcc.c" -mcpu=cortex-m4 -std=gnu11 -g3 -DDEBUG -DUSE_HAL_DRIVER -DSTM32F446xx -c -I../Core/Inc -I../Drivers/STM32F4xx_HAL_Driver/Inc -I../Drivers/STM32F4xx_HAL_Driver/Inc/Legacy -I../Drivers/CMSIS/Device/ST/STM32F4xx/Include -I../Drivers/CMSIS/Include -O0 -ffunction-sections -fdata-sections -Wall -fstack-usage -fcyclomatic-complexity -MMD -MP -MF"Drivers/STM32F4xx_HAL_Driver/Src/stm32f4xx_hal_rcc.d" -MT"Drivers/STM32F4xx_HAL_Driver/Src/stm32f4xx_hal_rcc.o" --specs=nano.specs -mfpu=fpv4-sp-d16 -mfloat-abi=hard -mthumb -o "Drivers/STM32F4xx_HAL_Driver/Src/stm32f4xx_hal_rcc.o"
arm-none-eabi-gcc "../Drivers/STM32F4xx_HAL_Driver/Src/stm32f4xx_hal_rcc_ex.c" -mcpu=cortex-m4 -std=gnu11 -g3 -DDEBUG -DUSE_HAL_DRIVER -DSTM32F446xx -c -I../Core/Inc -I../Drivers/STM32F4xx_HAL_Driver/Inc -I../Drivers/STM32F4xx_HAL_Driver/Inc/Legacy -I../Drivers/CMSIS/Device/ST/STM32F4xx/Include -I../Drivers/CMSIS/Include -O0 -ffunction-sections -fdata-sections -Wall -fstack-usage -fcyclomatic-complexity -MMD -MP -MF"Drivers/STM32F4xx_HAL_Driver/Src/stm32f4xx_hal_rcc_ex.d" -MT"Drivers/STM32F4xx_HAL_Driver/Src/stm32f4xx_hal_rcc_ex.o" --specs=nano.specs -mfpu=fpv4-sp-d16 -mfloat-abi=hard -mthumb -o "Drivers/STM32F4xx_HAL_Driver/Src/stm32f4xx_hal_rcc_ex.o"
arm-none-eabi-gcc "../Drivers/STM32F4xx_HAL_Driver/Src/stm32f4xx_hal_uart.c" -mcpu=cortex-m4 -std=gnu11 -g3 -DDEBUG -DUSE_HAL_DRIVER -DSTM32F446xx -c -I../Core/Inc -I../Drivers/STM32F4xx_HAL_Driver/Inc -I../Drivers/STM32F4xx_HAL_Driver/Inc/Legacy -I../Drivers/CMSIS/Device/ST/STM32F4xx/Include -I../Drivers/CMSIS/Include -O0 -ffunction-sections -fdata-sections -Wall -fstack-usage -fcyclomatic-complexity -MMD -MP -MF"Drivers/STM32F4xx_HAL_Driver/Src/stm32f4xx_hal_uart.d" -MT"Drivers/STM32F4xx_HAL_Driver/Src/stm32f4xx_hal_uart.o" --specs=nano.specs -mfpu=fpv4-sp-d16 -mfloat-abi=hard -mthumb -o "Drivers/STM32F4xx_HAL_Driver/Src/stm32f4xx_hal_uart.o"
arm-none-eabi-gcc "../Drivers/STM32F4xx_HAL_Driver/Src/stm32f4xx_ll_usb.c" -mcpu=cortex-m4 -std=gnu11 -g3 -DDEBUG -DUSE_HAL_DRIVER -DSTM32F446xx -c -I../Core/Inc -I../Drivers/STM32F4xx_HAL_Driver/Inc -I../Drivers/STM32F4xx_HAL_Driver/Inc/Legacy -I../Drivers/CMSIS/Device/ST/STM32F4xx/Include -I../Drivers/CMSIS/Include -O0 -ffunction-sections -fdata-sections -Wall -fstack-usage -fcyclomatic-complexity -MMD -MP -MF"Drivers/STM32F4xx_HAL_Driver/Src/stm32f4xx_ll_usb.d" -MT"Drivers/STM32F4xx_HAL_Driver/Src/stm32f4xx_ll_usb.o" --specs=nano.specs -mfpu=fpv4-sp-d16 -mfloat-abi=hard -mthumb -o "Drivers/STM32F4xx_HAL_Driver/Src/stm32f4xx_ll_usb.o"
arm-none-eabi-gcc "../Core/Src/ads1015.c" -mcpu=cortex-m4 -std=gnu11 -g3 -DDEBUG -DUSE_HAL_DRIVER -DSTM32F446xx -c -I../Core/Inc -I../Drivers/STM32F4xx_HAL_Driver/Inc -I../Drivers/STM32F4xx_HAL_Driver/Inc/Legacy -I../Drivers/CMSIS/Device/ST/STM32F4xx/Include -I../Drivers/CMSIS/Include -O0 -ffunction-sections -fdata-sections -Wall -fstack-usage -fcyclomatic-complexity -MMD -MP -MF"Core/Src/ads1015.d" -MT"Core/Src/ads1015.o" --specs=nano.specs -mfpu=fpv4-sp-d16 -mfloat-abi=hard -mthumb -o "Core/Src/ads1015.o"
../Core/Src/ads1015.c: In function 'ADS1015_Init':
../Core/Src/ads1015.c:25:13: warning: unused variable 'miaw' [-Wunused-variable]
   25 |         int miaw = 0;
      |             ^~~~
../Core/Src/ads1015.c:24:13: warning: unused variable 'oof' [-Wunused-variable]
   24 |         int oof = 69;
      |             ^~~
arm-none-eabi-gcc "../Core/Src/dma.c" -mcpu=cortex-m4 -std=gnu11 -g3 -DDEBUG -DUSE_HAL_DRIVER -DSTM32F446xx -c -I../Core/Inc -I../Drivers/STM32F4xx_HAL_Driver/Inc -I../Drivers/STM32F4xx_HAL_Driver/Inc/Legacy -I../Drivers/CMSIS/Device/ST/STM32F4xx/Include -I../Drivers/CMSIS/Include -O0 -ffunction-sections -fdata-sections -Wall -fstack-usage -fcyclomatic-complexity -MMD -MP -MF"Core/Src/dma.d" -MT"Core/Src/dma.o" --specs=nano.specs -mfpu=fpv4-sp-d16 -mfloat-abi=hard -mthumb -o "Core/Src/dma.o"
arm-none-eabi-gcc "../Core/Src/gpio.c" -mcpu=cortex-m4 -std=gnu11 -g3 -DDEBUG -DUSE_HAL_DRIVER -DSTM32F446xx -c -I../Core/Inc -I../Drivers/STM32F4xx_HAL_Driver/Inc -I../Drivers/STM32F4xx_HAL_Driver/Inc/Legacy -I../Drivers/CMSIS/Device/ST/STM32F4xx/Include -I../Drivers/CMSIS/Include -O0 -ffunction-sections -fdata-sections -Wall -fstack-usage -fcyclomatic-complexity -MMD -MP -MF"Core/Src/gpio.d" -MT"Core/Src/gpio.o" --specs=nano.specs -mfpu=fpv4-sp-d16 -mfloat-abi=hard -mthumb -o "Core/Src/gpio.o"
arm-none-eabi-gcc "../Core/Src/i2c.c" -mcpu=cortex-m4 -std=gnu11 -g3 -DDEBUG -DUSE_HAL_DRIVER -DSTM32F446xx -c -I../Core/Inc -I../Drivers/STM32F4xx_HAL_Driver/Inc -I../Drivers/STM32F4xx_HAL_Driver/Inc/Legacy -I../Drivers/CMSIS/Device/ST/STM32F4xx/Include -I../Drivers/CMSIS/Include -O0 -ffunction-sections -fdata-sections -Wall -fstack-usage -fcyclomatic-complexity -MMD -MP -MF"Core/Src/i2c.d" -MT"Core/Src/i2c.o" --specs=nano.specs -mfpu=fpv4-sp-d16 -mfloat-abi=hard -mthumb -o "Core/Src/i2c.o"
arm-none-eabi-gcc "../Core/Src/main.c" -mcpu=cortex-m4 -std=gnu11 -g3 -DDEBUG -DUSE_HAL_DRIVER -DSTM32F446xx -c -I../Core/Inc -I../Drivers/STM32F4xx_HAL_Driver/Inc -I../Drivers/STM32F4xx_HAL_Driver/Inc/Legacy -I../Drivers/CMSIS/Device/ST/STM32F4xx/Include -I../Drivers/CMSIS/Include -O0 -ffunction-sections -fdata-sections -Wall -fstack-usage -fcyclomatic-complexity -MMD -MP -MF"Core/Src/main.d" -MT"Core/Src/main.o" --specs=nano.specs -mfpu=fpv4-sp-d16 -mfloat-abi=hard -mthumb -o "Core/Src/main.o"
arm-none-eabi-gcc "../Core/Src/stm32f4xx_hal_msp.c" -mcpu=cortex-m4 -std=gnu11 -g3 -DDEBUG -DUSE_HAL_DRIVER -DSTM32F446xx -c -I../Core/Inc -I../Drivers/STM32F4xx_HAL_Driver/Inc -I../Drivers/STM32F4xx_HAL_Driver/Inc/Legacy -I../Drivers/CMSIS/Device/ST/STM32F4xx/Include -I../Drivers/CMSIS/Include -O0 -ffunction-sections -fdata-sections -Wall -fstack-usage -fcyclomatic-complexity -MMD -MP -MF"Core/Src/stm32f4xx_hal_msp.d" -MT"Core/Src/stm32f4xx_hal_msp.o" --specs=nano.specs -mfpu=fpv4-sp-d16 -mfloat-abi=hard -mthumb -o "Core/Src/stm32f4xx_hal_msp.o"
arm-none-eabi-gcc "../Core/Src/stm32f4xx_it.c" -mcpu=cortex-m4 -std=gnu11 -g3 -DDEBUG -DUSE_HAL_DRIVER -DSTM32F446xx -c -I../Core/Inc -I../Drivers/STM32F4xx_HAL_Driver/Inc -I../Drivers/STM32F4xx_HAL_Driver/Inc/Legacy -I../Drivers/CMSIS/Device/ST/STM32F4xx/Include -I../Drivers/CMSIS/Include -O0 -ffunction-sections -fdata-sections -Wall -fstack-usage -fcyclomatic-complexity -MMD -MP -MF"Core/Src/stm32f4xx_it.d" -MT"Core/Src/stm32f4xx_it.o" --specs=nano.specs -mfpu=fpv4-sp-d16 -mfloat-abi=hard -mthumb -o "Core/Src/stm32f4xx_it.o"
arm-none-eabi-gcc "../Core/Src/system_stm32f4xx.c" -mcpu=cortex-m4 -std=gnu11 -g3 -DDEBUG -DUSE_HAL_DRIVER -DSTM32F446xx -c -I../Core/Inc -I../Drivers/STM32F4xx_HAL_Driver/Inc -I../Drivers/STM32F4xx_HAL_Driver/Inc/Legacy -I../Drivers/CMSIS/Device/ST/STM32F4xx/Include -I../Drivers/CMSIS/Include -O0 -ffunction-sections -fdata-sections -Wall -fstack-usage -fcyclomatic-complexity -MMD -MP -MF"Core/Src/system_stm32f4xx.d" -MT"Core/Src/system_stm32f4xx.o" --specs=nano.specs -mfpu=fpv4-sp-d16 -mfloat-abi=hard -mthumb -o "Core/Src/system_stm32f4xx.o"
../Core/Src/main.c:67:16: warning: 'xbee_rx_byte' defined but not used [-Wunused-variable]
   67 | static uint8_t xbee_rx_byte;
      |                ^~~~~~~~~~~~
../Core/Src/main.c:66:16: warning: 'xbee_rx_buf' defined but not used [-Wunused-variable]
   66 | static uint8_t xbee_rx_buf[64];
      |                ^~~~~~~~~~~
arm-none-eabi-gcc "../Core/Src/usart.c" -mcpu=cortex-m4 -std=gnu11 -g3 -DDEBUG -DUSE_HAL_DRIVER -DSTM32F446xx -c -I../Core/Inc -I../Drivers/STM32F4xx_HAL_Driver/Inc -I../Drivers/STM32F4xx_HAL_Driver/Inc/Legacy -I../Drivers/CMSIS/Device/ST/STM32F4xx/Include -I../Drivers/CMSIS/Include -O0 -ffunction-sections -fdata-sections -Wall -fstack-usage -fcyclomatic-complexity -MMD -MP -MF"Core/Src/usart.d" -MT"Core/Src/usart.o" --specs=nano.specs -mfpu=fpv4-sp-d16 -mfloat-abi=hard -mthumb -o "Core/Src/usart.o"
arm-none-eabi-gcc "../Core/Src/usb_otg.c" -mcpu=cortex-m4 -std=gnu11 -g3 -DDEBUG -DUSE_HAL_DRIVER -DSTM32F446xx -c -I../Core/Inc -I../Drivers/STM32F4xx_HAL_Driver/Inc -I../Drivers/STM32F4xx_HAL_Driver/Inc/Legacy -I../Drivers/CMSIS/Device/ST/STM32F4xx/Include -I../Drivers/CMSIS/Include -O0 -ffunction-sections -fdata-sections -Wall -fstack-usage -fcyclomatic-complexity -MMD -MP -MF"Core/Src/usb_otg.d" -MT"Core/Src/usb_otg.o" --specs=nano.specs -mfpu=fpv4-sp-d16 -mfloat-abi=hard -mthumb -o "Core/Src/usb_otg.o"
arm-none-eabi-gcc "../Core/Src/xbee.c" -mcpu=cortex-m4 -std=gnu11 -g3 -DDEBUG -DUSE_HAL_DRIVER -DSTM32F446xx -c -I../Core/Inc -I../Drivers/STM32F4xx_HAL_Driver/Inc -I../Drivers/STM32F4xx_HAL_Driver/Inc/Legacy -I../Drivers/CMSIS/Device/ST/STM32F4xx/Include -I../Drivers/CMSIS/Include -O0 -ffunction-sections -fdata-sections -Wall -fstack-usage -fcyclomatic-complexity -MMD -MP -MF"Core/Src/xbee.d" -MT"Core/Src/xbee.o" --specs=nano.specs -mfpu=fpv4-sp-d16 -mfloat-abi=hard -mthumb -o "Core/Src/xbee.o"
arm-none-eabi-gcc -o "integration_elec_slave.elf" @"objects.list"   -mcpu=cortex-m4 -T"/home/emile/MEC8370/PI4/code_integration_elec/onboard/STM32F446RETX_FLASH.ld" --specs=nosys.specs -Wl,-Map="integration_elec_slave.map" -Wl,--gc-sections -static --specs=nano.specs -mfpu=fpv4-sp-d16 -mfloat-abi=hard -mthumb -Wl,--start-group -lc -lm -Wl,--end-group
Finished building target: integration_elec_slave.elf
 
arm-none-eabi-size  integration_elec_slave.elf 
   text	   data	    bss	    dec	    hex	filename
  28860	     28	   3388	  32276	   7e14	integration_elec_slave.elf
arm-none-eabi-objdump -h -S integration_elec_slave.elf  > "integration_elec_slave.list"
Finished building: default.size.stdout
 
Finished building: integration_elec_slave.list
 
01:34:29 **** Incremental Build of configuration Debug for project integration_elec_slave ****
make -j8 all 
arm-none-eabi-gcc "../Core/Src/main.c" -mcpu=cortex-m4 -std=gnu11 -g3 -DDEBUG -DUSE_HAL_DRIVER -DSTM32F446xx -c -I../Core/Inc -I../Drivers/STM32F4xx_HAL_Driver/Inc -I../Drivers/STM32F4xx_HAL_Driver/Inc/Legacy -I../Drivers/CMSIS/Device/ST/STM32F4xx/Include -I../Drivers/CMSIS/Include -O0 -ffunction-sections -fdata-sections -Wall -fstack-usage -fcyclomatic-complexity -MMD -MP -MF"Core/Src/main.d" -MT"Core/Src/main.o" --specs=nano.specs -mfpu=fpv4-sp-d16 -mfloat-abi=hard -mthumb -o "Core/Src/main.o"
../Core/Src/main.c:67:16: warning: 'xbee_rx_byte' defined but not used [-Wunused-variable]
   67 | static uint8_t xbee_rx_byte;
      |                ^~~~~~~~~~~~
../Core/Src/main.c:66:16: warning: 'xbee_rx_buf' defined but not used [-Wunused-variable]
   66 | static uint8_t xbee_rx_buf[64];
      |                ^~~~~~~~~~~
arm-none-eabi-gcc -o "integration_elec_slave.elf" @"objects.list"   -mcpu=cortex-m4 -T"/home/emile/MEC8370/PI4/code_integration_elec/onboard/STM32F446RETX_FLASH.ld" --specs=nosys.specs -Wl,-Map="integration_elec_slave.map" -Wl,--gc-sections -static --specs=nano.specs -mfpu=fpv4-sp-d16 -mfloat-abi=hard -mthumb -Wl,--start-group -lc -lm -Wl,--end-group
Finished building target: integration_elec_slave.elf
 
arm-none-eabi-size  integration_elec_slave.elf 
arm-none-eabi-objdump -h -S integration_elec_slave.elf  > "integration_elec_slave.list"
   text	   data	    bss	    dec	    hex	filename
  28860	    284	   3388	  32532	   7f14	integration_elec_slave.elf
Finished building: default.size.stdout
 
Finished building: integration_elec_slave.list
 
01:53:00 **** Incremental Build of configuration Debug for project integration_elec_slave ****
make -j8 all 
arm-none-eabi-size  integration_elec_slave.elf 
   text	   data	    bss	    dec	    hex	filename
  28860	    284	   3388	  32532	   7f14	integration_elec_slave.elf
Finished building: default.size.stdout
 
01:59:09 **** Incremental Build of configuration Debug for project integration_elec_slave ****
make -j8 all 
arm-none-eabi-gcc "../Core/Src/ads1015.c" -mcpu=cortex-m4 -std=gnu11 -g3 -DDEBUG -DUSE_HAL_DRIVER -DSTM32F446xx -c -I../Core/Inc -I../Drivers/STM32F4xx_HAL_Driver/Inc -I../Drivers/STM32F4xx_HAL_Driver/Inc/Legacy -I../Drivers/CMSIS/Device/ST/STM32F4xx/Include -I../Drivers/CMSIS/Include -O0 -ffunction-sections -fdata-sections -Wall -fstack-usage -fcyclomatic-complexity -MMD -MP -MF"Core/Src/ads1015.d" -MT"Core/Src/ads1015.o" --specs=nano.specs -mfpu=fpv4-sp-d16 -mfloat-abi=hard -mthumb -o "Core/Src/ads1015.o"
../Core/Src/ads1015.c: In function 'ADS1015_Init':
../Core/Src/ads1015.c:25:13: warning: unused variable 'miaw' [-Wunused-variable]
   25 |         int miaw = 0;
      |             ^~~~
../Core/Src/ads1015.c:24:13: warning: unused variable 'oof' [-Wunused-variable]
   24 |         int oof = 69;
      |             ^~~
arm-none-eabi-gcc -o "integration_elec_slave.elf" @"objects.list"   -mcpu=cortex-m4 -T"/home/emile/MEC8370/PI4/code_integration_elec/onboard/STM32F446RETX_FLASH.ld" --specs=nosys.specs -Wl,-Map="integration_elec_slave.map" -Wl,--gc-sections -static --specs=nano.specs -mfpu=fpv4-sp-d16 -mfloat-abi=hard -mthumb -Wl,--start-group -lc -lm -Wl,--end-group
Finished building target: integration_elec_slave.elf
 
arm-none-eabi-size  integration_elec_slave.elf 
arm-none-eabi-objdump -h -S integration_elec_slave.elf  > "integration_elec_slave.list"
   text	   data	    bss	    dec	    hex	filename
  28876	    284	   3388	  32548	   7f24	integration_elec_slave.elf
Finished building: default.size.stdout
 
Finished building: integration_elec_slave.list
 
02:00:04 **** Incremental Build of configuration Debug for project integration_elec_slave ****
make -j8 all 
arm-none-eabi-gcc "../Core/Src/ads1015.c" -mcpu=cortex-m4 -std=gnu11 -g3 -DDEBUG -DUSE_HAL_DRIVER -DSTM32F446xx -c -I../Core/Inc -I../Drivers/STM32F4xx_HAL_Driver/Inc -I../Drivers/STM32F4xx_HAL_Driver/Inc/Legacy -I../Drivers/CMSIS/Device/ST/STM32F4xx/Include -I../Drivers/CMSIS/Include -O0 -ffunction-sections -fdata-sections -Wall -fstack-usage -fcyclomatic-complexity -MMD -MP -MF"Core/Src/ads1015.d" -MT"Core/Src/ads1015.o" --specs=nano.specs -mfpu=fpv4-sp-d16 -mfloat-abi=hard -mthumb -o "Core/Src/ads1015.o"
../Core/Src/ads1015.c: In function 'ADS1015_Init':
../Core/Src/ads1015.c:25:13: warning: unused variable 'miaw' [-Wunused-variable]
   25 |         int miaw = 0;
      |             ^~~~
../Core/Src/ads1015.c:24:13: warning: unused variable 'oof' [-Wunused-variable]
   24 |         int oof = 69;
      |             ^~~
arm-none-eabi-gcc -o "integration_elec_slave.elf" @"objects.list"   -mcpu=cortex-m4 -T"/home/emile/MEC8370/PI4/code_integration_elec/onboard/STM32F446RETX_FLASH.ld" --specs=nosys.specs -Wl,-Map="integration_elec_slave.map" -Wl,--gc-sections -static --specs=nano.specs -mfpu=fpv4-sp-d16 -mfloat-abi=hard -mthumb -Wl,--start-group -lc -lm -Wl,--end-group
Finished building target: integration_elec_slave.elf
 
arm-none-eabi-size  integration_elec_slave.elf 
arm-none-eabi-objdump -h -S integration_elec_slave.elf  > "integration_elec_slave.list"
   text	   data	    bss	    dec	    hex	filename
  28876	    284	   3388	  32548	   7f24	integration_elec_slave.elf
Finished building: default.size.stdout
 
Finished building: integration_elec_slave.list
 
02:03:11 **** Incremental Build of configuration Debug for project integration_elec_slave ****
make -j8 all 
arm-none-eabi-gcc "../Core/Src/ads1015.c" -mcpu=cortex-m4 -std=gnu11 -g3 -DDEBUG -DUSE_HAL_DRIVER -DSTM32F446xx -c -I../Core/Inc -I../Drivers/STM32F4xx_HAL_Driver/Inc -I../Drivers/STM32F4xx_HAL_Driver/Inc/Legacy -I../Drivers/CMSIS/Device/ST/STM32F4xx/Include -I../Drivers/CMSIS/Include -O0 -ffunction-sections -fdata-sections -Wall -fstack-usage -fcyclomatic-complexity -MMD -MP -MF"Core/Src/ads1015.d" -MT"Core/Src/ads1015.o" --specs=nano.specs -mfpu=fpv4-sp-d16 -mfloat-abi=hard -mthumb -o "Core/Src/ads1015.o"
../Core/Src/ads1015.c: In function 'ADS1015_Init':
../Core/Src/ads1015.c:25:13: warning: unused variable 'miaw' [-Wunused-variable]
   25 |         int miaw = 0;
      |             ^~~~
../Core/Src/ads1015.c:24:13: warning: unused variable 'oof' [-Wunused-variable]
   24 |         int oof = 69;
      |             ^~~
arm-none-eabi-gcc -o "integration_elec_slave.elf" @"objects.list"   -mcpu=cortex-m4 -T"/home/emile/MEC8370/PI4/code_integration_elec/onboard/STM32F446RETX_FLASH.ld" --specs=nosys.specs -Wl,-Map="integration_elec_slave.map" -Wl,--gc-sections -static --specs=nano.specs -mfpu=fpv4-sp-d16 -mfloat-abi=hard -mthumb -Wl,--start-group -lc -lm -Wl,--end-group
Finished building target: integration_elec_slave.elf
 
arm-none-eabi-size  integration_elec_slave.elf 
arm-none-eabi-objdump -h -S integration_elec_slave.elf  > "integration_elec_slave.list"
   text	   data	    bss	    dec	    hex	filename
  28876	    284	   3388	  32548	   7f24	integration_elec_slave.elf
Finished building: default.size.stdout
 
Finished building: integration_elec_slave.list
 
02:03:23 **** Incremental Build of configuration Debug for project integration_elec_slave ****
make -j8 all 
arm-none-eabi-size  integration_elec_slave.elf 
   text	   data	    bss	    dec	    hex	filename
  28876	    284	   3388	  32548	   7f24	integration_elec_slave.elf
Finished building: default.size.stdout
 
