23:55:15 **** Build of configuration Debug for project integration_elec_slave ****
make -j20 all 
arm-none-eabi-gcc "../Drivers/STM32F4xx_HAL_Driver/Src/stm32f4xx_hal.c" -mcpu=cortex-m4 -std=gnu11 -g3 -DDEBUG -DUSE_HAL_DRIVER -DSTM32F446xx -c -I../Core/Inc -I../Drivers/STM32F4xx_HAL_Driver/Inc -I../Drivers/STM32F4xx_HAL_Driver/Inc/Legacy -I../Drivers/CMSIS/Device/ST/STM32F4xx/Include -I../Drivers/CMSIS/Include -O0 -ffunction-sections -fdata-sections -Wall -fstack-usage -fcyclomatic-complexity -MMD -MP -MF"Drivers/STM32F4xx_HAL_Driver/Src/stm32f4xx_hal.d" -MT"Drivers/STM32F4xx_HAL_Driver/Src/stm32f4xx_hal.o" --specs=nano.specs -mfpu=fpv4-sp-d16 -mfloat-abi=hard -mthumb -o "Drivers/STM32F4xx_HAL_Driver/Src/stm32f4xx_hal.o"
arm-none-eabi-gcc "../Drivers/STM32F4xx_HAL_Driver/Src/stm32f4xx_hal_cortex.c" -mcpu=cortex-m4 -std=gnu11 -g3 -DDEBUG -DUSE_HAL_DRIVER -DSTM32F446xx -c -I../Core/Inc -I../Drivers/STM32F4xx_HAL_Driver/Inc -I../Drivers/STM32F4xx_HAL_Driver/Inc/Legacy -I../Drivers/CMSIS/Device/ST/STM32F4xx/Include -I../Drivers/CMSIS/Include -O0 -ffunction-sections -fdata-sections -Wall -fstack-usage -fcyclomatic-complexity -MMD -MP -MF"Drivers/STM32F4xx_HAL_Driver/Src/stm32f4xx_hal_cortex.d" -MT"Drivers/STM32F4xx_HAL_Driver/Src/stm32f4xx_hal_cortex.o" --specs=nano.specs -mfpu=fpv4-sp-d16 -mfloat-abi=hard -mthumb -o "Drivers/STM32F4xx_HAL_Driver/Src/stm32f4xx_hal_cortex.o"
arm-none-eabi-gcc "../Drivers/STM32F4xx_HAL_Driver/Src/stm32f4xx_hal_dma.c" -mcpu=cortex-m4 -std=gnu11 -g3 -DDEBUG -DUSE_HAL_DRIVER -DSTM32F446xx -c -I../Core/Inc -I../Drivers/STM32F4xx_HAL_Driver/Inc -I../Drivers/STM32F4xx_HAL_Driver/Inc/Legacy -I../Drivers/CMSIS/Device/ST/STM32F4xx/Include -I../Drivers/CMSIS/Include -O0 -ffunction-sections -fdata-sections -Wall -fstack-usage -fcyclomatic-complexity -MMD -MP -MF"Drivers/STM32F4xx_HAL_Driver/Src/stm32f4xx_hal_dma.d" -MT"Drivers/STM32F4xx_HAL_Driver/Src/stm32f4xx_hal_dma.o" --specs=nano.specs -mfpu=fpv4-sp-d16 -mfloat-abi=hard -mthumb -o "Drivers/STM32F4xx_HAL_Driver/Src/stm32f4xx_hal_dma.o"
arm-none-eabi-gcc "../Drivers/STM32F4xx_HAL_Driver/Src/stm32f4xx_hal_dma_ex.c" -mcpu=cortex-m4 -std=gnu11 -g3 -DDEBUG -DUSE_HAL_DRIVER -DSTM32F446xx -c -I../Core/Inc -I../Drivers/STM32F4xx_HAL_Driver/Inc -I../Drivers/STM32F4xx_HAL_Driver/Inc/Legacy -I../Drivers/CMSIS/Device/ST/STM32F4xx/Include -I../Drivers/CMSIS/Include -O0 -ffunction-sections -fdata-sections -Wall -fstack-usage -fcyclomatic-complexity -MMD -MP -MF"Drivers/STM32F4xx_HAL_Driver/Src/stm32f4xx_hal_dma_ex.d" -MT"Drivers/STM32F4xx_HAL_Driver/Src/stm32f4xx_hal_dma_ex.o" --specs=nano.specs -mfpu=fpv4-sp-d16 -mfloat-abi=hard -mthumb -o "Drivers/STM32F4xx_HAL_Driver/Src/stm32f4xx_hal_dma_ex.o"
arm-none-eabi-gcc "../Drivers/STM32F4xx_HAL_Driver/Src/stm32f4xx_hal_exti.c" -mcpu=cortex-m4 -std=gnu11 -g3 -DDEBUG -DUSE_HAL_DRIVER -DSTM32F446xx -c -I../Core/Inc -I../Drivers/STM32F4xx_HAL_Driver/Inc -I../Drivers/STM32F4xx_HAL_Driver/Inc/Legacy -I../Drivers/CMSIS/Device/ST/STM32F4xx/Include -I../Drivers/CMSIS/Include -O0 -ffunction-sections -fdata-sections -Wall -fstack-usage -fcyclomatic-complexity -MMD -MP -MF"Drivers/STM32F4xx_HAL_Driver/Src/stm32f4xx_hal_exti.d" -MT"Drivers/STM32F4xx_HAL_Driver/Src/stm32f4xx_hal_exti.o" --specs=nano.specs -mfpu=fpv4-sp-d16 -mfloat-abi=hard -mthumb -o "Drivers/STM32F4xx_HAL_Driver/Src/stm32f4xx_hal_exti.o"
arm-none-eabi-gcc "../Drivers/STM32F4xx_HAL_Driver/Src/stm32f4xx_hal_flash.c" -mcpu=cortex-m4 -std=gnu11 -g3 -DDEBUG -DUSE_HAL_DRIVER -DSTM32F446xx -c -I../Core/Inc -I../Drivers/STM32F4xx_HAL_Driver/Inc -I../Drivers/STM32F4xx_HAL_Driver/Inc/Legacy -I../Drivers/CMSIS/Device/ST/STM32F4xx/Include -I../Drivers/CMSIS/Include -O0 -ffunction-sections -fdata-sections -Wall -fstack-usage -fcyclomatic-complexity -MMD -MP -MF"Drivers/STM32F4xx_HAL_Driver/Src/stm32f4xx_hal_flash.d" -MT"Drivers/STM32F4xx_HAL_Driver/Src/stm32f4xx_hal_flash.o" --specs=nano.specs -mfpu=fpv4-sp-d16 -mfloat-abi=hard -mthumb -o "Drivers/STM32F4xx_HAL_Driver/Src/stm32f4xx_hal_flash.o"
arm-none-eabi-gcc "../Drivers/STM32F4xx_HAL_Driver/Src/stm32f4xx_hal_flash_ex.c" -mcpu=cortex-m4 -std=gnu11 -g3 -DDEBUG -DUSE_HAL_DRIVER -DSTM32F446xx -c -I../Core/Inc -I../Drivers/STM32F4xx_HAL_Driver/Inc -I../Drivers/STM32F4xx_HAL_Driver/Inc/Legacy -I../Drivers/CMSIS/Device/ST/STM32F4xx/Include -I../Drivers/CMSIS/Include -O0 -ffunction-sections -fdata-sections -Wall -fstack-usage -fcyclomatic-complexity -MMD -MP -MF"Drivers/STM32F4xx_HAL_Driver/Src/stm32f4xx_hal_flash_ex.d" -MT"Drivers/STM32F4xx_HAL_Driver/Src/stm32f4xx_hal_flash_ex.o" --specs=nano.specs -mfpu=fpv4-sp-d16 -mfloat-abi=hard -mthumb -o "Drivers/STM32F4xx_HAL_Driver/Src/stm32f4xx_hal_flash_ex.o"
arm-none-eabi-gcc "../Drivers/STM32F4xx_HAL_Driver/Src/stm32f4xx_hal_flash_ramfunc.c" -mcpu=cortex-m4 -std=gnu11 -g3 -DDEBUG -DUSE_HAL_DRIVER -DSTM32F446xx -c -I../Core/Inc -I../Drivers/STM32F4xx_HAL_Driver/Inc -I../Drivers/STM32F4xx_HAL_Driver/Inc/Legacy -I../Drivers/CMSIS/Device/ST/STM32F4xx/Include -I../Drivers/CMSIS/Include -O0 -ffunction-sections -fdata-sections -Wall -fstack-usage -fcyclomatic-complexity -MMD -MP -MF"Drivers/STM32F4xx_HAL_Driver/Src/stm32f4xx_hal_flash_ramfunc.d" -MT"Drivers/STM32F4xx_HAL_Driver/Src/stm32f4xx_hal_flash_ramfunc.o" --specs=nano.specs -mfpu=fpv4-sp-d16 -mfloat-abi=hard -mthumb -o "Drivers/STM32F4xx_HAL_Driver/Src/stm32f4xx_hal_flash_ramfunc.o"
arm-none-eabi-gcc "../Drivers/STM32F4xx_HAL_Driver/Src/stm32f4xx_hal_gpio.c" -mcpu=cortex-m4 -std=gnu11 -g3 -DDEBUG -DUSE_HAL_DRIVER -DSTM32F446xx -c -I../Core/Inc -I../Drivers/STM32F4xx_HAL_Driver/Inc -I../Drivers/STM32F4xx_HAL_Driver/Inc/Legacy -I../Drivers/CMSIS/Device/ST/STM32F4xx/Include -I../Drivers/CMSIS/Include -O0 -ffunction-sections -fdata-sections -Wall -fstack-usage -fcyclomatic-complexity -MMD -MP -MF"Drivers/STM32F4xx_HAL_Driver/Src/stm32f4xx_hal_gpio.d" -MT"Drivers/STM32F4xx_HAL_Driver/Src/stm32f4xx_hal_gpio.o" --specs=nano.specs -mfpu=fpv4-sp-d16 -mfloat-abi=hard -mthumb -o "Drivers/STM32F4xx_HAL_Driver/Src/stm32f4xx_hal_gpio.o"
arm-none-eabi-gcc "../Drivers/STM32F4xx_HAL_Driver/Src/stm32f4xx_hal_i2c.c" -mcpu=cortex-m4 -std=gnu11 -g3 -DDEBUG -DUSE_HAL_DRIVER -DSTM32F446xx -c -I../Core/Inc -I../Drivers/STM32F4xx_HAL_Driver/Inc -I../Drivers/STM32F4xx_HAL_Driver/Inc/Legacy -I../Drivers/CMSIS/Device/ST/STM32F4xx/Include -I../Drivers/CMSIS/Include -O0 -ffunction-sections -fdata-sections -Wall -fstack-usage -fcyclomatic-complexity -MMD -MP -MF"Drivers/STM32F4xx_HAL_Driver/Src/stm32f4xx_hal_i2c.d" -MT"Drivers/STM32F4xx_HAL_Driver/Src/stm32f4xx_hal_i2c.o" --specs=nano.specs -mfpu=fpv4-sp-d16 -mfloat-abi=hard -mthumb -o "Drivers/STM32F4xx_HAL_Driver/Src/stm32f4xx_hal_i2c.o"
arm-none-eabi-gcc "../Drivers/STM32F4xx_HAL_Driver/Src/stm32f4xx_hal_i2c_ex.c" -mcpu=cortex-m4 -std=gnu11 -g3 -DDEBUG -DUSE_HAL_DRIVER -DSTM32F446xx -c -I../Core/Inc -I../Drivers/STM32F4xx_HAL_Driver/Inc -I../Drivers/STM32F4xx_HAL_Driver/Inc/Legacy -I../Drivers/CMSIS/Device/ST/STM32F4xx/Include -I../Drivers/CMSIS/Include -O0 -ffunction-sections -fdata-sections -Wall -fstack-usage -fcyclomatic-complexity -MMD -MP -MF"Drivers/STM32F4xx_HAL_Driver/Src/stm32f4xx_hal_i2c_ex.d" -MT"Drivers/STM32F4xx_HAL_Driver/Src/stm32f4xx_hal_i2c_ex.o" --specs=nano.specs -mfpu=fpv4-sp-d16 -mfloat-abi=hard -mthumb -o "Drivers/STM32F4xx_HAL_Driver/Src/stm32f4xx_hal_i2c_ex.o"
arm-none-eabi-gcc "../Drivers/STM32F4xx_HAL_Driver/Src/stm32f4xx_hal_pcd.c" -mcpu=cortex-m4 -std=gnu11 -g3 -DDEBUG -DUSE_HAL_DRIVER -DSTM32F446xx -c -I../Core/Inc -I../Drivers/STM32F4xx_HAL_Driver/Inc -I../Drivers/STM32F4xx_HAL_Driver/Inc/Legacy -I../Drivers/CMSIS/Device/ST/STM32F4xx/Include -I../Drivers/CMSIS/Include -O0 -ffunction-sections -fdata-sections -Wall -fstack-usage -fcyclomatic-complexity -MMD -MP -MF"Drivers/STM32F4xx_HAL_Driver/Src/stm32f4xx_hal_pcd.d" -MT"Drivers/STM32F4xx_HAL_Driver/Src/stm32f4xx_hal_pcd.o" --specs=nano.specs -mfpu=fpv4-sp-d16 -mfloat-abi=hard -mthumb -o "Drivers/STM32F4xx_HAL_Driver/Src/stm32f4xx_hal_pcd.o"
arm-none-eabi-gcc "../Drivers/STM32F4xx_HAL_Driver/Src/stm32f4xx_hal_pcd_ex.c" -mcpu=cortex-m4 -std=gnu11 -g3 -DDEBUG -DUSE_HAL_DRIVER -DSTM32F446xx -c -I../Core/Inc -I../Drivers/STM32F4xx_HAL_Driver/Inc -I../Drivers/STM32F4xx_HAL_Driver/Inc/Legacy -I../Drivers/CMSIS/Device/ST/STM32F4xx/Include -I../Drivers/CMSIS/Include -O0 -ffunction-sections -fdata-sections -Wall -fstack-usage -fcyclomatic-complexity -MMD -MP -MF"Drivers/STM32F4xx_HAL_Driver/Src/stm32f4xx_hal_pcd_ex.d" -MT"Drivers/STM32F4xx_HAL_Driver/Src/stm32f4xx_hal_pcd_ex.o" --specs=nano.specs -mfpu=fpv4-sp-d16 -mfloat-abi=hard -mthumb -o "Drivers/STM32F4xx_HAL_Driver/Src/stm32f4xx_hal_pcd_ex.o"
arm-none-eabi-gcc "../Drivers/STM32F4xx_HAL_Driver/Src/stm32f4xx_hal_pwr.c" -mcpu=cortex-m4 -std=gnu11 -g3 -DDEBUG -DUSE_HAL_DRIVER -DSTM32F446xx -c -I../Core/Inc -I../Drivers/STM32F4xx_HAL_Driver/Inc -I../Drivers/STM32F4xx_HAL_Driver/Inc/Legacy -I../Drivers/CMSIS/Device/ST/STM32F4xx/Include -I../Drivers/CMSIS/Include -O0 -ffunction-sections -fdata-sections -Wall -fstack-usage -fcyclomatic-complexity -MMD -MP -MF"Drivers/STM32F4xx_HAL_Driver/Src/stm32f4xx_hal_pwr.d" -MT"Drivers/STM32F4xx_HAL_Driver/Src/stm32f4xx_hal_pwr.o" --specs=nano.specs -mfpu=fpv4-sp-d16 -mfloat-abi=hard -mthumb -o "Drivers/STM32F4xx_HAL_Driver/Src/stm32f4xx_hal_pwr.o"
arm-none-eabi-gcc "../Drivers/STM32F4xx_HAL_Driver/Src/stm32f4xx_hal_pwr_ex.c" -mcpu=cortex-m4 -std=gnu11 -g3 -DDEBUG -DUSE_HAL_DRIVER -DSTM32F446xx -c -I../Core/Inc -I../Drivers/STM32F4xx_HAL_Driver/Inc -I../Drivers/STM32F4xx_HAL_Driver/Inc/Legacy -I../Drivers/CMSIS/Device/ST/STM32F4xx/Include -I../Drivers/CMSIS/Include -O0 -ffunction-sections -fdata-sections -Wall -fstack-usage -fcyclomatic-complexity -MMD -MP -MF"Drivers/STM32F4xx_HAL_Driver/Src/stm32f4xx_hal_pwr_ex.d" -MT"Drivers/STM32F4xx_HAL_Driver/Src/stm32f4xx_hal_pwr_ex.o" --specs=nano.specs -mfpu=fpv4-sp-d16 -mfloat-abi=hard -mthumb -o "Drivers/STM32F4xx_HAL_Driver/Src/stm32f4xx_hal_pwr_ex.o"
arm-none-eabi-gcc "../Drivers/STM32F4xx_HAL_Driver/Src/stm32f4xx_hal_rcc.c" -mcpu=cortex-m4 -std=gnu11 -g3 -DDEBUG -DUSE_HAL_DRIVER -DSTM32F446xx -c -I../Core/Inc -I../Drivers/STM32F4xx_HAL_Driver/Inc -I../Drivers/STM32F4xx_HAL_Driver/Inc/Legacy -I../Drivers/CMSIS/Device/ST/STM32F4xx/Include -I../Drivers/CMSIS/Include -O0 -ffunction-sections -fdata-sections -Wall -fstack-usage -fcyclomatic-complexity -MMD -MP -MF"Drivers/STM32F4xx_HAL_Driver/Src/stm32f4xx_hal_rcc.d" -MT"Drivers/STM32F4xx_HAL_Driver/Src/stm32f4xx_hal_rcc.o" --specs=nano.specs -mfpu=fpv4-sp-d16 -mfloat-abi=hard -mthumb -o "Drivers/STM32F4xx_HAL_Driver/Src/stm32f4xx_hal_rcc.o"
arm-none-eabi-gcc "../Drivers/STM32F4xx_HAL_Driver/Src/stm32f4xx_hal_rcc_ex.c" -mcpu=cortex-m4 -std=gnu11 -g3 -DDEBUG -DUSE_HAL_DRIVER -DSTM32F446xx -c -I../Core/Inc -I../Drivers/STM32F4xx_HAL_Driver/Inc -I../Drivers/STM32F4xx_HAL_Driver/Inc/Legacy -I../Drivers/CMSIS/Device/ST/STM32F4xx/Include -I../Drivers/CMSIS/Include -O0 -ffunction-sections -fdata-sections -Wall -fstack-usage -fcyclomatic-complexity -MMD -MP -MF"Drivers/STM32F4xx_HAL_Driver/Src/stm32f4xx_hal_rcc_ex.d" -MT"Drivers/STM32F4xx_HAL_Driver/Src/stm32f4xx_hal_rcc_ex.o" --specs=nano.specs -mfpu=fpv4-sp-d16 -mfloat-abi=hard -mthumb -o "Drivers/STM32F4xx_HAL_Driver/Src/stm32f4xx_hal_rcc_ex.o"
arm-none-eabi-gcc "../Drivers/STM32F4xx_HAL_Driver/Src/stm32f4xx_hal_uart.c" -mcpu=cortex-m4 -std=gnu11 -g3 -DDEBUG -DUSE_HAL_DRIVER -DSTM32F446xx -c -I../Core/Inc -I../Drivers/STM32F4xx_HAL_Driver/Inc -I../Drivers/STM32F4xx_HAL_Driver/Inc/Legacy -I../Drivers/CMSIS/Device/ST/STM32F4xx/Include -I../Drivers/CMSIS/Include -O0 -ffunction-sections -fdata-sections -Wall -fstack-usage -fcyclomatic-complexity -MMD -MP -MF"Drivers/STM32F4xx_HAL_Driver/Src/stm32f4xx_hal_uart.d" -MT"Drivers/STM32F4xx_HAL_Driver/Src/stm32f4xx_hal_uart.o" --specs=nano.specs -mfpu=fpv4-sp-d16 -mfloat-abi=hard -mthumb -o "Drivers/STM32F4xx_HAL_Driver/Src/stm32f4xx_hal_uart.o"
arm-none-eabi-gcc "../Drivers/STM32F4xx_HAL_Driver/Src/stm32f4xx_ll_usb.c" -mcpu=cortex-m4 -std=gnu11 -g3 -DDEBUG -DUSE_HAL_DRIVER -DSTM32F446xx -c -I../Core/Inc -I../Drivers/STM32F4xx_HAL_Driver/Inc -I../Drivers/STM32F4xx_HAL_Driver/Inc/Legacy -I../Drivers/CMSIS/Device/ST/STM32F4xx/Include -I../Drivers/CMSIS/Include -O0 -ffunction-sections -fdata-sections -Wall -fstack-usage -fcyclomatic-complexity -MMD -MP -MF"Drivers/STM32F4xx_HAL_Driver/Src/stm32f4xx_ll_usb.d" -MT"Drivers/STM32F4xx_HAL_Driver/Src/stm32f4xx_ll_usb.o" --specs=nano.specs -mfpu=fpv4-sp-d16 -mfloat-abi=hard -mthumb -o "Drivers/STM32F4xx_HAL_Driver/Src/stm32f4xx_ll_usb.o"
arm-none-eabi-gcc -mcpu=cortex-m4 -g3 -DDEBUG -c -x assembler-with-cpp -MMD -MP -MF"Core/Startup/startup_stm32f446retx.d" -MT"Core/Startup/startup_stm32f446retx.o" --specs=nano.specs -mfpu=fpv4-sp-d16 -mfloat-abi=hard -mthumb -o "Core/Startup/startup_stm32f446retx.o" "../Core/Startup/startup_stm32f446retx.s"
arm-none-eabi-gcc "../Core/Src/dma.c" -mcpu=cortex-m4 -std=gnu11 -g3 -DDEBUG -DUSE_HAL_DRIVER -DSTM32F446xx -c -I../Core/Inc -I../Drivers/STM32F4xx_HAL_Driver/Inc -I../Drivers/STM32F4xx_HAL_Driver/Inc/Legacy -I../Drivers/CMSIS/Device/ST/STM32F4xx/Include -I../Drivers/CMSIS/Include -O0 -ffunction-sections -fdata-sections -Wall -fstack-usage -fcyclomatic-complexity -MMD -MP -MF"Core/Src/dma.d" -MT"Core/Src/dma.o" --specs=nano.specs -mfpu=fpv4-sp-d16 -mfloat-abi=hard -mthumb -o "Core/Src/dma.o"
arm-none-eabi-gcc "../Core/Src/gpio.c" -mcpu=cortex-m4 -std=gnu11 -g3 -DDEBUG -DUSE_HAL_DRIVER -DSTM32F446xx -c -I../Core/Inc -I../Drivers/STM32F4xx_HAL_Driver/Inc -I../Drivers/STM32F4xx_HAL_Driver/Inc/Legacy -I../Drivers/CMSIS/Device/ST/STM32F4xx/Include -I../Drivers/CMSIS/Include -O0 -ffunction-sections -fdata-sections -Wall -fstack-usage -fcyclomatic-complexity -MMD -MP -MF"Core/Src/gpio.d" -MT"Core/Src/gpio.o" --specs=nano.specs -mfpu=fpv4-sp-d16 -mfloat-abi=hard -mthumb -o "Core/Src/gpio.o"
arm-none-eabi-gcc "../Core/Src/i2c.c" -mcpu=cortex-m4 -std=gnu11 -g3 -DDEBUG -DUSE_HAL_DRIVER -DSTM32F446xx -c -I../Core/Inc -I../Drivers/STM32F4xx_HAL_Driver/Inc -I../Drivers/STM32F4xx_HAL_Driver/Inc/Legacy -I../Drivers/CMSIS/Device/ST/STM32F4xx/Include -I../Drivers/CMSIS/Include -O0 -ffunction-sections -fdata-sections -Wall -fstack-usage -fcyclomatic-complexity -MMD -MP -MF"Core/Src/i2c.d" -MT"Core/Src/i2c.o" --specs=nano.specs -mfpu=fpv4-sp-d16 -mfloat-abi=hard -mthumb -o "Core/Src/i2c.o"
arm-none-eabi-gcc "../Core/Src/main.c" -mcpu=cortex-m4 -std=gnu11 -g3 -DDEBUG -DUSE_HAL_DRIVER -DSTM32F446xx -c -I../Core/Inc -I../Drivers/STM32F4xx_HAL_Driver/Inc -I../Drivers/STM32F4xx_HAL_Driver/Inc/Legacy -I../Drivers/CMSIS/Device/ST/STM32F4xx/Include -I../Drivers/CMSIS/Include -O0 -ffunction-sections -fdata-sections -Wall -fstack-usage -fcyclomatic-complexity -MMD -MP -MF"Core/Src/main.d" -MT"Core/Src/main.o" --specs=nano.specs -mfpu=fpv4-sp-d16 -mfloat-abi=hard -mthumb -o "Core/Src/main.o"
arm-none-eabi-gcc "../Core/Src/stm32f4xx_hal_msp.c" -mcpu=cortex-m4 -std=gnu11 -g3 -DDEBUG -DUSE_HAL_DRIVER -DSTM32F446xx -c -I../Core/Inc -I../Drivers/STM32F4xx_HAL_Driver/Inc -I../Drivers/STM32F4xx_HAL_Driver/Inc/Legacy -I../Drivers/CMSIS/Device/ST/STM32F4xx/Include -I../Drivers/CMSIS/Include -O0 -ffunction-sections -fdata-sections -Wall -fstack-usage -fcyclomatic-complexity -MMD -MP -MF"Core/Src/stm32f4xx_hal_msp.d" -MT"Core/Src/stm32f4xx_hal_msp.o" --specs=nano.specs -mfpu=fpv4-sp-d16 -mfloat-abi=hard -mthumb -o "Core/Src/stm32f4xx_hal_msp.o"
arm-none-eabi-gcc "../Core/Src/stm32f4xx_it.c" -mcpu=cortex-m4 -std=gnu11 -g3 -DDEBUG -DUSE_HAL_DRIVER -DSTM32F446xx -c -I../Core/Inc -I../Drivers/STM32F4xx_HAL_Driver/Inc -I../Drivers/STM32F4xx_HAL_Driver/Inc/Legacy -I../Drivers/CMSIS/Device/ST/STM32F4xx/Include -I../Drivers/CMSIS/Include -O0 -ffunction-sections -fdata-sections -Wall -fstack-usage -fcyclomatic-complexity -MMD -MP -MF"Core/Src/stm32f4xx_it.d" -MT"Core/Src/stm32f4xx_it.o" --specs=nano.specs -mfpu=fpv4-sp-d16 -mfloat-abi=hard -mthumb -o "Core/Src/stm32f4xx_it.o"
arm-none-eabi-gcc "../Core/Src/syscalls.c" -mcpu=cortex-m4 -std=gnu11 -g3 -DDEBUG -DUSE_HAL_DRIVER -DSTM32F446xx -c -I../Core/Inc -I../Drivers/STM32F4xx_HAL_Driver/Inc -I../Drivers/STM32F4xx_HAL_Driver/Inc/Legacy -I../Drivers/CMSIS/Device/ST/STM32F4xx/Include -I../Drivers/CMSIS/Include -O0 -ffunction-sections -fdata-sections -Wall -fstack-usage -fcyclomatic-complexity -MMD -MP -MF"Core/Src/syscalls.d" -MT"Core/Src/syscalls.o" --specs=nano.specs -mfpu=fpv4-sp-d16 -mfloat-abi=hard -mthumb -o "Core/Src/syscalls.o"
arm-none-eabi-gcc "../Core/Src/sysmem.c" -mcpu=cortex-m4 -std=gnu11 -g3 -DDEBUG -DUSE_HAL_DRIVER -DSTM32F446xx -c -I../Core/Inc -I../Drivers/STM32F4xx_HAL_Driver/Inc -I../Drivers/STM32F4xx_HAL_Driver/Inc/Legacy -I../Drivers/CMSIS/Device/ST/STM32F4xx/Include -I../Drivers/CMSIS/Include -O0 -ffunction-sections -fdata-sections -Wall -fstack-usage -fcyclomatic-complexity -MMD -MP -MF"Core/Src/sysmem.d" -MT"Core/Src/sysmem.o" --specs=nano.specs -mfpu=fpv4-sp-d16 -mfloat-abi=hard -mthumb -o "Core/Src/sysmem.o"
arm-none-eabi-gcc "../Core/Src/system_stm32f4xx.c" -mcpu=cortex-m4 -std=gnu11 -g3 -DDEBUG -DUSE_HAL_DRIVER -DSTM32F446xx -c -I../Core/Inc -I../Drivers/STM32F4xx_HAL_Driver/Inc -I../Drivers/STM32F4xx_HAL_Driver/Inc/Legacy -I../Drivers/CMSIS/Device/ST/STM32F4xx/Include -I../Drivers/CMSIS/Include -O0 -ffunction-sections -fdata-sections -Wall -fstack-usage -fcyclomatic-complexity -MMD -MP -MF"Core/Src/system_stm32f4xx.d" -MT"Core/Src/system_stm32f4xx.o" --specs=nano.specs -mfpu=fpv4-sp-d16 -mfloat-abi=hard -mthumb -o "Core/Src/system_stm32f4xx.o"
arm-none-eabi-gcc "../Core/Src/usart.c" -mcpu=cortex-m4 -std=gnu11 -g3 -DDEBUG -DUSE_HAL_DRIVER -DSTM32F446xx -c -I../Core/Inc -I../Drivers/STM32F4xx_HAL_Driver/Inc -I../Drivers/STM32F4xx_HAL_Driver/Inc/Legacy -I../Drivers/CMSIS/Device/ST/STM32F4xx/Include -I../Drivers/CMSIS/Include -O0 -ffunction-sections -fdata-sections -Wall -fstack-usage -fcyclomatic-complexity -MMD -MP -MF"Core/Src/usart.d" -MT"Core/Src/usart.o" --specs=nano.specs -mfpu=fpv4-sp-d16 -mfloat-abi=hard -mthumb -o "Core/Src/usart.o"
arm-none-eabi-gcc "../Core/Src/usb_otg.c" -mcpu=cortex-m4 -std=gnu11 -g3 -DDEBUG -DUSE_HAL_DRIVER -DSTM32F446xx -c -I../Core/Inc -I../Drivers/STM32F4xx_HAL_Driver/Inc -I../Drivers/STM32F4xx_HAL_Driver/Inc/Legacy -I../Drivers/CMSIS/Device/ST/STM32F4xx/Include -I../Drivers/CMSIS/Include -O0 -ffunction-sections -fdata-sections -Wall -fstack-usage -fcyclomatic-complexity -MMD -MP -MF"Core/Src/usb_otg.d" -MT"Core/Src/usb_otg.o" --specs=nano.specs -mfpu=fpv4-sp-d16 -mfloat-abi=hard -mthumb -o "Core/Src/usb_otg.o"
arm-none-eabi-gcc -o "integration_elec_slave.elf" @"objects.list"   -mcpu=cortex-m4 -T"C:\MEC8370\integration_elec\PI4\code_integration_elec\onboard\STM32F446RETX_FLASH.ld" --specs=nosys.specs -Wl,-Map="integration_elec_slave.map" -Wl,--gc-sections -static --specs=nano.specs -mfpu=fpv4-sp-d16 -mfloat-abi=hard -mthumb -Wl,--start-group -lc -lm -Wl,--end-group
Finished building target: integration_elec_slave.elf
 
arm-none-eabi-size  integration_elec_slave.elf 
arm-none-eabi-objdump -h -S integration_elec_slave.elf  > "integration_elec_slave.list"
   text	   data	    bss	    dec	    hex	filename
  15864	     12	   3364	  19240	   4b28	integration_elec_slave.elf
Finished building: default.size.stdout
 
Finished building: integration_elec_slave.list
 
23:59:43 **** Clean-only build of configuration Debug for project E11_COM ****
make -j20 clean 
rm -rf ./USB_DEVICE/Target/usbd_conf.cyclo ./USB_DEVICE/Target/usbd_conf.d ./USB_DEVICE/Target/usbd_conf.o ./USB_DEVICE/Target/usbd_conf.su
rm -rf ./USB_DEVICE/App/usb_device.cyclo ./USB_DEVICE/App/usb_device.d ./USB_DEVICE/App/usb_device.o ./USB_DEVICE/App/usb_device.su ./USB_DEVICE/App/usbd_cdc_if.cyclo ./USB_DEVICE/App/usbd_cdc_if.d ./USB_DEVICE/App/usbd_cdc_if.o ./USB_DEVICE/App/usbd_cdc_if.su ./USB_DEVICE/App/usbd_desc.cyclo ./USB_DEVICE/App/usbd_desc.d ./USB_DEVICE/App/usbd_desc.o ./USB_DEVICE/App/usbd_desc.su
rm -rf ./Services/Interpreter/CanMain/Transmit/TransmitCanMain.cyclo ./Services/Interpreter/CanMain/Transmit/TransmitCanMain.d ./Services/Interpreter/CanMain/Transmit/TransmitCanMain.o ./Services/Interpreter/CanMain/Transmit/TransmitCanMain.su
rm -rf ./Services/Interpreter/CanMain/Reception/ReceptionCanMain.cyclo ./Services/Interpreter/CanMain/Reception/ReceptionCanMain.d ./Services/Interpreter/CanMain/Reception/ReceptionCanMain.o ./Services/Interpreter/CanMain/Reception/ReceptionCanMain.su
rm -rf ./Services/Interpreter/Interpreter.cyclo ./Services/Interpreter/Interpreter.d ./Services/Interpreter/Interpreter.o ./Services/Interpreter/Interpreter.su
rm -rf ./Middlewares/Third_Party/FatFs/src/option/syscall.cyclo ./Middlewares/Third_Party/FatFs/src/option/syscall.d ./Middlewares/Third_Party/FatFs/src/option/syscall.o ./Middlewares/Third_Party/FatFs/src/option/syscall.su
rm -rf ./Middlewares/Third_Party/FatFs/src/diskio.cyclo ./Middlewares/Third_Party/FatFs/src/diskio.d ./Middlewares/Third_Party/FatFs/src/diskio.o ./Middlewares/Third_Party/FatFs/src/diskio.su ./Middlewares/Third_Party/FatFs/src/ff.cyclo ./Middlewares/Third_Party/FatFs/src/ff.d ./Middlewares/Third_Party/FatFs/src/ff.o ./Middlewares/Third_Party/FatFs/src/ff.su ./Middlewares/Third_Party/FatFs/src/ff_gen_drv.cyclo ./Middlewares/Third_Party/FatFs/src/ff_gen_drv.d ./Middlewares/Third_Party/FatFs/src/ff_gen_drv.o ./Middlewares/Third_Party/FatFs/src/ff_gen_drv.su
rm -rf ./Middlewares/ST/STM32_USB_Device_Library/Core/Src/usbd_core.cyclo ./Middlewares/ST/STM32_USB_Device_Library/Core/Src/usbd_core.d ./Middlewares/ST/STM32_USB_Device_Library/Core/Src/usbd_core.o ./Middlewares/ST/STM32_USB_Device_Library/Core/Src/usbd_core.su ./Middlewares/ST/STM32_USB_Device_Library/Core/Src/usbd_ctlreq.cyclo ./Middlewares/ST/STM32_USB_Device_Library/Core/Src/usbd_ctlreq.d ./Middlewares/ST/STM32_USB_Device_Library/Core/Src/usbd_ctlreq.o ./Middlewares/ST/STM32_USB_Device_Library/Core/Src/usbd_ctlreq.su ./Middlewares/ST/STM32_USB_Device_Library/Core/Src/usbd_ioreq.cyclo ./Middlewares/ST/STM32_USB_Device_Library/Core/Src/usbd_ioreq.d ./Middlewares/ST/STM32_USB_Device_Library/Core/Src/usbd_ioreq.o ./Middlewares/ST/STM32_USB_Device_Library/Core/Src/usbd_ioreq.su
rm -rf ./Middlewares/ST/STM32_USB_Device_Library/Class/CDC/Src/usbd_cdc.cyclo ./Middlewares/ST/STM32_USB_Device_Library/Class/CDC/Src/usbd_cdc.d ./Middlewares/ST/STM32_USB_Device_Library/Class/CDC/Src/usbd_cdc.o ./Middlewares/ST/STM32_USB_Device_Library/Class/CDC/Src/usbd_cdc.su
rm -rf ./FATFS/Target/bsp_driver_sd.cyclo ./FATFS/Target/bsp_driver_sd.d ./FATFS/Target/bsp_driver_sd.o ./FATFS/Target/bsp_driver_sd.su ./FATFS/Target/fatfs_platform.cyclo ./FATFS/Target/fatfs_platform.d ./FATFS/Target/fatfs_platform.o ./FATFS/Target/fatfs_platform.su ./FATFS/Target/sd_diskio.cyclo ./FATFS/Target/sd_diskio.d ./FATFS/Target/sd_diskio.o ./FATFS/Target/sd_diskio.su
rm -rf ./FATFS/App/fatfs.cyclo ./FATFS/App/fatfs.d ./FATFS/App/fatfs.o ./FATFS/App/fatfs.su
rm -rf ./Drivers/STM32F4xx_HAL_Driver/Src/stm32f4xx_hal.cyclo ./Drivers/STM32F4xx_HAL_Driver/Src/stm32f4xx_hal.d ./Drivers/STM32F4xx_HAL_Driver/Src/stm32f4xx_hal.o ./Drivers/STM32F4xx_HAL_Driver/Src/stm32f4xx_hal.su ./Drivers/STM32F4xx_HAL_Driver/Src/stm32f4xx_hal_adc.cyclo ./Drivers/STM32F4xx_HAL_Driver/Src/stm32f4xx_hal_adc.d ./Drivers/STM32F4xx_HAL_Driver/Src/stm32f4xx_hal_adc.o ./Drivers/STM32F4xx_HAL_Driver/Src/stm32f4xx_hal_adc.su ./Drivers/STM32F4xx_HAL_Driver/Src/stm32f4xx_hal_adc_ex.cyclo ./Drivers/STM32F4xx_HAL_Driver/Src/stm32f4xx_hal_adc_ex.d ./Drivers/STM32F4xx_HAL_Driver/Src/stm32f4xx_hal_adc_ex.o ./Drivers/STM32F4xx_HAL_Driver/Src/stm32f4xx_hal_adc_ex.su ./Drivers/STM32F4xx_HAL_Driver/Src/stm32f4xx_hal_can.cyclo ./Drivers/STM32F4xx_HAL_Driver/Src/stm32f4xx_hal_can.d ./Drivers/STM32F4xx_HAL_Driver/Src/stm32f4xx_hal_can.o ./Drivers/STM32F4xx_HAL_Driver/Src/stm32f4xx_hal_can.su ./Drivers/STM32F4xx_HAL_Driver/Src/stm32f4xx_hal_cortex.cyclo ./Drivers/STM32F4xx_HAL_Driver/Src/stm32f4xx_hal_cortex.d ./Drivers/STM32F4xx_HAL_Driver/Src/stm32f4xx_hal_cortex.o ./Drivers/STM32F4xx_HAL_Driver/Src/stm32f4xx_hal_cortex.su ./Drivers/STM32F4xx_HAL_Driver/Src/stm32f4xx_hal_dma.cyclo ./Drivers/STM32F4xx_HAL_Driver/Src/stm32f4xx_hal_dma.d ./Drivers/STM32F4xx_HAL_Driver/Src/stm32f4xx_hal_dma.o ./Drivers/STM32F4xx_HAL_Driver/Src/stm32f4xx_hal_dma.su ./Drivers/STM32F4xx_HAL_Driver/Src/stm32f4xx_hal_dma_ex.cyclo ./Drivers/STM32F4xx_HAL_Driver/Src/stm32f4xx_hal_dma_ex.d ./Drivers/STM32F4xx_HAL_Driver/Src/stm32f4xx_hal_dma_ex.o ./Drivers/STM32F4xx_HAL_Driver/Src/stm32f4xx_hal_dma_ex.su ./Drivers/STM32F4xx_HAL_Driver/Src/stm32f4xx_hal_exti.cyclo ./Drivers/STM32F4xx_HAL_Driver/Src/stm32f4xx_hal_exti.d ./Drivers/STM32F4xx_HAL_Driver/Src/stm32f4xx_hal_exti.o ./Drivers/STM32F4xx_HAL_Driver/Src/stm32f4xx_hal_exti.su ./Drivers/STM32F4xx_HAL_Driver/Src/stm32f4xx_hal_flash.cyclo ./Drivers/STM32F4xx_HAL_Driver/Src/stm32f4xx_hal_flash.d ./Drivers/STM32F4xx_HAL_Driver/Src/stm32f4xx_hal_flash.o ./Drivers/STM32F4xx_HAL_Driver/Src/stm32f4xx_hal_flash.su ./Drivers/STM32F4xx_HAL_Driver/Src/stm32f4xx_hal_flash_ex.cyclo ./Drivers/STM32F4xx_HAL_Driver/Src/stm32f4xx_hal_flash_ex.d ./Drivers/STM32F4xx_HAL_Driver/Src/stm32f4xx_hal_flash_ex.o ./Drivers/STM32F4xx_HAL_Driver/Src/stm32f4xx_hal_flash_ex.su ./Drivers/STM32F4xx_HAL_Driver/Src/stm32f4xx_hal_flash_ramfunc.cyclo ./Drivers/STM32F4xx_HAL_Driver/Src/stm32f4xx_hal_flash_ramfunc.d ./Drivers/STM32F4xx_HAL_Driver/Src/stm32f4xx_hal_flash_ramfunc.o ./Drivers/STM32F4xx_HAL_Driver/Src/stm32f4xx_hal_flash_ramfunc.su ./Drivers/STM32F4xx_HAL_Driver/Src/stm32f4xx_hal_gpio.cyclo ./Drivers/STM32F4xx_HAL_Driver/Src/stm32f4xx_hal_gpio.d ./Drivers/STM32F4xx_HAL_Driver/Src/stm32f4xx_hal_gpio.o ./Drivers/STM32F4xx_HAL_Driver/Src/stm32f4xx_hal_gpio.su ./Drivers/STM32F4xx_HAL_Driver/Src/stm32f4xx_hal_i2c.cyclo ./Drivers/STM32F4xx_HAL_Driver/Src/stm32f4xx_hal_i2c.d ./Drivers/STM32F4xx_HAL_Driver/Src/stm32f4xx_hal_i2c.o ./Drivers/STM32F4xx_HAL_Driver/Src/stm32f4xx_hal_i2c.su ./Drivers/STM32F4xx_HAL_Driver/Src/stm32f4xx_hal_i2c_ex.cyclo ./Drivers/STM32F4xx_HAL_Driver/Src/stm32f4xx_hal_i2c_ex.d ./Drivers/STM32F4xx_HAL_Driver/Src/stm32f4xx_hal_i2c_ex.o ./Drivers/STM32F4xx_HAL_Driver/Src/stm32f4xx_hal_i2c_ex.su ./Drivers/STM32F4xx_HAL_Driver/Src/stm32f4xx_hal_iwdg.cyclo ./Drivers/STM32F4xx_HAL_Driver/Src/stm32f4xx_hal_iwdg.d ./Drivers/STM32F4xx_HAL_Driver/Src/stm32f4xx_hal_iwdg.o ./Drivers/STM32F4xx_HAL_Driver/Src/stm32f4xx_hal_iwdg.su ./Drivers/STM32F4xx_HAL_Driver/Src/stm32f4xx_hal_pcd.cyclo ./Drivers/STM32F4xx_HAL_Driver/Src/stm32f4xx_hal_pcd.d ./Drivers/STM32F4xx_HAL_Driver/Src/stm32f4xx_hal_pcd.o ./Drivers/STM32F4xx_HAL_Driver/Src/stm32f4xx_hal_pcd.su ./Drivers/STM32F4xx_HAL_Driver/Src/stm32f4xx_hal_pcd_ex.cyclo ./Drivers/STM32F4xx_HAL_Driver/Src/stm32f4xx_hal_pcd_ex.d ./Drivers/STM32F4xx_HAL_Driver/Src/stm32f4xx_hal_pcd_ex.o ./Drivers/STM32F4xx_HAL_Driver/Src/stm32f4xx_hal_pcd_ex.su ./Drivers/STM32F4xx_HAL_Driver/Src/stm32f4xx_hal_pwr.cyclo ./Drivers/STM32F4xx_HAL_Driver/Src/stm32f4xx_hal_pwr.d ./Drivers/STM32F4xx_HAL_Driver/Src/stm32f4xx_hal_pwr.o ./Drivers/STM32F4xx_HAL_Driver/Src/stm32f4xx_hal_pwr.su ./Drivers/STM32F4xx_HAL_Driver/Src/stm32f4xx_hal_pwr_ex.cyclo ./Drivers/STM32F4xx_HAL_Driver/Src/stm32f4xx_hal_pwr_ex.d ./Drivers/STM32F4xx_HAL_Driver/Src/stm32f4xx_hal_pwr_ex.o ./Drivers/STM32F4xx_HAL_Driver/Src/stm32f4xx_hal_pwr_ex.su ./Drivers/STM32F4xx_HAL_Driver/Src/stm32f4xx_hal_rcc.cyclo ./Drivers/STM32F4xx_HAL_Driver/Src/stm32f4xx_hal_rcc.d ./Drivers/STM32F4xx_HAL_Driver/Src/stm32f4xx_hal_rcc.o ./Drivers/STM32F4xx_HAL_Driver/Src/stm32f4xx_hal_rcc.su ./Drivers/STM32F4xx_HAL_Driver/Src/stm32f4xx_hal_rcc_ex.cyclo ./Drivers/STM32F4xx_HAL_Driver/Src/stm32f4xx_hal_rcc_ex.d ./Drivers/STM32F4xx_HAL_Driver/Src/stm32f4xx_hal_rcc_ex.o ./Drivers/STM32F4xx_HAL_Driver/Src/stm32f4xx_hal_rcc_ex.su ./Drivers/STM32F4xx_HAL_Driver/Src/stm32f4xx_hal_sd.cyclo ./Drivers/STM32F4xx_HAL_Driver/Src/stm32f4xx_hal_sd.d ./Drivers/STM32F4xx_HAL_Driver/Src/stm32f4xx_hal_sd.o ./Drivers/STM32F4xx_HAL_Driver/Src/stm32f4xx_hal_sd.su ./Drivers/STM32F4xx_HAL_Driver/Src/stm32f4xx_hal_tim.cyclo ./Drivers/STM32F4xx_HAL_Driver/Src/stm32f4xx_hal_tim.d ./Drivers/STM32F4xx_HAL_Driver/Src/stm32f4xx_hal_tim.o ./Drivers/STM32F4xx_HAL_Driver/Src/stm32f4xx_hal_tim.su ./Drivers/STM32F4xx_HAL_Driver/Src/stm32f4xx_hal_tim_ex.cyclo ./Drivers/STM32F4xx_HAL_Driver/Src/stm32f4xx_hal_tim_ex.d ./Drivers/STM32F4xx_HAL_Driver/Src/stm32f4xx_hal_tim_ex.o ./Drivers/STM32F4xx_HAL_Driver/Src/stm32f4xx_hal_tim_ex.su ./Drivers/STM32F4xx_HAL_Driver/Src/stm32f4xx_hal_uart.cyclo ./Drivers/STM32F4xx_HAL_Driver/Src/stm32f4xx_hal_uart.d ./Drivers/STM32F4xx_HAL_Driver/Src/stm32f4xx_hal_uart.o ./Drivers/STM32F4xx_HAL_Driver/Src/stm32f4xx_hal_uart.su ./Drivers/STM32F4xx_HAL_Driver/Src/stm32f4xx_ll_adc.cyclo ./Drivers/STM32F4xx_HAL_Driver/Src/stm32f4xx_ll_adc.d ./Drivers/STM32F4xx_HAL_Driver/Src/stm32f4xx_ll_adc.o
rm -rf ./Core/Startup/startup_stm32f446retx.d ./Core/Startup/startup_stm32f446retx.o
rm -rf ./Core/Src/adc.cyclo ./Core/Src/adc.d ./Core/Src/adc.o ./Core/Src/adc.su ./Core/Src/can.cyclo ./Core/Src/can.d ./Core/Src/can.o ./Core/Src/can.su ./Core/Src/dma.cyclo ./Core/Src/dma.d ./Core/Src/dma.o ./Core/Src/dma.su ./Core/Src/gpio.cyclo ./Core/Src/gpio.d ./Core/Src/gpio.o ./Core/Src/gpio.su ./Core/Src/i2c.cyclo ./Core/Src/i2c.d ./Core/Src/i2c.o ./Core/Src/i2c.su ./Core/Src/iwdg.cyclo ./Core/Src/iwdg.d ./Core/Src/iwdg.o ./Core/Src/iwdg.su ./Core/Src/main.cyclo ./Core/Src/main.d ./Core/Src/main.o ./Core/Src/main.su ./Core/Src/sdio.cyclo ./Core/Src/sdio.d ./Core/Src/sdio.o ./Core/Src/sdio.su ./Core/Src/stm32f4xx_hal_msp.cyclo ./Core/Src/stm32f4xx_hal_msp.d ./Core/Src/stm32f4xx_hal_msp.o ./Core/Src/stm32f4xx_hal_msp.su ./Core/Src/stm32f4xx_it.cyclo ./Core/Src/stm32f4xx_it.d ./Core/Src/stm32f4xx_it.o ./Core/Src/stm32f4xx_it.su ./Core/Src/syscalls.cyclo ./Core/Src/syscalls.d ./Core/Src/syscalls.o ./Core/Src/syscalls.su ./Core/Src/sysmem.cyclo ./Core/Src/sysmem.d ./Core/Src/sysmem.o ./Core/Src/sysmem.su ./Core/Src/system_stm32f4xx.cyclo ./Core/Src/system_stm32f4xx.d ./Core/Src/system_stm32f4xx.o ./Core/Src/system_stm32f4xx.su ./Core/Src/usart.cyclo ./Core/Src/usart.d ./Core/Src/usart.o ./Core/Src/usart.su
rm -rf ./Drivers/STM32F4xx_HAL_Driver/Src/stm32f4xx_ll_adc.su ./Drivers/STM32F4xx_HAL_Driver/Src/stm32f4xx_ll_sdmmc.cyclo ./Drivers/STM32F4xx_HAL_Driver/Src/stm32f4xx_ll_sdmmc.d ./Drivers/STM32F4xx_HAL_Driver/Src/stm32f4xx_ll_sdmmc.o ./Drivers/STM32F4xx_HAL_Driver/Src/stm32f4xx_ll_sdmmc.su ./Drivers/STM32F4xx_HAL_Driver/Src/stm32f4xx_ll_usb.cyclo ./Drivers/STM32F4xx_HAL_Driver/Src/stm32f4xx_ll_usb.d ./Drivers/STM32F4xx_HAL_Driver/Src/stm32f4xx_ll_usb.o ./Drivers/STM32F4xx_HAL_Driver/Src/stm32f4xx_ll_usb.su
rm -rf E11_COM.elf E11_COM.list E11_COM.map default.size.stdout
 
23:59:43 **** Build of configuration Debug for project E11_COM ****
make -j20 all 
arm-none-eabi-gcc "../USB_DEVICE/Target/usbd_conf.c" -mcpu=cortex-m4 -std=gnu11 -g3 -DDEBUG -DUSE_HAL_DRIVER -DSTM32F446xx -DCAN_USE_PORT1 -DCOM_BOARD -DSTM32Esteban -c -I../Core/Inc -I../FATFS/Target -I../FATFS/App -I../Drivers/STM32F4xx_HAL_Driver/Inc -I../Drivers/STM32F4xx_HAL_Driver/Inc/Legacy -I../Drivers/CMSIS/Device/ST/STM32F4xx/Include -I../Drivers/CMSIS/Include -I"C:/E11_ELEC_Git/07-COM/Firmware/COM_Code/v2/Middlewares/ST/STM32_USB_Device_Library/Core/Inc" -I"C:/E11_ELEC_Git/07-COM/Firmware/COM_Code/v2/Middlewares/ST/STM32_USB_Device_Library/Class/CDC/Inc" -I"C:/E11_ELEC_Git/07-COM/Firmware/COM_Code/v2/Middlewares/Third_Party/FatFs/src" -I../Middlewares/Third_Party/FatFs/src -I"C:/E11_ELEC_Git/07-COM/Firmware/COM_Code/v2/Services/Interpreter/Config" -I"C:/E11_ELEC_Git/07-COM/Firmware/COM_Code/v2/Services/Interpreter" -I"C:/E11_ELEC_Git/07-COM/Firmware/COM_Code/v2/Services/HW_Config" -I"C:/E11_ELEC_Git/07-COM/Firmware/COM_Code/v2/Services/Interpreter/CanMain/Reception" -I"C:/E11_ELEC_Git/07-COM/Firmware/COM_Code/v2/Services/Interpreter/CanMain/Transmit" -I../USB_DEVICE/App -I../USB_DEVICE/Target -I../Middlewares/ST/STM32_USB_Device_Library/Core/Inc -I../Middlewares/ST/STM32_USB_Device_Library/Class/CDC/Inc -I"C:/E11_ELEC_Git/07-COM/Firmware/COM_Code/v2/E11_Library/BoardID" -I"C:/E11_ELEC_Git/07-COM/Firmware/COM_Code/v2/E11_Library/Can2Def" -I"C:/E11_ELEC_Git/07-COM/Firmware/COM_Code/v2/E11_Library/CanDef" -I"C:/E11_ELEC_Git/07-COM/Firmware/COM_Code/v2/E11_Library/Cobs" -I"C:/E11_ELEC_Git/07-COM/Firmware/COM_Code/v2/E11_Library/Eeprom" -I"C:/E11_ELEC_Git/07-COM/Firmware/COM_Code/v2/E11_Library/ErrorDef/Legacy" -I"C:/E11_ELEC_Git/07-COM/Firmware/COM_Code/v2/E11_Library/EstebanCAN" -I"C:/E11_ELEC_Git/07-COM/Firmware/COM_Code/v2/E11_Library/EstebanCOM" -I"C:/E11_ELEC_Git/07-COM/Firmware/COM_Code/v2/E11_Library/EstebanSystem" -I"C:/E11_ELEC_Git/07-COM/Firmware/COM_Code/v2/E11_Library/EstebanUSB" -I"C:/E11_ELEC_Git/07-COM/Firmware/COM_Code/v2/E11_Library/Parameters" -I"C:/E11_ELEC_Git/07-COM/Firmware/COM_Code/v2/E11_Library/Serial" -I"C:/E11_ELEC_Git/07-COM/Firmware/COM_Code/v2/E11_Library/SystemErrors" -I"C:/E11_ELEC_Git/07-COM/Firmware/COM_Code/v2/E11_Library/Timer" -I"C:/E11_ELEC_Git/07-COM/Firmware/COM_Code/v2/E11_Library/Global" -I"C:/E11_ELEC_Git/07-COM/Firmware/COM_Code/v2/Services/CommunicationController/Inc" -I"C:/E11_ELEC_Git/07-COM/Firmware/COM_Code/v2/Services/CommunicationController/Src" -I"C:/E11_ELEC_Git/07-COM/Firmware/COM_Code/v2/Services/Gps/Inc" -I"C:/E11_ELEC_Git/07-COM/Firmware/COM_Code/v2/Services/Gps/Src" -I"C:/E11_ELEC_Git/07-COM/Firmware/COM_Code/v2/Services/uSD_card/Inc" -I"C:/E11_ELEC_Git/07-COM/Firmware/COM_Code/v2/Services/uSD_card/Src" -I"C:/E11_ELEC_Git/07-COM/Firmware/COM_Code/v2/Services/XbeeLTE/Inc" -I"C:/E11_ELEC_Git/07-COM/Firmware/COM_Code/v2/Services/XbeeLTE/Src" -I"C:/E11_ELEC_Git/07-COM/Firmware/COM_Code/v2/Services/XbeeRF/Inc" -I"C:/E11_ELEC_Git/07-COM/Firmware/COM_Code/v2/Services/XbeeRF/Src" -O0 -ffunction-sections -fdata-sections -Wall -fstack-usage -fcyclomatic-complexity -MMD -MP -MF"USB_DEVICE/Target/usbd_conf.d" -MT"USB_DEVICE/Target/usbd_conf.o" --specs=nano.specs -mfpu=fpv4-sp-d16 -mfloat-abi=hard -mthumb -o "USB_DEVICE/Target/usbd_conf.o"
arm-none-eabi-gcc "../USB_DEVICE/App/usb_device.c" -mcpu=cortex-m4 -std=gnu11 -g3 -DDEBUG -DUSE_HAL_DRIVER -DSTM32F446xx -DCAN_USE_PORT1 -DCOM_BOARD -DSTM32Esteban -c -I../Core/Inc -I../FATFS/Target -I../FATFS/App -I../Drivers/STM32F4xx_HAL_Driver/Inc -I../Drivers/STM32F4xx_HAL_Driver/Inc/Legacy -I../Drivers/CMSIS/Device/ST/STM32F4xx/Include -I../Drivers/CMSIS/Include -I"C:/E11_ELEC_Git/07-COM/Firmware/COM_Code/v2/Middlewares/ST/STM32_USB_Device_Library/Core/Inc" -I"C:/E11_ELEC_Git/07-COM/Firmware/COM_Code/v2/Middlewares/ST/STM32_USB_Device_Library/Class/CDC/Inc" -I"C:/E11_ELEC_Git/07-COM/Firmware/COM_Code/v2/Middlewares/Third_Party/FatFs/src" -I../Middlewares/Third_Party/FatFs/src -I"C:/E11_ELEC_Git/07-COM/Firmware/COM_Code/v2/Services/Interpreter/Config" -I"C:/E11_ELEC_Git/07-COM/Firmware/COM_Code/v2/Services/Interpreter" -I"C:/E11_ELEC_Git/07-COM/Firmware/COM_Code/v2/Services/HW_Config" -I"C:/E11_ELEC_Git/07-COM/Firmware/COM_Code/v2/Services/Interpreter/CanMain/Reception" -I"C:/E11_ELEC_Git/07-COM/Firmware/COM_Code/v2/Services/Interpreter/CanMain/Transmit" -I../USB_DEVICE/App -I../USB_DEVICE/Target -I../Middlewares/ST/STM32_USB_Device_Library/Core/Inc -I../Middlewares/ST/STM32_USB_Device_Library/Class/CDC/Inc -I"C:/E11_ELEC_Git/07-COM/Firmware/COM_Code/v2/E11_Library/BoardID" -I"C:/E11_ELEC_Git/07-COM/Firmware/COM_Code/v2/E11_Library/Can2Def" -I"C:/E11_ELEC_Git/07-COM/Firmware/COM_Code/v2/E11_Library/CanDef" -I"C:/E11_ELEC_Git/07-COM/Firmware/COM_Code/v2/E11_Library/Cobs" -I"C:/E11_ELEC_Git/07-COM/Firmware/COM_Code/v2/E11_Library/Eeprom" -I"C:/E11_ELEC_Git/07-COM/Firmware/COM_Code/v2/E11_Library/ErrorDef/Legacy" -I"C:/E11_ELEC_Git/07-COM/Firmware/COM_Code/v2/E11_Library/EstebanCAN" -I"C:/E11_ELEC_Git/07-COM/Firmware/COM_Code/v2/E11_Library/EstebanCOM" -I"C:/E11_ELEC_Git/07-COM/Firmware/COM_Code/v2/E11_Library/EstebanSystem" -I"C:/E11_ELEC_Git/07-COM/Firmware/COM_Code/v2/E11_Library/EstebanUSB" -I"C:/E11_ELEC_Git/07-COM/Firmware/COM_Code/v2/E11_Library/Parameters" -I"C:/E11_ELEC_Git/07-COM/Firmware/COM_Code/v2/E11_Library/Serial" -I"C:/E11_ELEC_Git/07-COM/Firmware/COM_Code/v2/E11_Library/SystemErrors" -I"C:/E11_ELEC_Git/07-COM/Firmware/COM_Code/v2/E11_Library/Timer" -I"C:/E11_ELEC_Git/07-COM/Firmware/COM_Code/v2/E11_Library/Global" -I"C:/E11_ELEC_Git/07-COM/Firmware/COM_Code/v2/Services/CommunicationController/Inc" -I"C:/E11_ELEC_Git/07-COM/Firmware/COM_Code/v2/Services/CommunicationController/Src" -I"C:/E11_ELEC_Git/07-COM/Firmware/COM_Code/v2/Services/Gps/Inc" -I"C:/E11_ELEC_Git/07-COM/Firmware/COM_Code/v2/Services/Gps/Src" -I"C:/E11_ELEC_Git/07-COM/Firmware/COM_Code/v2/Services/uSD_card/Inc" -I"C:/E11_ELEC_Git/07-COM/Firmware/COM_Code/v2/Services/uSD_card/Src" -I"C:/E11_ELEC_Git/07-COM/Firmware/COM_Code/v2/Services/XbeeLTE/Inc" -I"C:/E11_ELEC_Git/07-COM/Firmware/COM_Code/v2/Services/XbeeLTE/Src" -I"C:/E11_ELEC_Git/07-COM/Firmware/COM_Code/v2/Services/XbeeRF/Inc" -I"C:/E11_ELEC_Git/07-COM/Firmware/COM_Code/v2/Services/XbeeRF/Src" -O0 -ffunction-sections -fdata-sections -Wall -fstack-usage -fcyclomatic-complexity -MMD -MP -MF"USB_DEVICE/App/usb_device.d" -MT"USB_DEVICE/App/usb_device.o" --specs=nano.specs -mfpu=fpv4-sp-d16 -mfloat-abi=hard -mthumb -o "USB_DEVICE/App/usb_device.o"
arm-none-eabi-gcc "../USB_DEVICE/App/usbd_cdc_if.c" -mcpu=cortex-m4 -std=gnu11 -g3 -DDEBUG -DUSE_HAL_DRIVER -DSTM32F446xx -DCAN_USE_PORT1 -DCOM_BOARD -DSTM32Esteban -c -I../Core/Inc -I../FATFS/Target -I../FATFS/App -I../Drivers/STM32F4xx_HAL_Driver/Inc -I../Drivers/STM32F4xx_HAL_Driver/Inc/Legacy -I../Drivers/CMSIS/Device/ST/STM32F4xx/Include -I../Drivers/CMSIS/Include -I"C:/E11_ELEC_Git/07-COM/Firmware/COM_Code/v2/Middlewares/ST/STM32_USB_Device_Library/Core/Inc" -I"C:/E11_ELEC_Git/07-COM/Firmware/COM_Code/v2/Middlewares/ST/STM32_USB_Device_Library/Class/CDC/Inc" -I"C:/E11_ELEC_Git/07-COM/Firmware/COM_Code/v2/Middlewares/Third_Party/FatFs/src" -I../Middlewares/Third_Party/FatFs/src -I"C:/E11_ELEC_Git/07-COM/Firmware/COM_Code/v2/Services/Interpreter/Config" -I"C:/E11_ELEC_Git/07-COM/Firmware/COM_Code/v2/Services/Interpreter" -I"C:/E11_ELEC_Git/07-COM/Firmware/COM_Code/v2/Services/HW_Config" -I"C:/E11_ELEC_Git/07-COM/Firmware/COM_Code/v2/Services/Interpreter/CanMain/Reception" -I"C:/E11_ELEC_Git/07-COM/Firmware/COM_Code/v2/Services/Interpreter/CanMain/Transmit" -I../USB_DEVICE/App -I../USB_DEVICE/Target -I../Middlewares/ST/STM32_USB_Device_Library/Core/Inc -I../Middlewares/ST/STM32_USB_Device_Library/Class/CDC/Inc -I"C:/E11_ELEC_Git/07-COM/Firmware/COM_Code/v2/E11_Library/BoardID" -I"C:/E11_ELEC_Git/07-COM/Firmware/COM_Code/v2/E11_Library/Can2Def" -I"C:/E11_ELEC_Git/07-COM/Firmware/COM_Code/v2/E11_Library/CanDef" -I"C:/E11_ELEC_Git/07-COM/Firmware/COM_Code/v2/E11_Library/Cobs" -I"C:/E11_ELEC_Git/07-COM/Firmware/COM_Code/v2/E11_Library/Eeprom" -I"C:/E11_ELEC_Git/07-COM/Firmware/COM_Code/v2/E11_Library/ErrorDef/Legacy" -I"C:/E11_ELEC_Git/07-COM/Firmware/COM_Code/v2/E11_Library/EstebanCAN" -I"C:/E11_ELEC_Git/07-COM/Firmware/COM_Code/v2/E11_Library/EstebanCOM" -I"C:/E11_ELEC_Git/07-COM/Firmware/COM_Code/v2/E11_Library/EstebanSystem" -I"C:/E11_ELEC_Git/07-COM/Firmware/COM_Code/v2/E11_Library/EstebanUSB" -I"C:/E11_ELEC_Git/07-COM/Firmware/COM_Code/v2/E11_Library/Parameters" -I"C:/E11_ELEC_Git/07-COM/Firmware/COM_Code/v2/E11_Library/Serial" -I"C:/E11_ELEC_Git/07-COM/Firmware/COM_Code/v2/E11_Library/SystemErrors" -I"C:/E11_ELEC_Git/07-COM/Firmware/COM_Code/v2/E11_Library/Timer" -I"C:/E11_ELEC_Git/07-COM/Firmware/COM_Code/v2/E11_Library/Global" -I"C:/E11_ELEC_Git/07-COM/Firmware/COM_Code/v2/Services/CommunicationController/Inc" -I"C:/E11_ELEC_Git/07-COM/Firmware/COM_Code/v2/Services/CommunicationController/Src" -I"C:/E11_ELEC_Git/07-COM/Firmware/COM_Code/v2/Services/Gps/Inc" -I"C:/E11_ELEC_Git/07-COM/Firmware/COM_Code/v2/Services/Gps/Src" -I"C:/E11_ELEC_Git/07-COM/Firmware/COM_Code/v2/Services/uSD_card/Inc" -I"C:/E11_ELEC_Git/07-COM/Firmware/COM_Code/v2/Services/uSD_card/Src" -I"C:/E11_ELEC_Git/07-COM/Firmware/COM_Code/v2/Services/XbeeLTE/Inc" -I"C:/E11_ELEC_Git/07-COM/Firmware/COM_Code/v2/Services/XbeeLTE/Src" -I"C:/E11_ELEC_Git/07-COM/Firmware/COM_Code/v2/Services/XbeeRF/Inc" -I"C:/E11_ELEC_Git/07-COM/Firmware/COM_Code/v2/Services/XbeeRF/Src" -O0 -ffunction-sections -fdata-sections -Wall -fstack-usage -fcyclomatic-complexity -MMD -MP -MF"USB_DEVICE/App/usbd_cdc_if.d" -MT"USB_DEVICE/App/usbd_cdc_if.o" --specs=nano.specs -mfpu=fpv4-sp-d16 -mfloat-abi=hard -mthumb -o "USB_DEVICE/App/usbd_cdc_if.o"
arm-none-eabi-gcc "../USB_DEVICE/App/usbd_desc.c" -mcpu=cortex-m4 -std=gnu11 -g3 -DDEBUG -DUSE_HAL_DRIVER -DSTM32F446xx -DCAN_USE_PORT1 -DCOM_BOARD -DSTM32Esteban -c -I../Core/Inc -I../FATFS/Target -I../FATFS/App -I../Drivers/STM32F4xx_HAL_Driver/Inc -I../Drivers/STM32F4xx_HAL_Driver/Inc/Legacy -I../Drivers/CMSIS/Device/ST/STM32F4xx/Include -I../Drivers/CMSIS/Include -I"C:/E11_ELEC_Git/07-COM/Firmware/COM_Code/v2/Middlewares/ST/STM32_USB_Device_Library/Core/Inc" -I"C:/E11_ELEC_Git/07-COM/Firmware/COM_Code/v2/Middlewares/ST/STM32_USB_Device_Library/Class/CDC/Inc" -I"C:/E11_ELEC_Git/07-COM/Firmware/COM_Code/v2/Middlewares/Third_Party/FatFs/src" -I../Middlewares/Third_Party/FatFs/src -I"C:/E11_ELEC_Git/07-COM/Firmware/COM_Code/v2/Services/Interpreter/Config" -I"C:/E11_ELEC_Git/07-COM/Firmware/COM_Code/v2/Services/Interpreter" -I"C:/E11_ELEC_Git/07-COM/Firmware/COM_Code/v2/Services/HW_Config" -I"C:/E11_ELEC_Git/07-COM/Firmware/COM_Code/v2/Services/Interpreter/CanMain/Reception" -I"C:/E11_ELEC_Git/07-COM/Firmware/COM_Code/v2/Services/Interpreter/CanMain/Transmit" -I../USB_DEVICE/App -I../USB_DEVICE/Target -I../Middlewares/ST/STM32_USB_Device_Library/Core/Inc -I../Middlewares/ST/STM32_USB_Device_Library/Class/CDC/Inc -I"C:/E11_ELEC_Git/07-COM/Firmware/COM_Code/v2/E11_Library/BoardID" -I"C:/E11_ELEC_Git/07-COM/Firmware/COM_Code/v2/E11_Library/Can2Def" -I"C:/E11_ELEC_Git/07-COM/Firmware/COM_Code/v2/E11_Library/CanDef" -I"C:/E11_ELEC_Git/07-COM/Firmware/COM_Code/v2/E11_Library/Cobs" -I"C:/E11_ELEC_Git/07-COM/Firmware/COM_Code/v2/E11_Library/Eeprom" -I"C:/E11_ELEC_Git/07-COM/Firmware/COM_Code/v2/E11_Library/ErrorDef/Legacy" -I"C:/E11_ELEC_Git/07-COM/Firmware/COM_Code/v2/E11_Library/EstebanCAN" -I"C:/E11_ELEC_Git/07-COM/Firmware/COM_Code/v2/E11_Library/EstebanCOM" -I"C:/E11_ELEC_Git/07-COM/Firmware/COM_Code/v2/E11_Library/EstebanSystem" -I"C:/E11_ELEC_Git/07-COM/Firmware/COM_Code/v2/E11_Library/EstebanUSB" -I"C:/E11_ELEC_Git/07-COM/Firmware/COM_Code/v2/E11_Library/Parameters" -I"C:/E11_ELEC_Git/07-COM/Firmware/COM_Code/v2/E11_Library/Serial" -I"C:/E11_ELEC_Git/07-COM/Firmware/COM_Code/v2/E11_Library/SystemErrors" -I"C:/E11_ELEC_Git/07-COM/Firmware/COM_Code/v2/E11_Library/Timer" -I"C:/E11_ELEC_Git/07-COM/Firmware/COM_Code/v2/E11_Library/Global" -I"C:/E11_ELEC_Git/07-COM/Firmware/COM_Code/v2/Services/CommunicationController/Inc" -I"C:/E11_ELEC_Git/07-COM/Firmware/COM_Code/v2/Services/CommunicationController/Src" -I"C:/E11_ELEC_Git/07-COM/Firmware/COM_Code/v2/Services/Gps/Inc" -I"C:/E11_ELEC_Git/07-COM/Firmware/COM_Code/v2/Services/Gps/Src" -I"C:/E11_ELEC_Git/07-COM/Firmware/COM_Code/v2/Services/uSD_card/Inc" -I"C:/E11_ELEC_Git/07-COM/Firmware/COM_Code/v2/Services/uSD_card/Src" -I"C:/E11_ELEC_Git/07-COM/Firmware/COM_Code/v2/Services/XbeeLTE/Inc" -I"C:/E11_ELEC_Git/07-COM/Firmware/COM_Code/v2/Services/XbeeLTE/Src" -I"C:/E11_ELEC_Git/07-COM/Firmware/COM_Code/v2/Services/XbeeRF/Inc" -I"C:/E11_ELEC_Git/07-COM/Firmware/COM_Code/v2/Services/XbeeRF/Src" -O0 -ffunction-sections -fdata-sections -Wall -fstack-usage -fcyclomatic-complexity -MMD -MP -MF"USB_DEVICE/App/usbd_desc.d" -MT"USB_DEVICE/App/usbd_desc.o" --specs=nano.specs -mfpu=fpv4-sp-d16 -mfloat-abi=hard -mthumb -o "USB_DEVICE/App/usbd_desc.o"
arm-none-eabi-gcc "../Services/uSD_card/Src/uSD_card.c" -mcpu=cortex-m4 -std=gnu11 -g3 -DDEBUG -DUSE_HAL_DRIVER -DSTM32F446xx -DCAN_USE_PORT1 -DCOM_BOARD -DSTM32Esteban -c -I../Core/Inc -I../FATFS/Target -I../FATFS/App -I../Drivers/STM32F4xx_HAL_Driver/Inc -I../Drivers/STM32F4xx_HAL_Driver/Inc/Legacy -I../Drivers/CMSIS/Device/ST/STM32F4xx/Include -I../Drivers/CMSIS/Include -I"C:/E11_ELEC_Git/07-COM/Firmware/COM_Code/v2/Middlewares/ST/STM32_USB_Device_Library/Core/Inc" -I"C:/E11_ELEC_Git/07-COM/Firmware/COM_Code/v2/Middlewares/ST/STM32_USB_Device_Library/Class/CDC/Inc" -I"C:/E11_ELEC_Git/07-COM/Firmware/COM_Code/v2/Middlewares/Third_Party/FatFs/src" -I../Middlewares/Third_Party/FatFs/src -I"C:/E11_ELEC_Git/07-COM/Firmware/COM_Code/v2/Services/Interpreter/Config" -I"C:/E11_ELEC_Git/07-COM/Firmware/COM_Code/v2/Services/Interpreter" -I"C:/E11_ELEC_Git/07-COM/Firmware/COM_Code/v2/Services/HW_Config" -I"C:/E11_ELEC_Git/07-COM/Firmware/COM_Code/v2/Services/Interpreter/CanMain/Reception" -I"C:/E11_ELEC_Git/07-COM/Firmware/COM_Code/v2/Services/Interpreter/CanMain/Transmit" -I../USB_DEVICE/App -I../USB_DEVICE/Target -I../Middlewares/ST/STM32_USB_Device_Library/Core/Inc -I../Middlewares/ST/STM32_USB_Device_Library/Class/CDC/Inc -I"C:/E11_ELEC_Git/07-COM/Firmware/COM_Code/v2/E11_Library/BoardID" -I"C:/E11_ELEC_Git/07-COM/Firmware/COM_Code/v2/E11_Library/Can2Def" -I"C:/E11_ELEC_Git/07-COM/Firmware/COM_Code/v2/E11_Library/CanDef" -I"C:/E11_ELEC_Git/07-COM/Firmware/COM_Code/v2/E11_Library/Cobs" -I"C:/E11_ELEC_Git/07-COM/Firmware/COM_Code/v2/E11_Library/Eeprom" -I"C:/E11_ELEC_Git/07-COM/Firmware/COM_Code/v2/E11_Library/ErrorDef/Legacy" -I"C:/E11_ELEC_Git/07-COM/Firmware/COM_Code/v2/E11_Library/EstebanCAN" -I"C:/E11_ELEC_Git/07-COM/Firmware/COM_Code/v2/E11_Library/EstebanCOM" -I"C:/E11_ELEC_Git/07-COM/Firmware/COM_Code/v2/E11_Library/EstebanSystem" -I"C:/E11_ELEC_Git/07-COM/Firmware/COM_Code/v2/E11_Library/EstebanUSB" -I"C:/E11_ELEC_Git/07-COM/Firmware/COM_Code/v2/E11_Library/Parameters" -I"C:/E11_ELEC_Git/07-COM/Firmware/COM_Code/v2/E11_Library/Serial" -I"C:/E11_ELEC_Git/07-COM/Firmware/COM_Code/v2/E11_Library/SystemErrors" -I"C:/E11_ELEC_Git/07-COM/Firmware/COM_Code/v2/E11_Library/Timer" -I"C:/E11_ELEC_Git/07-COM/Firmware/COM_Code/v2/E11_Library/Global" -I"C:/E11_ELEC_Git/07-COM/Firmware/COM_Code/v2/Services/CommunicationController/Inc" -I"C:/E11_ELEC_Git/07-COM/Firmware/COM_Code/v2/Services/CommunicationController/Src" -I"C:/E11_ELEC_Git/07-COM/Firmware/COM_Code/v2/Services/Gps/Inc" -I"C:/E11_ELEC_Git/07-COM/Firmware/COM_Code/v2/Services/Gps/Src" -I"C:/E11_ELEC_Git/07-COM/Firmware/COM_Code/v2/Services/uSD_card/Inc" -I"C:/E11_ELEC_Git/07-COM/Firmware/COM_Code/v2/Services/uSD_card/Src" -I"C:/E11_ELEC_Git/07-COM/Firmware/COM_Code/v2/Services/XbeeLTE/Inc" -I"C:/E11_ELEC_Git/07-COM/Firmware/COM_Code/v2/Services/XbeeLTE/Src" -I"C:/E11_ELEC_Git/07-COM/Firmware/COM_Code/v2/Services/XbeeRF/Inc" -I"C:/E11_ELEC_Git/07-COM/Firmware/COM_Code/v2/Services/XbeeRF/Src" -O0 -ffunction-sections -fdata-sections -Wall -fstack-usage -fcyclomatic-complexity -MMD -MP -MF"Services/uSD_card/Src/uSD_card.d" -MT"Services/uSD_card/Src/uSD_card.o" --specs=nano.specs -mfpu=fpv4-sp-d16 -mfloat-abi=hard -mthumb -o "Services/uSD_card/Src/uSD_card.o"
arm-none-eabi-gcc "../Services/XbeeRF/Src/RF_Reception.c" -mcpu=cortex-m4 -std=gnu11 -g3 -DDEBUG -DUSE_HAL_DRIVER -DSTM32F446xx -DCAN_USE_PORT1 -DCOM_BOARD -DSTM32Esteban -c -I../Core/Inc -I../FATFS/Target -I../FATFS/App -I../Drivers/STM32F4xx_HAL_Driver/Inc -I../Drivers/STM32F4xx_HAL_Driver/Inc/Legacy -I../Drivers/CMSIS/Device/ST/STM32F4xx/Include -I../Drivers/CMSIS/Include -I"C:/E11_ELEC_Git/07-COM/Firmware/COM_Code/v2/Middlewares/ST/STM32_USB_Device_Library/Core/Inc" -I"C:/E11_ELEC_Git/07-COM/Firmware/COM_Code/v2/Middlewares/ST/STM32_USB_Device_Library/Class/CDC/Inc" -I"C:/E11_ELEC_Git/07-COM/Firmware/COM_Code/v2/Middlewares/Third_Party/FatFs/src" -I../Middlewares/Third_Party/FatFs/src -I"C:/E11_ELEC_Git/07-COM/Firmware/COM_Code/v2/Services/Interpreter/Config" -I"C:/E11_ELEC_Git/07-COM/Firmware/COM_Code/v2/Services/Interpreter" -I"C:/E11_ELEC_Git/07-COM/Firmware/COM_Code/v2/Services/HW_Config" -I"C:/E11_ELEC_Git/07-COM/Firmware/COM_Code/v2/Services/Interpreter/CanMain/Reception" -I"C:/E11_ELEC_Git/07-COM/Firmware/COM_Code/v2/Services/Interpreter/CanMain/Transmit" -I../USB_DEVICE/App -I../USB_DEVICE/Target -I../Middlewares/ST/STM32_USB_Device_Library/Core/Inc -I../Middlewares/ST/STM32_USB_Device_Library/Class/CDC/Inc -I"C:/E11_ELEC_Git/07-COM/Firmware/COM_Code/v2/E11_Library/BoardID" -I"C:/E11_ELEC_Git/07-COM/Firmware/COM_Code/v2/E11_Library/Can2Def" -I"C:/E11_ELEC_Git/07-COM/Firmware/COM_Code/v2/E11_Library/CanDef" -I"C:/E11_ELEC_Git/07-COM/Firmware/COM_Code/v2/E11_Library/Cobs" -I"C:/E11_ELEC_Git/07-COM/Firmware/COM_Code/v2/E11_Library/Eeprom" -I"C:/E11_ELEC_Git/07-COM/Firmware/COM_Code/v2/E11_Library/ErrorDef/Legacy" -I"C:/E11_ELEC_Git/07-COM/Firmware/COM_Code/v2/E11_Library/EstebanCAN" -I"C:/E11_ELEC_Git/07-COM/Firmware/COM_Code/v2/E11_Library/EstebanCOM" -I"C:/E11_ELEC_Git/07-COM/Firmware/COM_Code/v2/E11_Library/EstebanSystem" -I"C:/E11_ELEC_Git/07-COM/Firmware/COM_Code/v2/E11_Library/EstebanUSB" -I"C:/E11_ELEC_Git/07-COM/Firmware/COM_Code/v2/E11_Library/Parameters" -I"C:/E11_ELEC_Git/07-COM/Firmware/COM_Code/v2/E11_Library/Serial" -I"C:/E11_ELEC_Git/07-COM/Firmware/COM_Code/v2/E11_Library/SystemErrors" -I"C:/E11_ELEC_Git/07-COM/Firmware/COM_Code/v2/E11_Library/Timer" -I"C:/E11_ELEC_Git/07-COM/Firmware/COM_Code/v2/E11_Library/Global" -I"C:/E11_ELEC_Git/07-COM/Firmware/COM_Code/v2/Services/CommunicationController/Inc" -I"C:/E11_ELEC_Git/07-COM/Firmware/COM_Code/v2/Services/CommunicationController/Src" -I"C:/E11_ELEC_Git/07-COM/Firmware/COM_Code/v2/Services/Gps/Inc" -I"C:/E11_ELEC_Git/07-COM/Firmware/COM_Code/v2/Services/Gps/Src" -I"C:/E11_ELEC_Git/07-COM/Firmware/COM_Code/v2/Services/uSD_card/Inc" -I"C:/E11_ELEC_Git/07-COM/Firmware/COM_Code/v2/Services/uSD_card/Src" -I"C:/E11_ELEC_Git/07-COM/Firmware/COM_Code/v2/Services/XbeeLTE/Inc" -I"C:/E11_ELEC_Git/07-COM/Firmware/COM_Code/v2/Services/XbeeLTE/Src" -I"C:/E11_ELEC_Git/07-COM/Firmware/COM_Code/v2/Services/XbeeRF/Inc" -I"C:/E11_ELEC_Git/07-COM/Firmware/COM_Code/v2/Services/XbeeRF/Src" -O0 -ffunction-sections -fdata-sections -Wall -fstack-usage -fcyclomatic-complexity -MMD -MP -MF"Services/XbeeRF/Src/RF_Reception.d" -MT"Services/XbeeRF/Src/RF_Reception.o" --specs=nano.specs -mfpu=fpv4-sp-d16 -mfloat-abi=hard -mthumb -o "Services/XbeeRF/Src/RF_Reception.o"
arm-none-eabi-gcc "../Services/XbeeRF/Src/RF_Transmission.c" -mcpu=cortex-m4 -std=gnu11 -g3 -DDEBUG -DUSE_HAL_DRIVER -DSTM32F446xx -DCAN_USE_PORT1 -DCOM_BOARD -DSTM32Esteban -c -I../Core/Inc -I../FATFS/Target -I../FATFS/App -I../Drivers/STM32F4xx_HAL_Driver/Inc -I../Drivers/STM32F4xx_HAL_Driver/Inc/Legacy -I../Drivers/CMSIS/Device/ST/STM32F4xx/Include -I../Drivers/CMSIS/Include -I"C:/E11_ELEC_Git/07-COM/Firmware/COM_Code/v2/Middlewares/ST/STM32_USB_Device_Library/Core/Inc" -I"C:/E11_ELEC_Git/07-COM/Firmware/COM_Code/v2/Middlewares/ST/STM32_USB_Device_Library/Class/CDC/Inc" -I"C:/E11_ELEC_Git/07-COM/Firmware/COM_Code/v2/Middlewares/Third_Party/FatFs/src" -I../Middlewares/Third_Party/FatFs/src -I"C:/E11_ELEC_Git/07-COM/Firmware/COM_Code/v2/Services/Interpreter/Config" -I"C:/E11_ELEC_Git/07-COM/Firmware/COM_Code/v2/Services/Interpreter" -I"C:/E11_ELEC_Git/07-COM/Firmware/COM_Code/v2/Services/HW_Config" -I"C:/E11_ELEC_Git/07-COM/Firmware/COM_Code/v2/Services/Interpreter/CanMain/Reception" -I"C:/E11_ELEC_Git/07-COM/Firmware/COM_Code/v2/Services/Interpreter/CanMain/Transmit" -I../USB_DEVICE/App -I../USB_DEVICE/Target -I../Middlewares/ST/STM32_USB_Device_Library/Core/Inc -I../Middlewares/ST/STM32_USB_Device_Library/Class/CDC/Inc -I"C:/E11_ELEC_Git/07-COM/Firmware/COM_Code/v2/E11_Library/BoardID" -I"C:/E11_ELEC_Git/07-COM/Firmware/COM_Code/v2/E11_Library/Can2Def" -I"C:/E11_ELEC_Git/07-COM/Firmware/COM_Code/v2/E11_Library/CanDef" -I"C:/E11_ELEC_Git/07-COM/Firmware/COM_Code/v2/E11_Library/Cobs" -I"C:/E11_ELEC_Git/07-COM/Firmware/COM_Code/v2/E11_Library/Eeprom" -I"C:/E11_ELEC_Git/07-COM/Firmware/COM_Code/v2/E11_Library/ErrorDef/Legacy" -I"C:/E11_ELEC_Git/07-COM/Firmware/COM_Code/v2/E11_Library/EstebanCAN" -I"C:/E11_ELEC_Git/07-COM/Firmware/COM_Code/v2/E11_Library/EstebanCOM" -I"C:/E11_ELEC_Git/07-COM/Firmware/COM_Code/v2/E11_Library/EstebanSystem" -I"C:/E11_ELEC_Git/07-COM/Firmware/COM_Code/v2/E11_Library/EstebanUSB" -I"C:/E11_ELEC_Git/07-COM/Firmware/COM_Code/v2/E11_Library/Parameters" -I"C:/E11_ELEC_Git/07-COM/Firmware/COM_Code/v2/E11_Library/Serial" -I"C:/E11_ELEC_Git/07-COM/Firmware/COM_Code/v2/E11_Library/SystemErrors" -I"C:/E11_ELEC_Git/07-COM/Firmware/COM_Code/v2/E11_Library/Timer" -I"C:/E11_ELEC_Git/07-COM/Firmware/COM_Code/v2/E11_Library/Global" -I"C:/E11_ELEC_Git/07-COM/Firmware/COM_Code/v2/Services/CommunicationController/Inc" -I"C:/E11_ELEC_Git/07-COM/Firmware/COM_Code/v2/Services/CommunicationController/Src" -I"C:/E11_ELEC_Git/07-COM/Firmware/COM_Code/v2/Services/Gps/Inc" -I"C:/E11_ELEC_Git/07-COM/Firmware/COM_Code/v2/Services/Gps/Src" -I"C:/E11_ELEC_Git/07-COM/Firmware/COM_Code/v2/Services/uSD_card/Inc" -I"C:/E11_ELEC_Git/07-COM/Firmware/COM_Code/v2/Services/uSD_card/Src" -I"C:/E11_ELEC_Git/07-COM/Firmware/COM_Code/v2/Services/XbeeLTE/Inc" -I"C:/E11_ELEC_Git/07-COM/Firmware/COM_Code/v2/Services/XbeeLTE/Src" -I"C:/E11_ELEC_Git/07-COM/Firmware/COM_Code/v2/Services/XbeeRF/Inc" -I"C:/E11_ELEC_Git/07-COM/Firmware/COM_Code/v2/Services/XbeeRF/Src" -O0 -ffunction-sections -fdata-sections -Wall -fstack-usage -fcyclomatic-complexity -MMD -MP -MF"Services/XbeeRF/Src/RF_Transmission.d" -MT"Services/XbeeRF/Src/RF_Transmission.o" --specs=nano.specs -mfpu=fpv4-sp-d16 -mfloat-abi=hard -mthumb -o "Services/XbeeRF/Src/RF_Transmission.o"
arm-none-eabi-gcc "../Services/XbeeRF/Src/XbeeRF.c" -mcpu=cortex-m4 -std=gnu11 -g3 -DDEBUG -DUSE_HAL_DRIVER -DSTM32F446xx -DCAN_USE_PORT1 -DCOM_BOARD -DSTM32Esteban -c -I../Core/Inc -I../FATFS/Target -I../FATFS/App -I../Drivers/STM32F4xx_HAL_Driver/Inc -I../Drivers/STM32F4xx_HAL_Driver/Inc/Legacy -I../Drivers/CMSIS/Device/ST/STM32F4xx/Include -I../Drivers/CMSIS/Include -I"C:/E11_ELEC_Git/07-COM/Firmware/COM_Code/v2/Middlewares/ST/STM32_USB_Device_Library/Core/Inc" -I"C:/E11_ELEC_Git/07-COM/Firmware/COM_Code/v2/Middlewares/ST/STM32_USB_Device_Library/Class/CDC/Inc" -I"C:/E11_ELEC_Git/07-COM/Firmware/COM_Code/v2/Middlewares/Third_Party/FatFs/src" -I../Middlewares/Third_Party/FatFs/src -I"C:/E11_ELEC_Git/07-COM/Firmware/COM_Code/v2/Services/Interpreter/Config" -I"C:/E11_ELEC_Git/07-COM/Firmware/COM_Code/v2/Services/Interpreter" -I"C:/E11_ELEC_Git/07-COM/Firmware/COM_Code/v2/Services/HW_Config" -I"C:/E11_ELEC_Git/07-COM/Firmware/COM_Code/v2/Services/Interpreter/CanMain/Reception" -I"C:/E11_ELEC_Git/07-COM/Firmware/COM_Code/v2/Services/Interpreter/CanMain/Transmit" -I../USB_DEVICE/App -I../USB_DEVICE/Target -I../Middlewares/ST/STM32_USB_Device_Library/Core/Inc -I../Middlewares/ST/STM32_USB_Device_Library/Class/CDC/Inc -I"C:/E11_ELEC_Git/07-COM/Firmware/COM_Code/v2/E11_Library/BoardID" -I"C:/E11_ELEC_Git/07-COM/Firmware/COM_Code/v2/E11_Library/Can2Def" -I"C:/E11_ELEC_Git/07-COM/Firmware/COM_Code/v2/E11_Library/CanDef" -I"C:/E11_ELEC_Git/07-COM/Firmware/COM_Code/v2/E11_Library/Cobs" -I"C:/E11_ELEC_Git/07-COM/Firmware/COM_Code/v2/E11_Library/Eeprom" -I"C:/E11_ELEC_Git/07-COM/Firmware/COM_Code/v2/E11_Library/ErrorDef/Legacy" -I"C:/E11_ELEC_Git/07-COM/Firmware/COM_Code/v2/E11_Library/EstebanCAN" -I"C:/E11_ELEC_Git/07-COM/Firmware/COM_Code/v2/E11_Library/EstebanCOM" -I"C:/E11_ELEC_Git/07-COM/Firmware/COM_Code/v2/E11_Library/EstebanSystem" -I"C:/E11_ELEC_Git/07-COM/Firmware/COM_Code/v2/E11_Library/EstebanUSB" -I"C:/E11_ELEC_Git/07-COM/Firmware/COM_Code/v2/E11_Library/Parameters" -I"C:/E11_ELEC_Git/07-COM/Firmware/COM_Code/v2/E11_Library/Serial" -I"C:/E11_ELEC_Git/07-COM/Firmware/COM_Code/v2/E11_Library/SystemErrors" -I"C:/E11_ELEC_Git/07-COM/Firmware/COM_Code/v2/E11_Library/Timer" -I"C:/E11_ELEC_Git/07-COM/Firmware/COM_Code/v2/E11_Library/Global" -I"C:/E11_ELEC_Git/07-COM/Firmware/COM_Code/v2/Services/CommunicationController/Inc" -I"C:/E11_ELEC_Git/07-COM/Firmware/COM_Code/v2/Services/CommunicationController/Src" -I"C:/E11_ELEC_Git/07-COM/Firmware/COM_Code/v2/Services/Gps/Inc" -I"C:/E11_ELEC_Git/07-COM/Firmware/COM_Code/v2/Services/Gps/Src" -I"C:/E11_ELEC_Git/07-COM/Firmware/COM_Code/v2/Services/uSD_card/Inc" -I"C:/E11_ELEC_Git/07-COM/Firmware/COM_Code/v2/Services/uSD_card/Src" -I"C:/E11_ELEC_Git/07-COM/Firmware/COM_Code/v2/Services/XbeeLTE/Inc" -I"C:/E11_ELEC_Git/07-COM/Firmware/COM_Code/v2/Services/XbeeLTE/Src" -I"C:/E11_ELEC_Git/07-COM/Firmware/COM_Code/v2/Services/XbeeRF/Inc" -I"C:/E11_ELEC_Git/07-COM/Firmware/COM_Code/v2/Services/XbeeRF/Src" -O0 -ffunction-sections -fdata-sections -Wall -fstack-usage -fcyclomatic-complexity -MMD -MP -MF"Services/XbeeRF/Src/XbeeRF.d" -MT"Services/XbeeRF/Src/XbeeRF.o" --specs=nano.specs -mfpu=fpv4-sp-d16 -mfloat-abi=hard -mthumb -o "Services/XbeeRF/Src/XbeeRF.o"
arm-none-eabi-gcc "../Services/XbeeLTE/Src/LTE_Reception.c" -mcpu=cortex-m4 -std=gnu11 -g3 -DDEBUG -DUSE_HAL_DRIVER -DSTM32F446xx -DCAN_USE_PORT1 -DCOM_BOARD -DSTM32Esteban -c -I../Core/Inc -I../FATFS/Target -I../FATFS/App -I../Drivers/STM32F4xx_HAL_Driver/Inc -I../Drivers/STM32F4xx_HAL_Driver/Inc/Legacy -I../Drivers/CMSIS/Device/ST/STM32F4xx/Include -I../Drivers/CMSIS/Include -I"C:/E11_ELEC_Git/07-COM/Firmware/COM_Code/v2/Middlewares/ST/STM32_USB_Device_Library/Core/Inc" -I"C:/E11_ELEC_Git/07-COM/Firmware/COM_Code/v2/Middlewares/ST/STM32_USB_Device_Library/Class/CDC/Inc" -I"C:/E11_ELEC_Git/07-COM/Firmware/COM_Code/v2/Middlewares/Third_Party/FatFs/src" -I../Middlewares/Third_Party/FatFs/src -I"C:/E11_ELEC_Git/07-COM/Firmware/COM_Code/v2/Services/Interpreter/Config" -I"C:/E11_ELEC_Git/07-COM/Firmware/COM_Code/v2/Services/Interpreter" -I"C:/E11_ELEC_Git/07-COM/Firmware/COM_Code/v2/Services/HW_Config" -I"C:/E11_ELEC_Git/07-COM/Firmware/COM_Code/v2/Services/Interpreter/CanMain/Reception" -I"C:/E11_ELEC_Git/07-COM/Firmware/COM_Code/v2/Services/Interpreter/CanMain/Transmit" -I../USB_DEVICE/App -I../USB_DEVICE/Target -I../Middlewares/ST/STM32_USB_Device_Library/Core/Inc -I../Middlewares/ST/STM32_USB_Device_Library/Class/CDC/Inc -I"C:/E11_ELEC_Git/07-COM/Firmware/COM_Code/v2/E11_Library/BoardID" -I"C:/E11_ELEC_Git/07-COM/Firmware/COM_Code/v2/E11_Library/Can2Def" -I"C:/E11_ELEC_Git/07-COM/Firmware/COM_Code/v2/E11_Library/CanDef" -I"C:/E11_ELEC_Git/07-COM/Firmware/COM_Code/v2/E11_Library/Cobs" -I"C:/E11_ELEC_Git/07-COM/Firmware/COM_Code/v2/E11_Library/Eeprom" -I"C:/E11_ELEC_Git/07-COM/Firmware/COM_Code/v2/E11_Library/ErrorDef/Legacy" -I"C:/E11_ELEC_Git/07-COM/Firmware/COM_Code/v2/E11_Library/EstebanCAN" -I"C:/E11_ELEC_Git/07-COM/Firmware/COM_Code/v2/E11_Library/EstebanCOM" -I"C:/E11_ELEC_Git/07-COM/Firmware/COM_Code/v2/E11_Library/EstebanSystem" -I"C:/E11_ELEC_Git/07-COM/Firmware/COM_Code/v2/E11_Library/EstebanUSB" -I"C:/E11_ELEC_Git/07-COM/Firmware/COM_Code/v2/E11_Library/Parameters" -I"C:/E11_ELEC_Git/07-COM/Firmware/COM_Code/v2/E11_Library/Serial" -I"C:/E11_ELEC_Git/07-COM/Firmware/COM_Code/v2/E11_Library/SystemErrors" -I"C:/E11_ELEC_Git/07-COM/Firmware/COM_Code/v2/E11_Library/Timer" -I"C:/E11_ELEC_Git/07-COM/Firmware/COM_Code/v2/E11_Library/Global" -I"C:/E11_ELEC_Git/07-COM/Firmware/COM_Code/v2/Services/CommunicationController/Inc" -I"C:/E11_ELEC_Git/07-COM/Firmware/COM_Code/v2/Services/CommunicationController/Src" -I"C:/E11_ELEC_Git/07-COM/Firmware/COM_Code/v2/Services/Gps/Inc" -I"C:/E11_ELEC_Git/07-COM/Firmware/COM_Code/v2/Services/Gps/Src" -I"C:/E11_ELEC_Git/07-COM/Firmware/COM_Code/v2/Services/uSD_card/Inc" -I"C:/E11_ELEC_Git/07-COM/Firmware/COM_Code/v2/Services/uSD_card/Src" -I"C:/E11_ELEC_Git/07-COM/Firmware/COM_Code/v2/Services/XbeeLTE/Inc" -I"C:/E11_ELEC_Git/07-COM/Firmware/COM_Code/v2/Services/XbeeLTE/Src" -I"C:/E11_ELEC_Git/07-COM/Firmware/COM_Code/v2/Services/XbeeRF/Inc" -I"C:/E11_ELEC_Git/07-COM/Firmware/COM_Code/v2/Services/XbeeRF/Src" -O0 -ffunction-sections -fdata-sections -Wall -fstack-usage -fcyclomatic-complexity -MMD -MP -MF"Services/XbeeLTE/Src/LTE_Reception.d" -MT"Services/XbeeLTE/Src/LTE_Reception.o" --specs=nano.specs -mfpu=fpv4-sp-d16 -mfloat-abi=hard -mthumb -o "Services/XbeeLTE/Src/LTE_Reception.o"
arm-none-eabi-gcc "../Services/XbeeLTE/Src/LTE_Transmission.c" -mcpu=cortex-m4 -std=gnu11 -g3 -DDEBUG -DUSE_HAL_DRIVER -DSTM32F446xx -DCAN_USE_PORT1 -DCOM_BOARD -DSTM32Esteban -c -I../Core/Inc -I../FATFS/Target -I../FATFS/App -I../Drivers/STM32F4xx_HAL_Driver/Inc -I../Drivers/STM32F4xx_HAL_Driver/Inc/Legacy -I../Drivers/CMSIS/Device/ST/STM32F4xx/Include -I../Drivers/CMSIS/Include -I"C:/E11_ELEC_Git/07-COM/Firmware/COM_Code/v2/Middlewares/ST/STM32_USB_Device_Library/Core/Inc" -I"C:/E11_ELEC_Git/07-COM/Firmware/COM_Code/v2/Middlewares/ST/STM32_USB_Device_Library/Class/CDC/Inc" -I"C:/E11_ELEC_Git/07-COM/Firmware/COM_Code/v2/Middlewares/Third_Party/FatFs/src" -I../Middlewares/Third_Party/FatFs/src -I"C:/E11_ELEC_Git/07-COM/Firmware/COM_Code/v2/Services/Interpreter/Config" -I"C:/E11_ELEC_Git/07-COM/Firmware/COM_Code/v2/Services/Interpreter" -I"C:/E11_ELEC_Git/07-COM/Firmware/COM_Code/v2/Services/HW_Config" -I"C:/E11_ELEC_Git/07-COM/Firmware/COM_Code/v2/Services/Interpreter/CanMain/Reception" -I"C:/E11_ELEC_Git/07-COM/Firmware/COM_Code/v2/Services/Interpreter/CanMain/Transmit" -I../USB_DEVICE/App -I../USB_DEVICE/Target -I../Middlewares/ST/STM32_USB_Device_Library/Core/Inc -I../Middlewares/ST/STM32_USB_Device_Library/Class/CDC/Inc -I"C:/E11_ELEC_Git/07-COM/Firmware/COM_Code/v2/E11_Library/BoardID" -I"C:/E11_ELEC_Git/07-COM/Firmware/COM_Code/v2/E11_Library/Can2Def" -I"C:/E11_ELEC_Git/07-COM/Firmware/COM_Code/v2/E11_Library/CanDef" -I"C:/E11_ELEC_Git/07-COM/Firmware/COM_Code/v2/E11_Library/Cobs" -I"C:/E11_ELEC_Git/07-COM/Firmware/COM_Code/v2/E11_Library/Eeprom" -I"C:/E11_ELEC_Git/07-COM/Firmware/COM_Code/v2/E11_Library/ErrorDef/Legacy" -I"C:/E11_ELEC_Git/07-COM/Firmware/COM_Code/v2/E11_Library/EstebanCAN" -I"C:/E11_ELEC_Git/07-COM/Firmware/COM_Code/v2/E11_Library/EstebanCOM" -I"C:/E11_ELEC_Git/07-COM/Firmware/COM_Code/v2/E11_Library/EstebanSystem" -I"C:/E11_ELEC_Git/07-COM/Firmware/COM_Code/v2/E11_Library/EstebanUSB" -I"C:/E11_ELEC_Git/07-COM/Firmware/COM_Code/v2/E11_Library/Parameters" -I"C:/E11_ELEC_Git/07-COM/Firmware/COM_Code/v2/E11_Library/Serial" -I"C:/E11_ELEC_Git/07-COM/Firmware/COM_Code/v2/E11_Library/SystemErrors" -I"C:/E11_ELEC_Git/07-COM/Firmware/COM_Code/v2/E11_Library/Timer" -I"C:/E11_ELEC_Git/07-COM/Firmware/COM_Code/v2/E11_Library/Global" -I"C:/E11_ELEC_Git/07-COM/Firmware/COM_Code/v2/Services/CommunicationController/Inc" -I"C:/E11_ELEC_Git/07-COM/Firmware/COM_Code/v2/Services/CommunicationController/Src" -I"C:/E11_ELEC_Git/07-COM/Firmware/COM_Code/v2/Services/Gps/Inc" -I"C:/E11_ELEC_Git/07-COM/Firmware/COM_Code/v2/Services/Gps/Src" -I"C:/E11_ELEC_Git/07-COM/Firmware/COM_Code/v2/Services/uSD_card/Inc" -I"C:/E11_ELEC_Git/07-COM/Firmware/COM_Code/v2/Services/uSD_card/Src" -I"C:/E11_ELEC_Git/07-COM/Firmware/COM_Code/v2/Services/XbeeLTE/Inc" -I"C:/E11_ELEC_Git/07-COM/Firmware/COM_Code/v2/Services/XbeeLTE/Src" -I"C:/E11_ELEC_Git/07-COM/Firmware/COM_Code/v2/Services/XbeeRF/Inc" -I"C:/E11_ELEC_Git/07-COM/Firmware/COM_Code/v2/Services/XbeeRF/Src" -O0 -ffunction-sections -fdata-sections -Wall -fstack-usage -fcyclomatic-complexity -MMD -MP -MF"Services/XbeeLTE/Src/LTE_Transmission.d" -MT"Services/XbeeLTE/Src/LTE_Transmission.o" --specs=nano.specs -mfpu=fpv4-sp-d16 -mfloat-abi=hard -mthumb -o "Services/XbeeLTE/Src/LTE_Transmission.o"
arm-none-eabi-gcc "../Services/XbeeLTE/Src/XbeeLTE.c" -mcpu=cortex-m4 -std=gnu11 -g3 -DDEBUG -DUSE_HAL_DRIVER -DSTM32F446xx -DCAN_USE_PORT1 -DCOM_BOARD -DSTM32Esteban -c -I../Core/Inc -I../FATFS/Target -I../FATFS/App -I../Drivers/STM32F4xx_HAL_Driver/Inc -I../Drivers/STM32F4xx_HAL_Driver/Inc/Legacy -I../Drivers/CMSIS/Device/ST/STM32F4xx/Include -I../Drivers/CMSIS/Include -I"C:/E11_ELEC_Git/07-COM/Firmware/COM_Code/v2/Middlewares/ST/STM32_USB_Device_Library/Core/Inc" -I"C:/E11_ELEC_Git/07-COM/Firmware/COM_Code/v2/Middlewares/ST/STM32_USB_Device_Library/Class/CDC/Inc" -I"C:/E11_ELEC_Git/07-COM/Firmware/COM_Code/v2/Middlewares/Third_Party/FatFs/src" -I../Middlewares/Third_Party/FatFs/src -I"C:/E11_ELEC_Git/07-COM/Firmware/COM_Code/v2/Services/Interpreter/Config" -I"C:/E11_ELEC_Git/07-COM/Firmware/COM_Code/v2/Services/Interpreter" -I"C:/E11_ELEC_Git/07-COM/Firmware/COM_Code/v2/Services/HW_Config" -I"C:/E11_ELEC_Git/07-COM/Firmware/COM_Code/v2/Services/Interpreter/CanMain/Reception" -I"C:/E11_ELEC_Git/07-COM/Firmware/COM_Code/v2/Services/Interpreter/CanMain/Transmit" -I../USB_DEVICE/App -I../USB_DEVICE/Target -I../Middlewares/ST/STM32_USB_Device_Library/Core/Inc -I../Middlewares/ST/STM32_USB_Device_Library/Class/CDC/Inc -I"C:/E11_ELEC_Git/07-COM/Firmware/COM_Code/v2/E11_Library/BoardID" -I"C:/E11_ELEC_Git/07-COM/Firmware/COM_Code/v2/E11_Library/Can2Def" -I"C:/E11_ELEC_Git/07-COM/Firmware/COM_Code/v2/E11_Library/CanDef" -I"C:/E11_ELEC_Git/07-COM/Firmware/COM_Code/v2/E11_Library/Cobs" -I"C:/E11_ELEC_Git/07-COM/Firmware/COM_Code/v2/E11_Library/Eeprom" -I"C:/E11_ELEC_Git/07-COM/Firmware/COM_Code/v2/E11_Library/ErrorDef/Legacy" -I"C:/E11_ELEC_Git/07-COM/Firmware/COM_Code/v2/E11_Library/EstebanCAN" -I"C:/E11_ELEC_Git/07-COM/Firmware/COM_Code/v2/E11_Library/EstebanCOM" -I"C:/E11_ELEC_Git/07-COM/Firmware/COM_Code/v2/E11_Library/EstebanSystem" -I"C:/E11_ELEC_Git/07-COM/Firmware/COM_Code/v2/E11_Library/EstebanUSB" -I"C:/E11_ELEC_Git/07-COM/Firmware/COM_Code/v2/E11_Library/Parameters" -I"C:/E11_ELEC_Git/07-COM/Firmware/COM_Code/v2/E11_Library/Serial" -I"C:/E11_ELEC_Git/07-COM/Firmware/COM_Code/v2/E11_Library/SystemErrors" -I"C:/E11_ELEC_Git/07-COM/Firmware/COM_Code/v2/E11_Library/Timer" -I"C:/E11_ELEC_Git/07-COM/Firmware/COM_Code/v2/E11_Library/Global" -I"C:/E11_ELEC_Git/07-COM/Firmware/COM_Code/v2/Services/CommunicationController/Inc" -I"C:/E11_ELEC_Git/07-COM/Firmware/COM_Code/v2/Services/CommunicationController/Src" -I"C:/E11_ELEC_Git/07-COM/Firmware/COM_Code/v2/Services/Gps/Inc" -I"C:/E11_ELEC_Git/07-COM/Firmware/COM_Code/v2/Services/Gps/Src" -I"C:/E11_ELEC_Git/07-COM/Firmware/COM_Code/v2/Services/uSD_card/Inc" -I"C:/E11_ELEC_Git/07-COM/Firmware/COM_Code/v2/Services/uSD_card/Src" -I"C:/E11_ELEC_Git/07-COM/Firmware/COM_Code/v2/Services/XbeeLTE/Inc" -I"C:/E11_ELEC_Git/07-COM/Firmware/COM_Code/v2/Services/XbeeLTE/Src" -I"C:/E11_ELEC_Git/07-COM/Firmware/COM_Code/v2/Services/XbeeRF/Inc" -I"C:/E11_ELEC_Git/07-COM/Firmware/COM_Code/v2/Services/XbeeRF/Src" -O0 -ffunction-sections -fdata-sections -Wall -fstack-usage -fcyclomatic-complexity -MMD -MP -MF"Services/XbeeLTE/Src/XbeeLTE.d" -MT"Services/XbeeLTE/Src/XbeeLTE.o" --specs=nano.specs -mfpu=fpv4-sp-d16 -mfloat-abi=hard -mthumb -o "Services/XbeeLTE/Src/XbeeLTE.o"
arm-none-eabi-gcc "../Services/Interpreter/CanMain/Transmit/TransmitCanMain.c" -mcpu=cortex-m4 -std=gnu11 -g3 -DDEBUG -DUSE_HAL_DRIVER -DSTM32F446xx -DCAN_USE_PORT1 -DCOM_BOARD -DSTM32Esteban -c -I../Core/Inc -I../FATFS/Target -I../FATFS/App -I../Drivers/STM32F4xx_HAL_Driver/Inc -I../Drivers/STM32F4xx_HAL_Driver/Inc/Legacy -I../Drivers/CMSIS/Device/ST/STM32F4xx/Include -I../Drivers/CMSIS/Include -I"C:/E11_ELEC_Git/07-COM/Firmware/COM_Code/v2/Middlewares/ST/STM32_USB_Device_Library/Core/Inc" -I"C:/E11_ELEC_Git/07-COM/Firmware/COM_Code/v2/Middlewares/ST/STM32_USB_Device_Library/Class/CDC/Inc" -I"C:/E11_ELEC_Git/07-COM/Firmware/COM_Code/v2/Middlewares/Third_Party/FatFs/src" -I../Middlewares/Third_Party/FatFs/src -I"C:/E11_ELEC_Git/07-COM/Firmware/COM_Code/v2/Services/Interpreter/Config" -I"C:/E11_ELEC_Git/07-COM/Firmware/COM_Code/v2/Services/Interpreter" -I"C:/E11_ELEC_Git/07-COM/Firmware/COM_Code/v2/Services/HW_Config" -I"C:/E11_ELEC_Git/07-COM/Firmware/COM_Code/v2/Services/Interpreter/CanMain/Reception" -I"C:/E11_ELEC_Git/07-COM/Firmware/COM_Code/v2/Services/Interpreter/CanMain/Transmit" -I../USB_DEVICE/App -I../USB_DEVICE/Target -I../Middlewares/ST/STM32_USB_Device_Library/Core/Inc -I../Middlewares/ST/STM32_USB_Device_Library/Class/CDC/Inc -I"C:/E11_ELEC_Git/07-COM/Firmware/COM_Code/v2/E11_Library/BoardID" -I"C:/E11_ELEC_Git/07-COM/Firmware/COM_Code/v2/E11_Library/Can2Def" -I"C:/E11_ELEC_Git/07-COM/Firmware/COM_Code/v2/E11_Library/CanDef" -I"C:/E11_ELEC_Git/07-COM/Firmware/COM_Code/v2/E11_Library/Cobs" -I"C:/E11_ELEC_Git/07-COM/Firmware/COM_Code/v2/E11_Library/Eeprom" -I"C:/E11_ELEC_Git/07-COM/Firmware/COM_Code/v2/E11_Library/ErrorDef/Legacy" -I"C:/E11_ELEC_Git/07-COM/Firmware/COM_Code/v2/E11_Library/EstebanCAN" -I"C:/E11_ELEC_Git/07-COM/Firmware/COM_Code/v2/E11_Library/EstebanCOM" -I"C:/E11_ELEC_Git/07-COM/Firmware/COM_Code/v2/E11_Library/EstebanSystem" -I"C:/E11_ELEC_Git/07-COM/Firmware/COM_Code/v2/E11_Library/EstebanUSB" -I"C:/E11_ELEC_Git/07-COM/Firmware/COM_Code/v2/E11_Library/Parameters" -I"C:/E11_ELEC_Git/07-COM/Firmware/COM_Code/v2/E11_Library/Serial" -I"C:/E11_ELEC_Git/07-COM/Firmware/COM_Code/v2/E11_Library/SystemErrors" -I"C:/E11_ELEC_Git/07-COM/Firmware/COM_Code/v2/E11_Library/Timer" -I"C:/E11_ELEC_Git/07-COM/Firmware/COM_Code/v2/E11_Library/Global" -I"C:/E11_ELEC_Git/07-COM/Firmware/COM_Code/v2/Services/CommunicationController/Inc" -I"C:/E11_ELEC_Git/07-COM/Firmware/COM_Code/v2/Services/CommunicationController/Src" -I"C:/E11_ELEC_Git/07-COM/Firmware/COM_Code/v2/Services/Gps/Inc" -I"C:/E11_ELEC_Git/07-COM/Firmware/COM_Code/v2/Services/Gps/Src" -I"C:/E11_ELEC_Git/07-COM/Firmware/COM_Code/v2/Services/uSD_card/Inc" -I"C:/E11_ELEC_Git/07-COM/Firmware/COM_Code/v2/Services/uSD_card/Src" -I"C:/E11_ELEC_Git/07-COM/Firmware/COM_Code/v2/Services/XbeeLTE/Inc" -I"C:/E11_ELEC_Git/07-COM/Firmware/COM_Code/v2/Services/XbeeLTE/Src" -I"C:/E11_ELEC_Git/07-COM/Firmware/COM_Code/v2/Services/XbeeRF/Inc" -I"C:/E11_ELEC_Git/07-COM/Firmware/COM_Code/v2/Services/XbeeRF/Src" -O0 -ffunction-sections -fdata-sections -Wall -fstack-usage -fcyclomatic-complexity -MMD -MP -MF"Services/Interpreter/CanMain/Transmit/TransmitCanMain.d" -MT"Services/Interpreter/CanMain/Transmit/TransmitCanMain.o" --specs=nano.specs -mfpu=fpv4-sp-d16 -mfloat-abi=hard -mthumb -o "Services/Interpreter/CanMain/Transmit/TransmitCanMain.o"
arm-none-eabi-gcc "../Services/Interpreter/CanMain/Reception/ReceptionCanMain.c" -mcpu=cortex-m4 -std=gnu11 -g3 -DDEBUG -DUSE_HAL_DRIVER -DSTM32F446xx -DCAN_USE_PORT1 -DCOM_BOARD -DSTM32Esteban -c -I../Core/Inc -I../FATFS/Target -I../FATFS/App -I../Drivers/STM32F4xx_HAL_Driver/Inc -I../Drivers/STM32F4xx_HAL_Driver/Inc/Legacy -I../Drivers/CMSIS/Device/ST/STM32F4xx/Include -I../Drivers/CMSIS/Include -I"C:/E11_ELEC_Git/07-COM/Firmware/COM_Code/v2/Middlewares/ST/STM32_USB_Device_Library/Core/Inc" -I"C:/E11_ELEC_Git/07-COM/Firmware/COM_Code/v2/Middlewares/ST/STM32_USB_Device_Library/Class/CDC/Inc" -I"C:/E11_ELEC_Git/07-COM/Firmware/COM_Code/v2/Middlewares/Third_Party/FatFs/src" -I../Middlewares/Third_Party/FatFs/src -I"C:/E11_ELEC_Git/07-COM/Firmware/COM_Code/v2/Services/Interpreter/Config" -I"C:/E11_ELEC_Git/07-COM/Firmware/COM_Code/v2/Services/Interpreter" -I"C:/E11_ELEC_Git/07-COM/Firmware/COM_Code/v2/Services/HW_Config" -I"C:/E11_ELEC_Git/07-COM/Firmware/COM_Code/v2/Services/Interpreter/CanMain/Reception" -I"C:/E11_ELEC_Git/07-COM/Firmware/COM_Code/v2/Services/Interpreter/CanMain/Transmit" -I../USB_DEVICE/App -I../USB_DEVICE/Target -I../Middlewares/ST/STM32_USB_Device_Library/Core/Inc -I../Middlewares/ST/STM32_USB_Device_Library/Class/CDC/Inc -I"C:/E11_ELEC_Git/07-COM/Firmware/COM_Code/v2/E11_Library/BoardID" -I"C:/E11_ELEC_Git/07-COM/Firmware/COM_Code/v2/E11_Library/Can2Def" -I"C:/E11_ELEC_Git/07-COM/Firmware/COM_Code/v2/E11_Library/CanDef" -I"C:/E11_ELEC_Git/07-COM/Firmware/COM_Code/v2/E11_Library/Cobs" -I"C:/E11_ELEC_Git/07-COM/Firmware/COM_Code/v2/E11_Library/Eeprom" -I"C:/E11_ELEC_Git/07-COM/Firmware/COM_Code/v2/E11_Library/ErrorDef/Legacy" -I"C:/E11_ELEC_Git/07-COM/Firmware/COM_Code/v2/E11_Library/EstebanCAN" -I"C:/E11_ELEC_Git/07-COM/Firmware/COM_Code/v2/E11_Library/EstebanCOM" -I"C:/E11_ELEC_Git/07-COM/Firmware/COM_Code/v2/E11_Library/EstebanSystem" -I"C:/E11_ELEC_Git/07-COM/Firmware/COM_Code/v2/E11_Library/EstebanUSB" -I"C:/E11_ELEC_Git/07-COM/Firmware/COM_Code/v2/E11_Library/Parameters" -I"C:/E11_ELEC_Git/07-COM/Firmware/COM_Code/v2/E11_Library/Serial" -I"C:/E11_ELEC_Git/07-COM/Firmware/COM_Code/v2/E11_Library/SystemErrors" -I"C:/E11_ELEC_Git/07-COM/Firmware/COM_Code/v2/E11_Library/Timer" -I"C:/E11_ELEC_Git/07-COM/Firmware/COM_Code/v2/E11_Library/Global" -I"C:/E11_ELEC_Git/07-COM/Firmware/COM_Code/v2/Services/CommunicationController/Inc" -I"C:/E11_ELEC_Git/07-COM/Firmware/COM_Code/v2/Services/CommunicationController/Src" -I"C:/E11_ELEC_Git/07-COM/Firmware/COM_Code/v2/Services/Gps/Inc" -I"C:/E11_ELEC_Git/07-COM/Firmware/COM_Code/v2/Services/Gps/Src" -I"C:/E11_ELEC_Git/07-COM/Firmware/COM_Code/v2/Services/uSD_card/Inc" -I"C:/E11_ELEC_Git/07-COM/Firmware/COM_Code/v2/Services/uSD_card/Src" -I"C:/E11_ELEC_Git/07-COM/Firmware/COM_Code/v2/Services/XbeeLTE/Inc" -I"C:/E11_ELEC_Git/07-COM/Firmware/COM_Code/v2/Services/XbeeLTE/Src" -I"C:/E11_ELEC_Git/07-COM/Firmware/COM_Code/v2/Services/XbeeRF/Inc" -I"C:/E11_ELEC_Git/07-COM/Firmware/COM_Code/v2/Services/XbeeRF/Src" -O0 -ffunction-sections -fdata-sections -Wall -fstack-usage -fcyclomatic-complexity -MMD -MP -MF"Services/Interpreter/CanMain/Reception/ReceptionCanMain.d" -MT"Services/Interpreter/CanMain/Reception/ReceptionCanMain.o" --specs=nano.specs -mfpu=fpv4-sp-d16 -mfloat-abi=hard -mthumb -o "Services/Interpreter/CanMain/Reception/ReceptionCanMain.o"
arm-none-eabi-gcc "../Services/Interpreter/Interpreter.c" -mcpu=cortex-m4 -std=gnu11 -g3 -DDEBUG -DUSE_HAL_DRIVER -DSTM32F446xx -DCAN_USE_PORT1 -DCOM_BOARD -DSTM32Esteban -c -I../Core/Inc -I../FATFS/Target -I../FATFS/App -I../Drivers/STM32F4xx_HAL_Driver/Inc -I../Drivers/STM32F4xx_HAL_Driver/Inc/Legacy -I../Drivers/CMSIS/Device/ST/STM32F4xx/Include -I../Drivers/CMSIS/Include -I"C:/E11_ELEC_Git/07-COM/Firmware/COM_Code/v2/Middlewares/ST/STM32_USB_Device_Library/Core/Inc" -I"C:/E11_ELEC_Git/07-COM/Firmware/COM_Code/v2/Middlewares/ST/STM32_USB_Device_Library/Class/CDC/Inc" -I"C:/E11_ELEC_Git/07-COM/Firmware/COM_Code/v2/Middlewares/Third_Party/FatFs/src" -I../Middlewares/Third_Party/FatFs/src -I"C:/E11_ELEC_Git/07-COM/Firmware/COM_Code/v2/Services/Interpreter/Config" -I"C:/E11_ELEC_Git/07-COM/Firmware/COM_Code/v2/Services/Interpreter" -I"C:/E11_ELEC_Git/07-COM/Firmware/COM_Code/v2/Services/HW_Config" -I"C:/E11_ELEC_Git/07-COM/Firmware/COM_Code/v2/Services/Interpreter/CanMain/Reception" -I"C:/E11_ELEC_Git/07-COM/Firmware/COM_Code/v2/Services/Interpreter/CanMain/Transmit" -I../USB_DEVICE/App -I../USB_DEVICE/Target -I../Middlewares/ST/STM32_USB_Device_Library/Core/Inc -I../Middlewares/ST/STM32_USB_Device_Library/Class/CDC/Inc -I"C:/E11_ELEC_Git/07-COM/Firmware/COM_Code/v2/E11_Library/BoardID" -I"C:/E11_ELEC_Git/07-COM/Firmware/COM_Code/v2/E11_Library/Can2Def" -I"C:/E11_ELEC_Git/07-COM/Firmware/COM_Code/v2/E11_Library/CanDef" -I"C:/E11_ELEC_Git/07-COM/Firmware/COM_Code/v2/E11_Library/Cobs" -I"C:/E11_ELEC_Git/07-COM/Firmware/COM_Code/v2/E11_Library/Eeprom" -I"C:/E11_ELEC_Git/07-COM/Firmware/COM_Code/v2/E11_Library/ErrorDef/Legacy" -I"C:/E11_ELEC_Git/07-COM/Firmware/COM_Code/v2/E11_Library/EstebanCAN" -I"C:/E11_ELEC_Git/07-COM/Firmware/COM_Code/v2/E11_Library/EstebanCOM" -I"C:/E11_ELEC_Git/07-COM/Firmware/COM_Code/v2/E11_Library/EstebanSystem" -I"C:/E11_ELEC_Git/07-COM/Firmware/COM_Code/v2/E11_Library/EstebanUSB" -I"C:/E11_ELEC_Git/07-COM/Firmware/COM_Code/v2/E11_Library/Parameters" -I"C:/E11_ELEC_Git/07-COM/Firmware/COM_Code/v2/E11_Library/Serial" -I"C:/E11_ELEC_Git/07-COM/Firmware/COM_Code/v2/E11_Library/SystemErrors" -I"C:/E11_ELEC_Git/07-COM/Firmware/COM_Code/v2/E11_Library/Timer" -I"C:/E11_ELEC_Git/07-COM/Firmware/COM_Code/v2/E11_Library/Global" -I"C:/E11_ELEC_Git/07-COM/Firmware/COM_Code/v2/Services/CommunicationController/Inc" -I"C:/E11_ELEC_Git/07-COM/Firmware/COM_Code/v2/Services/CommunicationController/Src" -I"C:/E11_ELEC_Git/07-COM/Firmware/COM_Code/v2/Services/Gps/Inc" -I"C:/E11_ELEC_Git/07-COM/Firmware/COM_Code/v2/Services/Gps/Src" -I"C:/E11_ELEC_Git/07-COM/Firmware/COM_Code/v2/Services/uSD_card/Inc" -I"C:/E11_ELEC_Git/07-COM/Firmware/COM_Code/v2/Services/uSD_card/Src" -I"C:/E11_ELEC_Git/07-COM/Firmware/COM_Code/v2/Services/XbeeLTE/Inc" -I"C:/E11_ELEC_Git/07-COM/Firmware/COM_Code/v2/Services/XbeeLTE/Src" -I"C:/E11_ELEC_Git/07-COM/Firmware/COM_Code/v2/Services/XbeeRF/Inc" -I"C:/E11_ELEC_Git/07-COM/Firmware/COM_Code/v2/Services/XbeeRF/Src" -O0 -ffunction-sections -fdata-sections -Wall -fstack-usage -fcyclomatic-complexity -MMD -MP -MF"Services/Interpreter/Interpreter.d" -MT"Services/Interpreter/Interpreter.o" --specs=nano.specs -mfpu=fpv4-sp-d16 -mfloat-abi=hard -mthumb -o "Services/Interpreter/Interpreter.o"
arm-none-eabi-gcc "../Services/Gps/Src/GPS.c" -mcpu=cortex-m4 -std=gnu11 -g3 -DDEBUG -DUSE_HAL_DRIVER -DSTM32F446xx -DCAN_USE_PORT1 -DCOM_BOARD -DSTM32Esteban -c -I../Core/Inc -I../FATFS/Target -I../FATFS/App -I../Drivers/STM32F4xx_HAL_Driver/Inc -I../Drivers/STM32F4xx_HAL_Driver/Inc/Legacy -I../Drivers/CMSIS/Device/ST/STM32F4xx/Include -I../Drivers/CMSIS/Include -I"C:/E11_ELEC_Git/07-COM/Firmware/COM_Code/v2/Middlewares/ST/STM32_USB_Device_Library/Core/Inc" -I"C:/E11_ELEC_Git/07-COM/Firmware/COM_Code/v2/Middlewares/ST/STM32_USB_Device_Library/Class/CDC/Inc" -I"C:/E11_ELEC_Git/07-COM/Firmware/COM_Code/v2/Middlewares/Third_Party/FatFs/src" -I../Middlewares/Third_Party/FatFs/src -I"C:/E11_ELEC_Git/07-COM/Firmware/COM_Code/v2/Services/Interpreter/Config" -I"C:/E11_ELEC_Git/07-COM/Firmware/COM_Code/v2/Services/Interpreter" -I"C:/E11_ELEC_Git/07-COM/Firmware/COM_Code/v2/Services/HW_Config" -I"C:/E11_ELEC_Git/07-COM/Firmware/COM_Code/v2/Services/Interpreter/CanMain/Reception" -I"C:/E11_ELEC_Git/07-COM/Firmware/COM_Code/v2/Services/Interpreter/CanMain/Transmit" -I../USB_DEVICE/App -I../USB_DEVICE/Target -I../Middlewares/ST/STM32_USB_Device_Library/Core/Inc -I../Middlewares/ST/STM32_USB_Device_Library/Class/CDC/Inc -I"C:/E11_ELEC_Git/07-COM/Firmware/COM_Code/v2/E11_Library/BoardID" -I"C:/E11_ELEC_Git/07-COM/Firmware/COM_Code/v2/E11_Library/Can2Def" -I"C:/E11_ELEC_Git/07-COM/Firmware/COM_Code/v2/E11_Library/CanDef" -I"C:/E11_ELEC_Git/07-COM/Firmware/COM_Code/v2/E11_Library/Cobs" -I"C:/E11_ELEC_Git/07-COM/Firmware/COM_Code/v2/E11_Library/Eeprom" -I"C:/E11_ELEC_Git/07-COM/Firmware/COM_Code/v2/E11_Library/ErrorDef/Legacy" -I"C:/E11_ELEC_Git/07-COM/Firmware/COM_Code/v2/E11_Library/EstebanCAN" -I"C:/E11_ELEC_Git/07-COM/Firmware/COM_Code/v2/E11_Library/EstebanCOM" -I"C:/E11_ELEC_Git/07-COM/Firmware/COM_Code/v2/E11_Library/EstebanSystem" -I"C:/E11_ELEC_Git/07-COM/Firmware/COM_Code/v2/E11_Library/EstebanUSB" -I"C:/E11_ELEC_Git/07-COM/Firmware/COM_Code/v2/E11_Library/Parameters" -I"C:/E11_ELEC_Git/07-COM/Firmware/COM_Code/v2/E11_Library/Serial" -I"C:/E11_ELEC_Git/07-COM/Firmware/COM_Code/v2/E11_Library/SystemErrors" -I"C:/E11_ELEC_Git/07-COM/Firmware/COM_Code/v2/E11_Library/Timer" -I"C:/E11_ELEC_Git/07-COM/Firmware/COM_Code/v2/E11_Library/Global" -I"C:/E11_ELEC_Git/07-COM/Firmware/COM_Code/v2/Services/CommunicationController/Inc" -I"C:/E11_ELEC_Git/07-COM/Firmware/COM_Code/v2/Services/CommunicationController/Src" -I"C:/E11_ELEC_Git/07-COM/Firmware/COM_Code/v2/Services/Gps/Inc" -I"C:/E11_ELEC_Git/07-COM/Firmware/COM_Code/v2/Services/Gps/Src" -I"C:/E11_ELEC_Git/07-COM/Firmware/COM_Code/v2/Services/uSD_card/Inc" -I"C:/E11_ELEC_Git/07-COM/Firmware/COM_Code/v2/Services/uSD_card/Src" -I"C:/E11_ELEC_Git/07-COM/Firmware/COM_Code/v2/Services/XbeeLTE/Inc" -I"C:/E11_ELEC_Git/07-COM/Firmware/COM_Code/v2/Services/XbeeLTE/Src" -I"C:/E11_ELEC_Git/07-COM/Firmware/COM_Code/v2/Services/XbeeRF/Inc" -I"C:/E11_ELEC_Git/07-COM/Firmware/COM_Code/v2/Services/XbeeRF/Src" -O0 -ffunction-sections -fdata-sections -Wall -fstack-usage -fcyclomatic-complexity -MMD -MP -MF"Services/Gps/Src/GPS.d" -MT"Services/Gps/Src/GPS.o" --specs=nano.specs -mfpu=fpv4-sp-d16 -mfloat-abi=hard -mthumb -o "Services/Gps/Src/GPS.o"
[...]
  255 |         COMSTATUS->LTE_Strength_Bar = LTE_getSignalStrength_bar();
      |                                       ^~~~~~~~~~~~~~~~~~~~~~~~~
../Services/CommunicationController/Src/ComunicationControler.c:256:39: warning: implicit declaration of function 'LTE_getSignalStrength_dBm' [-Wimplicit-function-declaration]
  256 |         COMSTATUS->LTE_Strength_dBm = LTE_getSignalStrength_dBm();
      |                                       ^~~~~~~~~~~~~~~~~~~~~~~~~
../Services/CommunicationController/Src/ComunicationControler.c: In function 'updateTxDATE_TIME':
../Services/CommunicationController/Src/ComunicationControler.c:264:26: warning: implicit declaration of function 'LTE_getDateTime' [-Wimplicit-function-declaration]
  264 |         uint8_t* tempP = LTE_getDateTime();
      |                          ^~~~~~~~~~~~~~~
../Services/CommunicationController/Src/ComunicationControler.c:264:26: warning: initialization of 'uint8_t *' {aka 'unsigned char *'} from 'int' makes pointer from integer without a cast [-Wint-conversion]
In file included from ../Services/CommunicationController/Src/ComunicationControler.c:10:
C:/E11_ELEC_Git/07-COM/Firmware/COM_Code/v2/Services/CommunicationController/Inc/ComunicationControler.h: At top level:
C:/E11_ELEC_Git/07-COM/Firmware/COM_Code/v2/Services/CommunicationController/Inc/ComunicationControler.h:30:13: warning: 'sCANMessageTransmitPut' declared 'static' but never defined [-Wunused-function]
   30 | static void sCANMessageTransmitPut(sCANMessage_t * CANmessage);
      |             ^~~~~~~~~~~~~~~~~~~~~~
In file included from ../Services/CommunicationController/Src/ComunicationControler.c:11:
C:/E11_ELEC_Git/07-COM/Firmware/COM_Code/v2/Services/uSD_card/Inc/uSD_card.h:31:17: warning: 'getBufferSizeSD' declared 'static' but never defined [-Wunused-function]
   31 | static uint32_t getBufferSizeSD(void);
      |                 ^~~~~~~~~~~~~~~
C:/E11_ELEC_Git/07-COM/Firmware/COM_Code/v2/Services/uSD_card/Inc/uSD_card.h:32:22: warning: 'canBufferReadSD' declared 'static' but never defined [-Wunused-function]
   32 | static sCANMessage_t canBufferReadSD(void);
      |                      ^~~~~~~~~~~~~~~
../Services/CommunicationController/Src/ComunicationControler.c:47:17: warning: 'nextTxLoopCheck_Time' defined but not used [-Wunused-variable]
   47 | static uint32_t nextTxLoopCheck_Time=0;
      |                 ^~~~~~~~~~~~~~~~~~~~
../Services/CommunicationController/Src/ComunicationControler.c:44:17: warning: 'nextTxStatusTime' defined but not used [-Wunused-variable]
   44 | static uint32_t nextTxStatusTime=0;
      |                 ^~~~~~~~~~~~~~~~
../Services/CommunicationController/Src/ComunicationControler.c:36:17: warning: 'canMessageTxPut' defined but not used [-Wunused-variable]
   36 | static uint16_t canMessageTxPut=0;
      |                 ^~~~~~~~~~~~~~~
../Services/CommunicationController/Src/ComunicationControler.c:35:17: warning: 'canMessageTxGet' defined but not used [-Wunused-variable]
   35 | static uint16_t canMessageTxGet=0;
      |                 ^~~~~~~~~~~~~~~
../Services/CommunicationController/Src/ComunicationControler.c:34:22: warning: 'canMessageTxFIFO' defined but not used [-Wunused-variable]
   34 | static sCANMessage_t canMessageTxFIFO[CAN_MESSAGE_TX_FIFO_LENGTH];
      |                      ^~~~~~~~~~~~~~~~
In file included from C:/E11_ELEC_Git/07-COM/Firmware/COM_Code/v2/Services/CommunicationController/Inc/ComunicationControler.h:14:
C:/E11_ELEC_Git/07-COM/Firmware/COM_Code/v2/E11_Library/Timer/Timer.h:40:17: warning: 'intervalPtr' defined but not used [-Wunused-variable]
   40 | static uint32_t intervalPtr = 0;
      |                 ^~~~~~~~~~~
C:/E11_ELEC_Git/07-COM/Firmware/COM_Code/v2/E11_Library/Timer/Timer.h:39:17: warning: 'timeoutPtr' defined but not used [-Wunused-variable]
   39 | static uint32_t timeoutPtr = 0;
      |                 ^~~~~~~~~~
C:/E11_ELEC_Git/07-COM/Firmware/COM_Code/v2/E11_Library/Timer/Timer.h:38:17: warning: 'intervals' defined but not used [-Wunused-variable]
   38 | static Interval intervals[TIMER_BUFFER_SIZE];
      |                 ^~~~~~~~~
C:/E11_ELEC_Git/07-COM/Firmware/COM_Code/v2/E11_Library/Timer/Timer.h:37:16: warning: 'timeouts' defined but not used [-Wunused-variable]
   37 | static Timeout timeouts[TIMER_BUFFER_SIZE];
      |                ^~~~~~~~
make: *** [Services/CommunicationController/Src/subdir.mk:19: Services/CommunicationController/Src/ComunicationControler.o] Error 1
"make -j20 all" terminated with exit code 2. Build might be incomplete.
10:21:28 **** Incremental Build of configuration Debug for project integration_elec_slave ****
make -j20 all 
arm-none-eabi-gcc "../Core/Src/main.c" -mcpu=cortex-m4 -std=gnu11 -g3 -DDEBUG -DUSE_HAL_DRIVER -DSTM32F446xx -c -I../Core/Inc -I../Drivers/STM32F4xx_HAL_Driver/Inc -I../Drivers/STM32F4xx_HAL_Driver/Inc/Legacy -I../Drivers/CMSIS/Device/ST/STM32F4xx/Include -I../Drivers/CMSIS/Include -O0 -ffunction-sections -fdata-sections -Wall -fstack-usage -fcyclomatic-complexity -MMD -MP -MF"Core/Src/main.d" -MT"Core/Src/main.o" --specs=nano.specs -mfpu=fpv4-sp-d16 -mfloat-abi=hard -mthumb -o "Core/Src/main.o"
../Core/Src/main.c: In function 'main':
../Core/Src/main.c:99:3: warning: implicit declaration of function 'XBEE_INIT' [-Wimplicit-function-declaration]
   99 |   XBEE_INIT();
      |   ^~~~~~~~~
../Core/Src/main.c:100:3: warning: implicit declaration of function 'ADS1015_init' [-Wimplicit-function-declaration]
  100 |   ADS1015_init();
      |   ^~~~~~~~~~~~
../Core/Src/main.c: In function 'HAL_GPIO_EXTI_Callback':
../Core/Src/main.c:163:17: warning: implicit declaration of function 'ADS1015_get_sample' [-Wimplicit-function-declaration]
  163 |                 ADS1015_get_sample();
      |                 ^~~~~~~~~~~~~~~~~~
arm-none-eabi-gcc -o "integration_elec_slave.elf" @"objects.list"   -mcpu=cortex-m4 -T"C:\MEC8370\integration_elec\PI4\code_integration_elec\onboard\STM32F446RETX_FLASH.ld" --specs=nosys.specs -Wl,-Map="integration_elec_slave.map" -Wl,--gc-sections -static --specs=nano.specs -mfpu=fpv4-sp-d16 -mfloat-abi=hard -mthumb -Wl,--start-group -lc -lm -Wl,--end-group
C:/ST/STM32CubeIDE_1.19.0/STM32CubeIDE/plugins/com.st.stm32cube.ide.mcu.externaltools.gnu-tools-for-stm32.13.3.rel1.win32_1.0.0.202411081344/tools/bin/../lib/gcc/arm-none-eabi/13.3.1/../../../../arm-none-eabi/bin/ld.exe: ./Core/Src/main.o: in function `main':
C:/MEC8370/integration_elec/PI4/code_integration_elec/onboard/Debug/../Core/Src/main.c:99:(.text.main+0x20): undefined reference to `XBEE_INIT'
collect2.exe: error: ld returned 1 exit status
make: *** [makefile:64: integration_elec_slave.elf] Error 1
"make -j20 all" terminated with exit code 2. Build might be incomplete.
10:22:01 **** Incremental Build of configuration Debug for project E11_COM ****
make -j20 all 
arm-none-eabi-gcc "../Services/CommunicationController/Src/ComunicationControler.c" -mcpu=cortex-m4 -std=gnu11 -g3 -DDEBUG -DUSE_HAL_DRIVER -DSTM32F446xx -DCAN_USE_PORT1 -DCOM_BOARD -DSTM32Esteban -c -I../Core/Inc -I../FATFS/Target -I../FATFS/App -I../Drivers/STM32F4xx_HAL_Driver/Inc -I../Drivers/STM32F4xx_HAL_Driver/Inc/Legacy -I../Drivers/CMSIS/Device/ST/STM32F4xx/Include -I../Drivers/CMSIS/Include -I"C:/E11_ELEC_Git/07-COM/Firmware/COM_Code/v2/Middlewares/ST/STM32_USB_Device_Library/Core/Inc" -I"C:/E11_ELEC_Git/07-COM/Firmware/COM_Code/v2/Middlewares/ST/STM32_USB_Device_Library/Class/CDC/Inc" -I"C:/E11_ELEC_Git/07-COM/Firmware/COM_Code/v2/Middlewares/Third_Party/FatFs/src" -I../Middlewares/Third_Party/FatFs/src -I"C:/E11_ELEC_Git/07-COM/Firmware/COM_Code/v2/Services/Interpreter/Config" -I"C:/E11_ELEC_Git/07-COM/Firmware/COM_Code/v2/Services/Interpreter" -I"C:/E11_ELEC_Git/07-COM/Firmware/COM_Code/v2/Services/HW_Config" -I"C:/E11_ELEC_Git/07-COM/Firmware/COM_Code/v2/Services/Interpreter/CanMain/Reception" -I"C:/E11_ELEC_Git/07-COM/Firmware/COM_Code/v2/Services/Interpreter/CanMain/Transmit" -I../USB_DEVICE/App -I../USB_DEVICE/Target -I../Middlewares/ST/STM32_USB_Device_Library/Core/Inc -I../Middlewares/ST/STM32_USB_Device_Library/Class/CDC/Inc -I"C:/E11_ELEC_Git/07-COM/Firmware/COM_Code/v2/E11_Library/BoardID" -I"C:/E11_ELEC_Git/07-COM/Firmware/COM_Code/v2/E11_Library/Can2Def" -I"C:/E11_ELEC_Git/07-COM/Firmware/COM_Code/v2/E11_Library/CanDef" -I"C:/E11_ELEC_Git/07-COM/Firmware/COM_Code/v2/E11_Library/Cobs" -I"C:/E11_ELEC_Git/07-COM/Firmware/COM_Code/v2/E11_Library/Eeprom" -I"C:/E11_ELEC_Git/07-COM/Firmware/COM_Code/v2/E11_Library/ErrorDef/Legacy" -I"C:/E11_ELEC_Git/07-COM/Firmware/COM_Code/v2/E11_Library/EstebanCAN" -I"C:/E11_ELEC_Git/07-COM/Firmware/COM_Code/v2/E11_Library/EstebanCOM" -I"C:/E11_ELEC_Git/07-COM/Firmware/COM_Code/v2/E11_Library/EstebanSystem" -I"C:/E11_ELEC_Git/07-COM/Firmware/COM_Code/v2/E11_Library/EstebanUSB" -I"C:/E11_ELEC_Git/07-COM/Firmware/COM_Code/v2/E11_Library/Parameters" -I"C:/E11_ELEC_Git/07-COM/Firmware/COM_Code/v2/E11_Library/Serial" -I"C:/E11_ELEC_Git/07-COM/Firmware/COM_Code/v2/E11_Library/SystemErrors" -I"C:/E11_ELEC_Git/07-COM/Firmware/COM_Code/v2/E11_Library/Timer" -I"C:/E11_ELEC_Git/07-COM/Firmware/COM_Code/v2/E11_Library/Global" -I"C:/E11_ELEC_Git/07-COM/Firmware/COM_Code/v2/Services/CommunicationController/Inc" -I"C:/E11_ELEC_Git/07-COM/Firmware/COM_Code/v2/Services/CommunicationController/Src" -I"C:/E11_ELEC_Git/07-COM/Firmware/COM_Code/v2/Services/Gps/Inc" -I"C:/E11_ELEC_Git/07-COM/Firmware/COM_Code/v2/Services/Gps/Src" -I"C:/E11_ELEC_Git/07-COM/Firmware/COM_Code/v2/Services/uSD_card/Inc" -I"C:/E11_ELEC_Git/07-COM/Firmware/COM_Code/v2/Services/uSD_card/Src" -I"C:/E11_ELEC_Git/07-COM/Firmware/COM_Code/v2/Services/XbeeLTE/Inc" -I"C:/E11_ELEC_Git/07-COM/Firmware/COM_Code/v2/Services/XbeeLTE/Src" -I"C:/E11_ELEC_Git/07-COM/Firmware/COM_Code/v2/Services/XbeeRF/Inc" -I"C:/E11_ELEC_Git/07-COM/Firmware/COM_Code/v2/Services/XbeeRF/Src" -O0 -ffunction-sections -fdata-sections -Wall -fstack-usage -fcyclomatic-complexity -MMD -MP -MF"Services/CommunicationController/Src/ComunicationControler.d" -MT"Services/CommunicationController/Src/ComunicationControler.o" --specs=nano.specs -mfpu=fpv4-sp-d16 -mfloat-abi=hard -mthumb -o "Services/CommunicationController/Src/ComunicationControler.o"
../Services/CommunicationController/Src/ComunicationControler.c: In function 'commTask':
../Services/CommunicationController/Src/ComunicationControler.c:135:41: warning: implicit declaration of function 'XBeeRF_PutCanMsg'; did you mean 'SD_PutCanMsg'? [-Wimplicit-function-declaration]
  135 |                 if (RF_Present)         XBeeRF_PutCanMsg(msg);
      |                                         ^~~~~~~~~~~~~~~~
      |                                         SD_PutCanMsg
../Services/CommunicationController/Src/ComunicationControler.c:136:41: warning: implicit declaration of function 'LTE_PutCanMsg'; did you mean 'SD_PutCanMsg'? [-Wimplicit-function-declaration]
  136 |                 if (LTE_Present)        LTE_PutCanMsg(msg);
      |                                         ^~~~~~~~~~~~~
      |                                         SD_PutCanMsg
../Services/CommunicationController/Src/ComunicationControler.c: In function 'HAL_UART_RxCpltCallback':
../Services/CommunicationController/Src/ComunicationControler.c:166:9: warning: implicit declaration of function 'XBeeRF_DMA_SW'; did you mean 'XBeeRF_Task'? [-Wimplicit-function-declaration]
  166 |         XBeeRF_DMA_SW();
      |         ^~~~~~~~~~~~~
      |         XBeeRF_Task
../Services/CommunicationController/Src/ComunicationControler.c:168:9: warning: implicit declaration of function 'LTE_DMA_SW' [-Wimplicit-function-declaration]
  168 |         LTE_DMA_SW();
      |         ^~~~~~~~~~
../Services/CommunicationController/Src/ComunicationControler.c: In function 'CANMessageReceived':
../Services/CommunicationController/Src/ComunicationControler.c:205:9: warning: implicit declaration of function 'sendCANMessage'; did you mean 'stringToCANMessage'? [-Wimplicit-function-declaration]
  205 |         sendCANMessage(msg);
      |         ^~~~~~~~~~~~~~
      |         stringToCANMessage
../Services/CommunicationController/Src/ComunicationControler.c: In function 'CANMessageReceive':
../Services/CommunicationController/Src/ComunicationControler.c:216:25: error: 'sCANMessage_t' has no member named 'adress'; did you mean 'address'?
  216 |         if(canRxMessage.adress==COM_SET_TARGET_SPEED && canRxMessage.valid==true){
      |                         ^~~~~~
      |                         address
../Services/CommunicationController/Src/ComunicationControler.c:226:17: warning: implicit declaration of function 'XBeeRF_ChangeStatus' [-Wimplicit-function-declaration]
  226 |                 XBeeRF_ChangeStatus(IN_RANGE);
      |                 ^~~~~~~~~~~~~~~~~~~
../Services/CommunicationController/Src/ComunicationControler.c: In function 'updateComStateData':
../Services/CommunicationController/Src/ComunicationControler.c:253:32: warning: implicit declaration of function 'XBeeRF_getStatus' [-Wimplicit-function-declaration]
  253 |         COMSTATUS->RF_Status = XBeeRF_getStatus();
      |                                ^~~~~~~~~~~~~~~~
../Services/CommunicationController/Src/ComunicationControler.c:254:33: warning: implicit declaration of function 'LTE_getStatus' [-Wimplicit-function-declaration]
  254 |         COMSTATUS->LTE_Status = LTE_getStatus();
      |                                 ^~~~~~~~~~~~~
../Services/CommunicationController/Src/ComunicationControler.c:255:39: warning: implicit declaration of function 'LTE_getSignalStrength_bar' [-Wimplicit-function-declaration]
  255 |         COMSTATUS->LTE_Strength_Bar = LTE_getSignalStrength_bar();
      |                                       ^~~~~~~~~~~~~~~~~~~~~~~~~
../Services/CommunicationController/Src/ComunicationControler.c:256:39: warning: implicit declaration of function 'LTE_getSignalStrength_dBm' [-Wimplicit-function-declaration]
  256 |         COMSTATUS->LTE_Strength_dBm = LTE_getSignalStrength_dBm();
      |                                       ^~~~~~~~~~~~~~~~~~~~~~~~~
../Services/CommunicationController/Src/ComunicationControler.c: In function 'updateTxDATE_TIME':
../Services/CommunicationController/Src/ComunicationControler.c:264:26: warning: implicit declaration of function 'LTE_getDateTime' [-Wimplicit-function-declaration]
  264 |         uint8_t* tempP = LTE_getDateTime();
      |                          ^~~~~~~~~~~~~~~
../Services/CommunicationController/Src/ComunicationControler.c:264:26: warning: initialization of 'uint8_t *' {aka 'unsigned char *'} from 'int' makes pointer from integer without a cast [-Wint-conversion]
In file included from ../Services/CommunicationController/Src/ComunicationControler.c:10:
C:/E11_ELEC_Git/07-COM/Firmware/COM_Code/v2/Services/CommunicationController/Inc/ComunicationControler.h: At top level:
C:/E11_ELEC_Git/07-COM/Firmware/COM_Code/v2/Services/CommunicationController/Inc/ComunicationControler.h:30:13: warning: 'sCANMessageTransmitPut' declared 'static' but never defined [-Wunused-function]
   30 | static void sCANMessageTransmitPut(sCANMessage_t * CANmessage);
      |             ^~~~~~~~~~~~~~~~~~~~~~
In file included from ../Services/CommunicationController/Src/ComunicationControler.c:11:
C:/E11_ELEC_Git/07-COM/Firmware/COM_Code/v2/Services/uSD_card/Inc/uSD_card.h:31:17: warning: 'getBufferSizeSD' declared 'static' but never defined [-Wunused-function]
   31 | static uint32_t getBufferSizeSD(void);
      |                 ^~~~~~~~~~~~~~~
C:/E11_ELEC_Git/07-COM/Firmware/COM_Code/v2/Services/uSD_card/Inc/uSD_card.h:32:22: warning: 'canBufferReadSD' declared 'static' but never defined [-Wunused-function]
   32 | static sCANMessage_t canBufferReadSD(void);
      |                      ^~~~~~~~~~~~~~~
../Services/CommunicationController/Src/ComunicationControler.c:47:17: warning: 'nextTxLoopCheck_Time' defined but not used [-Wunused-variable]
   47 | static uint32_t nextTxLoopCheck_Time=0;
      |                 ^~~~~~~~~~~~~~~~~~~~
../Services/CommunicationController/Src/ComunicationControler.c:44:17: warning: 'nextTxStatusTime' defined but not used [-Wunused-variable]
   44 | static uint32_t nextTxStatusTime=0;
      |                 ^~~~~~~~~~~~~~~~
../Services/CommunicationController/Src/ComunicationControler.c:36:17: warning: 'canMessageTxPut' defined but not used [-Wunused-variable]
   36 | static uint16_t canMessageTxPut=0;
      |                 ^~~~~~~~~~~~~~~
../Services/CommunicationController/Src/ComunicationControler.c:35:17: warning: 'canMessageTxGet' defined but not used [-Wunused-variable]
   35 | static uint16_t canMessageTxGet=0;
      |                 ^~~~~~~~~~~~~~~
../Services/CommunicationController/Src/ComunicationControler.c:34:22: warning: 'canMessageTxFIFO' defined but not used [-Wunused-variable]
   34 | static sCANMessage_t canMessageTxFIFO[CAN_MESSAGE_TX_FIFO_LENGTH];
      |                      ^~~~~~~~~~~~~~~~
In file included from C:/E11_ELEC_Git/07-COM/Firmware/COM_Code/v2/Services/CommunicationController/Inc/ComunicationControler.h:14:
C:/E11_ELEC_Git/07-COM/Firmware/COM_Code/v2/E11_Library/Timer/Timer.h:40:17: warning: 'intervalPtr' defined but not used [-Wunused-variable]
   40 | static uint32_t intervalPtr = 0;
      |                 ^~~~~~~~~~~
C:/E11_ELEC_Git/07-COM/Firmware/COM_Code/v2/E11_Library/Timer/Timer.h:39:17: warning: 'timeoutPtr' defined but not used [-Wunused-variable]
   39 | static uint32_t timeoutPtr = 0;
      |                 ^~~~~~~~~~
C:/E11_ELEC_Git/07-COM/Firmware/COM_Code/v2/E11_Library/Timer/Timer.h:38:17: warning: 'intervals' defined but not used [-Wunused-variable]
   38 | static Interval intervals[TIMER_BUFFER_SIZE];
      |                 ^~~~~~~~~
C:/E11_ELEC_Git/07-COM/Firmware/COM_Code/v2/E11_Library/Timer/Timer.h:37:16: warning: 'timeouts' defined but not used [-Wunused-variable]
   37 | static Timeout timeouts[TIMER_BUFFER_SIZE];
      |                ^~~~~~~~
make: *** [Services/CommunicationController/Src/subdir.mk:19: Services/CommunicationController/Src/ComunicationControler.o] Error 1
"make -j20 all" terminated with exit code 2. Build might be incomplete.
10:22:02 **** Incremental Build of configuration Debug for project integration_elec_slave ****
make -j20 all 
arm-none-eabi-gcc "../Core/Src/main.c" -mcpu=cortex-m4 -std=gnu11 -g3 -DDEBUG -DUSE_HAL_DRIVER -DSTM32F446xx -c -I../Core/Inc -I../Drivers/STM32F4xx_HAL_Driver/Inc -I../Drivers/STM32F4xx_HAL_Driver/Inc/Legacy -I../Drivers/CMSIS/Device/ST/STM32F4xx/Include -I../Drivers/CMSIS/Include -O0 -ffunction-sections -fdata-sections -Wall -fstack-usage -fcyclomatic-complexity -MMD -MP -MF"Core/Src/main.d" -MT"Core/Src/main.o" --specs=nano.specs -mfpu=fpv4-sp-d16 -mfloat-abi=hard -mthumb -o "Core/Src/main.o"
../Core/Src/main.c: In function 'main':
../Core/Src/main.c:100:3: warning: implicit declaration of function 'XBEE_INIT' [-Wimplicit-function-declaration]
  100 |   XBEE_INIT();
      |   ^~~~~~~~~
arm-none-eabi-gcc -o "integration_elec_slave.elf" @"objects.list"   -mcpu=cortex-m4 -T"C:\MEC8370\integration_elec\PI4\code_integration_elec\onboard\STM32F446RETX_FLASH.ld" --specs=nosys.specs -Wl,-Map="integration_elec_slave.map" -Wl,--gc-sections -static --specs=nano.specs -mfpu=fpv4-sp-d16 -mfloat-abi=hard -mthumb -Wl,--start-group -lc -lm -Wl,--end-group
C:/ST/STM32CubeIDE_1.19.0/STM32CubeIDE/plugins/com.st.stm32cube.ide.mcu.externaltools.gnu-tools-for-stm32.13.3.rel1.win32_1.0.0.202411081344/tools/bin/../lib/gcc/arm-none-eabi/13.3.1/../../../../arm-none-eabi/bin/ld.exe: ./Core/Src/main.o: in function `main':
C:/MEC8370/integration_elec/PI4/code_integration_elec/onboard/Debug/../Core/Src/main.c:100:(.text.main+0x20): undefined reference to `XBEE_INIT'
collect2.exe: error: ld returned 1 exit status
make: *** [makefile:64: integration_elec_slave.elf] Error 1
"make -j20 all" terminated with exit code 2. Build might be incomplete.
