21:37:41 **** Incremental Build of configuration Debug for project integration_elec_slave ****
make -j8 all 
arm-none-eabi-gcc "../Core/Src/ads1015.c" -mcpu=cortex-m4 -std=gnu11 -g3 -DDEBUG -DUSE_HAL_DRIVER -DSTM32F446xx -c -I../Core/Inc -I../Drivers/STM32F4xx_HAL_Driver/Inc -I../Drivers/STM32F4xx_HAL_Driver/Inc/Legacy -I../Drivers/CMSIS/Device/ST/STM32F4xx/Include -I../Drivers/CMSIS/Include -I../USB_DEVICE/App -I../USB_DEVICE/Target -I../Middlewares/ST/STM32_USB_Device_Library/Core/Inc -I../Middlewares/ST/STM32_USB_Device_Library/Class/CDC/Inc -O0 -ffunction-sections -fdata-sections -Wall -fstack-usage -fcyclomatic-complexity -MMD -MP -MF"Core/Src/ads1015.d" -MT"Core/Src/ads1015.o" --specs=nano.specs -mfpu=fpv4-sp-d16 -mfloat-abi=hard -mthumb -o "Core/Src/ads1015.o"
../Core/Src/ads1015.c: In function 'ADS1015_Init':
../Core/Src/ads1015.c:27:13: warning: unused variable 'miaw' [-Wunused-variable]
   27 |         int miaw = 0;
      |             ^~~~
../Core/Src/ads1015.c:26:13: warning: unused variable 'oof' [-Wunused-variable]
   26 |         int oof = 69;
      |             ^~~
arm-none-eabi-gcc -o "integration_elec_slave.elf" @"objects.list"   -mcpu=cortex-m4 -T"/home/emile/MEC8370/PI4/code_integration_elec/onboard/STM32F446RETX_FLASH.ld" --specs=nosys.specs -Wl,-Map="integration_elec_slave.map" -Wl,--gc-sections -static --specs=nano.specs -mfpu=fpv4-sp-d16 -mfloat-abi=hard -mthumb -Wl,--start-group -lc -lm -Wl,--end-group
Finished building target: integration_elec_slave.elf
 
arm-none-eabi-size  integration_elec_slave.elf 
arm-none-eabi-objdump -h -S integration_elec_slave.elf  > "integration_elec_slave.list"
   text	   data	    bss	    dec	    hex	filename
  57852	    360	   9608	  67820	  108ec	integration_elec_slave.elf
Finished building: default.size.stdout
 
Finished building: integration_elec_slave.list
 

21:37:43 Build Finished. 0 errors, 2 warnings. (took 2s.85ms)

