17:51:38 **** Incremental Build of configuration Debug for project integration_elec_slave ****
make -j8 all 
arm-none-eabi-gcc "../Core/Src/main.c" -mcpu=cortex-m4 -std=gnu11 -g3 -DDEBUG -DUSE_HAL_DRIVER -DSTM32F446xx -c -I../Core/Inc -I../Drivers/STM32F4xx_HAL_Driver/Inc -I../Drivers/STM32F4xx_HAL_Driver/Inc/Legacy -I../Drivers/CMSIS/Device/ST/STM32F4xx/Include -I../Drivers/CMSIS/Include -O0 -ffunction-sections -fdata-sections -Wall -fstack-usage -fcyclomatic-complexity -MMD -MP -MF"Core/Src/main.d" -MT"Core/Src/main.o" --specs=nano.specs -mfpu=fpv4-sp-d16 -mfloat-abi=hard -mthumb -o "Core/Src/main.o"
arm-none-eabi-gcc "../Core/Src/xbee.c" -mcpu=cortex-m4 -std=gnu11 -g3 -DDEBUG -DUSE_HAL_DRIVER -DSTM32F446xx -c -I../Core/Inc -I../Drivers/STM32F4xx_HAL_Driver/Inc -I../Drivers/STM32F4xx_HAL_Driver/Inc/Legacy -I../Drivers/CMSIS/Device/ST/STM32F4xx/Include -I../Drivers/CMSIS/Include -O0 -ffunction-sections -fdata-sections -Wall -fstack-usage -fcyclomatic-complexity -MMD -MP -MF"Core/Src/xbee.d" -MT"Core/Src/xbee.o" --specs=nano.specs -mfpu=fpv4-sp-d16 -mfloat-abi=hard -mthumb -o "Core/Src/xbee.o"
In file included from ../Core/Src/main.c:27:
../Core/Inc/xbee.h:21:13: warning: 'info' defined but not used [-Wunused-variable]
   21 | static Info info;
      |             ^~~~
arm-none-eabi-gcc -o "integration_elec_slave.elf" @"objects.list"   -mcpu=cortex-m4 -T"/home/emile/MEC8370/PI4/code_integration_elec/onboard/STM32F446RETX_FLASH.ld" --specs=nosys.specs -Wl,-Map="integration_elec_slave.map" -Wl,--gc-sections -static --specs=nano.specs -mfpu=fpv4-sp-d16 -mfloat-abi=hard -mthumb -Wl,--start-group -lc -lm -Wl,--end-group
Finished building target: integration_elec_slave.elf
 
arm-none-eabi-size  integration_elec_slave.elf 
arm-none-eabi-objdump -h -S integration_elec_slave.elf  > "integration_elec_slave.list"
   text	   data	    bss	    dec	    hex	filename
  18304	     12	   3388	  21704	   54c8	integration_elec_slave.elf
Finished building: default.size.stdout
 
Finished building: integration_elec_slave.list
 

17:51:39 Build Finished. 0 errors, 1 warnings. (took 970ms)

