Archive member included to satisfy reference by file (symbol)

C:/ST/STM32CubeIDE_1.19.0/STM32CubeIDE/plugins/com.st.stm32cube.ide.mcu.externaltools.gnu-tools-for-stm32.13.3.rel1.win32_1.0.0.202411081344/tools/bin/../lib/gcc/arm-none-eabi/13.3.1/../../../../arm-none-eabi/lib/thumb/v7e-m+fp/hard\libc_nano.a(libc_a-exit.o)
                              C:/ST/STM32CubeIDE_1.19.0/STM32CubeIDE/plugins/com.st.stm32cube.ide.mcu.externaltools.gnu-tools-for-stm32.13.3.rel1.win32_1.0.0.202411081344/tools/bin/../lib/gcc/arm-none-eabi/13.3.1/../../../../arm-none-eabi/lib/thumb/v7e-m+fp/hard/crt0.o (exit)
C:/ST/STM32CubeIDE_1.19.0/STM32CubeIDE/plugins/com.st.stm32cube.ide.mcu.externaltools.gnu-tools-for-stm32.13.3.rel1.win32_1.0.0.202411081344/tools/bin/../lib/gcc/arm-none-eabi/13.3.1/../../../../arm-none-eabi/lib/thumb/v7e-m+fp/hard\libc_nano.a(libc_a-findfp.o)
                              C:/ST/STM32CubeIDE_1.19.0/STM32CubeIDE/plugins/com.st.stm32cube.ide.mcu.externaltools.gnu-tools-for-stm32.13.3.rel1.win32_1.0.0.202411081344/tools/bin/../lib/gcc/arm-none-eabi/13.3.1/../../../../arm-none-eabi/lib/thumb/v7e-m+fp/hard\libc_nano.a(libc_a-exit.o) (__stdio_exit_handler)
C:/ST/STM32CubeIDE_1.19.0/STM32CubeIDE/plugins/com.st.stm32cube.ide.mcu.externaltools.gnu-tools-for-stm32.13.3.rel1.win32_1.0.0.202411081344/tools/bin/../lib/gcc/arm-none-eabi/13.3.1/../../../../arm-none-eabi/lib/thumb/v7e-m+fp/hard\libc_nano.a(libc_a-fwalk.o)
                              C:/ST/STM32CubeIDE_1.19.0/STM32CubeIDE/plugins/com.st.stm32cube.ide.mcu.externaltools.gnu-tools-for-stm32.13.3.rel1.win32_1.0.0.202411081344/tools/bin/../lib/gcc/arm-none-eabi/13.3.1/../../../../arm-none-eabi/lib/thumb/v7e-m+fp/hard\libc_nano.a(libc_a-findfp.o) (_fwalk_sglue)
C:/ST/STM32CubeIDE_1.19.0/STM32CubeIDE/plugins/com.st.stm32cube.ide.mcu.externaltools.gnu-tools-for-stm32.13.3.rel1.win32_1.0.0.202411081344/tools/bin/../lib/gcc/arm-none-eabi/13.3.1/../../../../arm-none-eabi/lib/thumb/v7e-m+fp/hard\libc_nano.a(libc_a-stdio.o)
                              C:/ST/STM32CubeIDE_1.19.0/STM32CubeIDE/plugins/com.st.stm32cube.ide.mcu.externaltools.gnu-tools-for-stm32.13.3.rel1.win32_1.0.0.202411081344/tools/bin/../lib/gcc/arm-none-eabi/13.3.1/../../../../arm-none-eabi/lib/thumb/v7e-m+fp/hard\libc_nano.a(libc_a-findfp.o) (__sread)
C:/ST/STM32CubeIDE_1.19.0/STM32CubeIDE/plugins/com.st.stm32cube.ide.mcu.externaltools.gnu-tools-for-stm32.13.3.rel1.win32_1.0.0.202411081344/tools/bin/../lib/gcc/arm-none-eabi/13.3.1/../../../../arm-none-eabi/lib/thumb/v7e-m+fp/hard\libc_nano.a(libc_a-memset.o)
                              C:/ST/STM32CubeIDE_1.19.0/STM32CubeIDE/plugins/com.st.stm32cube.ide.mcu.externaltools.gnu-tools-for-stm32.13.3.rel1.win32_1.0.0.202411081344/tools/bin/../lib/gcc/arm-none-eabi/13.3.1/../../../../arm-none-eabi/lib/thumb/v7e-m+fp/hard/crt0.o (memset)
C:/ST/STM32CubeIDE_1.19.0/STM32CubeIDE/plugins/com.st.stm32cube.ide.mcu.externaltools.gnu-tools-for-stm32.13.3.rel1.win32_1.0.0.202411081344/tools/bin/../lib/gcc/arm-none-eabi/13.3.1/../../../../arm-none-eabi/lib/thumb/v7e-m+fp/hard\libc_nano.a(libc_a-closer.o)
                              C:/ST/STM32CubeIDE_1.19.0/STM32CubeIDE/plugins/com.st.stm32cube.ide.mcu.externaltools.gnu-tools-for-stm32.13.3.rel1.win32_1.0.0.202411081344/tools/bin/../lib/gcc/arm-none-eabi/13.3.1/../../../../arm-none-eabi/lib/thumb/v7e-m+fp/hard\libc_nano.a(libc_a-stdio.o) (_close_r)
C:/ST/STM32CubeIDE_1.19.0/STM32CubeIDE/plugins/com.st.stm32cube.ide.mcu.externaltools.gnu-tools-for-stm32.13.3.rel1.win32_1.0.0.202411081344/tools/bin/../lib/gcc/arm-none-eabi/13.3.1/../../../../arm-none-eabi/lib/thumb/v7e-m+fp/hard\libc_nano.a(libc_a-reent.o)
                              C:/ST/STM32CubeIDE_1.19.0/STM32CubeIDE/plugins/com.st.stm32cube.ide.mcu.externaltools.gnu-tools-for-stm32.13.3.rel1.win32_1.0.0.202411081344/tools/bin/../lib/gcc/arm-none-eabi/13.3.1/../../../../arm-none-eabi/lib/thumb/v7e-m+fp/hard\libc_nano.a(libc_a-closer.o) (errno)
C:/ST/STM32CubeIDE_1.19.0/STM32CubeIDE/plugins/com.st.stm32cube.ide.mcu.externaltools.gnu-tools-for-stm32.13.3.rel1.win32_1.0.0.202411081344/tools/bin/../lib/gcc/arm-none-eabi/13.3.1/../../../../arm-none-eabi/lib/thumb/v7e-m+fp/hard\libc_nano.a(libc_a-impure.o)
                              C:/ST/STM32CubeIDE_1.19.0/STM32CubeIDE/plugins/com.st.stm32cube.ide.mcu.externaltools.gnu-tools-for-stm32.13.3.rel1.win32_1.0.0.202411081344/tools/bin/../lib/gcc/arm-none-eabi/13.3.1/../../../../arm-none-eabi/lib/thumb/v7e-m+fp/hard\libc_nano.a(libc_a-reent.o) (_impure_ptr)
C:/ST/STM32CubeIDE_1.19.0/STM32CubeIDE/plugins/com.st.stm32cube.ide.mcu.externaltools.gnu-tools-for-stm32.13.3.rel1.win32_1.0.0.202411081344/tools/bin/../lib/gcc/arm-none-eabi/13.3.1/../../../../arm-none-eabi/lib/thumb/v7e-m+fp/hard\libc_nano.a(libc_a-lseekr.o)
[...]
Memory Configuration

Name             Origin             Length             Attributes
RAM              0x20000000         0x00020000         xrw
FLASH            0x08000000         0x00080000         xr
*default*        0x00000000         0xffffffff

Linker script and memory map

LOAD C:/ST/STM32CubeIDE_1.19.0/STM32CubeIDE/plugins/com.st.stm32cube.ide.mcu.externaltools.gnu-tools-for-stm32.13.3.rel1.win32_1.0.0.202411081344/tools/bin/../lib/gcc/arm-none-eabi/13.3.1/thumb/v7e-m+fp/hard/crti.o
LOAD C:/ST/STM32CubeIDE_1.19.0/STM32CubeIDE/plugins/com.st.stm32cube.ide.mcu.externaltools.gnu-tools-for-stm32.13.3.rel1.win32_1.0.0.202411081344/tools/bin/../lib/gcc/arm-none-eabi/13.3.1/thumb/v7e-m+fp/hard/crtbegin.o
LOAD C:/ST/STM32CubeIDE_1.19.0/STM32CubeIDE/plugins/com.st.stm32cube.ide.mcu.externaltools.gnu-tools-for-stm32.13.3.rel1.win32_1.0.0.202411081344/tools/bin/../lib/gcc/arm-none-eabi/13.3.1/../../../../arm-none-eabi/lib/thumb/v7e-m+fp/hard/crt0.o
LOAD ./Core/Src/ads1015.o
LOAD ./Core/Src/dma.o
LOAD ./Core/Src/gpio.o
LOAD ./Core/Src/i2c.o
LOAD ./Core/Src/main.o
LOAD ./Core/Src/stm32f4xx_hal_msp.o
LOAD ./Core/Src/stm32f4xx_it.o
LOAD ./Core/Src/syscalls.o
LOAD ./Core/Src/sysmem.o
LOAD ./Core/Src/system_stm32f4xx.o
LOAD ./Core/Src/usart.o
LOAD ./Core/Src/usb_otg.o
LOAD ./Core/Src/xbee.o
LOAD ./Core/Startup/startup_stm32f446retx.o
LOAD ./Drivers/STM32F4xx_HAL_Driver/Src/stm32f4xx_hal.o
LOAD ./Drivers/STM32F4xx_HAL_Driver/Src/stm32f4xx_hal_cortex.o
LOAD ./Drivers/STM32F4xx_HAL_Driver/Src/stm32f4xx_hal_dma.o
LOAD ./Drivers/STM32F4xx_HAL_Driver/Src/stm32f4xx_hal_dma_ex.o
LOAD ./Drivers/STM32F4xx_HAL_Driver/Src/stm32f4xx_hal_exti.o
LOAD ./Drivers/STM32F4xx_HAL_Driver/Src/stm32f4xx_hal_flash.o
LOAD ./Drivers/STM32F4xx_HAL_Driver/Src/stm32f4xx_hal_flash_ex.o
LOAD ./Drivers/STM32F4xx_HAL_Driver/Src/stm32f4xx_hal_flash_ramfunc.o
LOAD ./Drivers/STM32F4xx_HAL_Driver/Src/stm32f4xx_hal_gpio.o
LOAD ./Drivers/STM32F4xx_HAL_Driver/Src/stm32f4xx_hal_i2c.o
LOAD ./Drivers/STM32F4xx_HAL_Driver/Src/stm32f4xx_hal_i2c_ex.o
LOAD ./Drivers/STM32F4xx_HAL_Driver/Src/stm32f4xx_hal_pcd.o
LOAD ./Drivers/STM32F4xx_HAL_Driver/Src/stm32f4xx_hal_pcd_ex.o
LOAD ./Drivers/STM32F4xx_HAL_Driver/Src/stm32f4xx_hal_pwr.o
LOAD ./Drivers/STM32F4xx_HAL_Driver/Src/stm32f4xx_hal_pwr_ex.o
LOAD ./Drivers/STM32F4xx_HAL_Driver/Src/stm32f4xx_hal_rcc.o
LOAD ./Drivers/STM32F4xx_HAL_Driver/Src/stm32f4xx_hal_rcc_ex.o
LOAD ./Drivers/STM32F4xx_HAL_Driver/Src/stm32f4xx_hal_uart.o
LOAD ./Drivers/STM32F4xx_HAL_Driver/Src/stm32f4xx_ll_usb.o
START GROUP
LOAD C:/ST/STM32CubeIDE_1.19.0/STM32CubeIDE/plugins/com.st.stm32cube.ide.mcu.externaltools.gnu-tools-for-stm32.13.3.rel1.win32_1.0.0.202411081344/tools/bin/../lib/gcc/arm-none-eabi/13.3.1/../../../../arm-none-eabi/lib/thumb/v7e-m+fp/hard\libc_nano.a
LOAD C:/ST/STM32CubeIDE_1.19.0/STM32CubeIDE/plugins/com.st.stm32cube.ide.mcu.externaltools.gnu-tools-for-stm32.13.3.rel1.win32_1.0.0.202411081344/tools/bin/../lib/gcc/arm-none-eabi/13.3.1/../../../../arm-none-eabi/lib/thumb/v7e-m+fp/hard\libm.a
END GROUP
START GROUP
LOAD C:/ST/STM32CubeIDE_1.19.0/STM32CubeIDE/plugins/com.st.stm32cube.ide.mcu.externaltools.gnu-tools-for-stm32.13.3.rel1.win32_1.0.0.202411081344/tools/bin/../lib/gcc/arm-none-eabi/13.3.1/thumb/v7e-m+fp/hard\libgcc.a
LOAD C:/ST/STM32CubeIDE_1.19.0/STM32CubeIDE/plugins/com.st.stm32cube.ide.mcu.externaltools.gnu-tools-for-stm32.13.3.rel1.win32_1.0.0.202411081344/tools/bin/../lib/gcc/arm-none-eabi/13.3.1/../../../../arm-none-eabi/lib/thumb/v7e-m+fp/hard\libc_nano.a
END GROUP
START GROUP
LOAD C:/ST/STM32CubeIDE_1.19.0/STM32CubeIDE/plugins/com.st.stm32cube.ide.mcu.externaltools.gnu-tools-for-stm32.13.3.rel1.win32_1.0.0.202411081344/tools/bin/../lib/gcc/arm-none-eabi/13.3.1/thumb/v7e-m+fp/hard\libgcc.a
LOAD C:/ST/STM32CubeIDE_1.19.0/STM32CubeIDE/plugins/com.st.stm32cube.ide.mcu.externaltools.gnu-tools-for-stm32.13.3.rel1.win32_1.0.0.202411081344/tools/bin/../lib/gcc/arm-none-eabi/13.3.1/../../../../arm-none-eabi/lib/thumb/v7e-m+fp/hard\libc_nano.a
LOAD C:/ST/STM32CubeIDE_1.19.0/STM32CubeIDE/plugins/com.st.stm32cube.ide.mcu.externaltools.gnu-tools-for-stm32.13.3.rel1.win32_1.0.0.202411081344/tools/bin/../lib/gcc/arm-none-eabi/13.3.1/../../../../arm-none-eabi/lib/thumb/v7e-m+fp/hard\libnosys.a
END GROUP
START GROUP
LOAD C:/ST/STM32CubeIDE_1.19.0/STM32CubeIDE/plugins/com.st.stm32cube.ide.mcu.externaltools.gnu-tools-for-stm32.13.3.rel1.win32_1.0.0.202411081344/tools/bin/../lib/gcc/arm-none-eabi/13.3.1/thumb/v7e-m+fp/hard\libgcc.a
LOAD C:/ST/STM32CubeIDE_1.19.0/STM32CubeIDE/plugins/com.st.stm32cube.ide.mcu.externaltools.gnu-tools-for-stm32.13.3.rel1.win32_1.0.0.202411081344/tools/bin/../lib/gcc/arm-none-eabi/13.3.1/../../../../arm-none-eabi/lib/thumb/v7e-m+fp/hard\libc_nano.a
LOAD C:/ST/STM32CubeIDE_1.19.0/STM32CubeIDE/plugins/com.st.stm32cube.ide.mcu.externaltools.gnu-tools-for-stm32.13.3.rel1.win32_1.0.0.202411081344/tools/bin/../lib/gcc/arm-none-eabi/13.3.1/../../../../arm-none-eabi/lib/thumb/v7e-m+fp/hard\libnosys.a
END GROUP
LOAD C:/ST/STM32CubeIDE_1.19.0/STM32CubeIDE/plugins/com.st.stm32cube.ide.mcu.externaltools.gnu-tools-for-stm32.13.3.rel1.win32_1.0.0.202411081344/tools/bin/../lib/gcc/arm-none-eabi/13.3.1/thumb/v7e-m+fp/hard/crtend.o
LOAD C:/ST/STM32CubeIDE_1.19.0/STM32CubeIDE/plugins/com.st.stm32cube.ide.mcu.externaltools.gnu-tools-for-stm32.13.3.rel1.win32_1.0.0.202411081344/tools/bin/../lib/gcc/arm-none-eabi/13.3.1/thumb/v7e-m+fp/hard/crtn.o
                0x20020000                        _estack = (ORIGIN (RAM) + LENGTH (RAM))
                0x00000200                        _Min_Heap_Size = 0x200
                0x00000400                        _Min_Stack_Size = 0x400

.isr_vector     0x08000000      0x1c4
                0x08000000                        . = ALIGN (0x4)
 *(.isr_vector)
 .isr_vector    0x08000000      0x1c4 ./Core/Startup/startup_stm32f446retx.o
                0x08000000                g_pfnVectors
                0x080001c4                        . = ALIGN (0x4)

.text           0x080001c4     0x4574
                0x080001c4                        . = ALIGN (0x4)
 *(.text)
 .text          0x080001c4       0x40 C:/ST/STM32CubeIDE_1.19.0/STM32CubeIDE/plugins/com.st.stm32cube.ide.mcu.externaltools.gnu-tools-for-stm32.13.3.rel1.win32_1.0.0.202411081344/tools/bin/../lib/gcc/arm-none-eabi/13.3.1/thumb/v7e-m+fp/hard/crtbegin.o
 .text          0x08000204       0x30 C:/ST/STM32CubeIDE_1.19.0/STM32CubeIDE/plugins/com.st.stm32cube.ide.mcu.externaltools.gnu-tools-for-stm32.13.3.rel1.win32_1.0.0.202411081344/tools/bin/../lib/gcc/arm-none-eabi/13.3.1/thumb/v7e-m+fp/hard\libgcc.a(_aeabi_uldivmod.o)
                0x08000204                __aeabi_uldivmod
 .text          0x08000234      0x2f8 C:/ST/STM32CubeIDE_1.19.0/STM32CubeIDE/plugins/com.st.stm32cube.ide.mcu.externaltools.gnu-tools-for-stm32.13.3.rel1.win32_1.0.0.202411081344/tools/bin/../lib/gcc/arm-none-eabi/13.3.1/thumb/v7e-m+fp/hard\libgcc.a(_udivmoddi4.o)
                0x08000234                __udivmoddi4
 .text          0x0800052c        0x4 C:/ST/STM32CubeIDE_1.19.0/STM32CubeIDE/plugins/com.st.stm32cube.ide.mcu.externaltools.gnu-tools-for-stm32.13.3.rel1.win32_1.0.0.202411081344/tools/bin/../lib/gcc/arm-none-eabi/13.3.1/thumb/v7e-m+fp/hard\libgcc.a(_dvmd_tls.o)
                0x0800052c                __aeabi_idiv0
                0x0800052c                __aeabi_ldiv0
 *(.text*)
 .text.ADS1015_init
                0x08000530       0x38 ./Core/Src/ads1015.o
                0x08000530                ADS1015_init
 .text.ADS1015_get_sample
                0x08000568       0x1c ./Core/Src/ads1015.o
                0x08000568                ADS1015_get_sample
 .text.HAL_I2C_MasterRxCpltCallback
                0x08000584       0x40 ./Core/Src/ads1015.o
                0x08000584                HAL_I2C_MasterRxCpltCallback
 .text.MX_DMA_Init
                0x080005c4       0x8c ./Core/Src/dma.o
                0x080005c4                MX_DMA_Init
 .text.MX_GPIO_Init
                0x08000650      0x15c ./Core/Src/gpio.o
                0x08000650                MX_GPIO_Init
 .text.MX_I2C1_Init
                0x080007ac       0x5c ./Core/Src/i2c.o
                0x080007ac                MX_I2C1_Init
 .text.HAL_I2C_MspInit
                0x08000808      0x15c ./Core/Src/i2c.o
                0x08000808                HAL_I2C_MspInit
 .text.main     0x08000964       0x2c ./Core/Src/main.o
                0x08000964                main
 .text.SystemClock_Config
                0x08000990       0xdc ./Core/Src/main.o
                0x08000990                SystemClock_Config
 .text.HAL_GPIO_EXTI_Callback
                0x08000a6c       0x1c ./Core/Src/main.o
                0x08000a6c                HAL_GPIO_EXTI_Callback
 .text.Error_Handler
                0x08000a88        0xc ./Core/Src/main.o
                0x08000a88                Error_Handler
 .text.HAL_MspInit
                0x08000a94       0x50 ./Core/Src/stm32f4xx_hal_msp.o
                0x08000a94                HAL_MspInit
 .text.NMI_Handler
                0x08000ae4        0x8 ./Core/Src/stm32f4xx_it.o
                0x08000ae4                NMI_Handler
 .text.HardFault_Handler
                0x08000aec        0x8 ./Core/Src/stm32f4xx_it.o
                0x08000aec                HardFault_Handler
 .text.MemManage_Handler
                0x08000af4        0x8 ./Core/Src/stm32f4xx_it.o
                0x08000af4                MemManage_Handler
 .text.BusFault_Handler
                0x08000afc        0x8 ./Core/Src/stm32f4xx_it.o
                0x08000afc                BusFault_Handler
 .text.UsageFault_Handler
                0x08000b04        0x8 ./Core/Src/stm32f4xx_it.o
                0x08000b04                UsageFault_Handler
 .text.SVC_Handler
                0x08000b0c        0xe ./Core/Src/stm32f4xx_it.o
                0x08000b0c                SVC_Handler
 .text.DebugMon_Handler
                0x08000b1a        0xe ./Core/Src/stm32f4xx_it.o
                0x08000b1a                DebugMon_Handler
 .text.PendSV_Handler
                0x08000b28        0xe ./Core/Src/stm32f4xx_it.o
                0x08000b28                PendSV_Handler
 .text.SysTick_Handler
                0x08000b36        0xc ./Core/Src/stm32f4xx_it.o
                0x08000b36                SysTick_Handler
 .text.EXTI0_IRQHandler
                0x08000b42        0xe ./Core/Src/stm32f4xx_it.o
                0x08000b42                EXTI0_IRQHandler
 .text.DMA1_Stream0_IRQHandler
                0x08000b50       0x14 ./Core/Src/stm32f4xx_it.o
                0x08000b50                DMA1_Stream0_IRQHandler
 .text.DMA1_Stream6_IRQHandler
                0x08000b64       0x14 ./Core/Src/stm32f4xx_it.o
                0x08000b64                DMA1_Stream6_IRQHandler
 .text.DMA2_Stream2_IRQHandler
                0x08000b78       0x14 ./Core/Src/stm32f4xx_it.o
                0x08000b78                DMA2_Stream2_IRQHandler
 .text.DMA2_Stream7_IRQHandler
                0x08000b8c       0x14 ./Core/Src/stm32f4xx_it.o
                0x08000b8c                DMA2_Stream7_IRQHandler
 .text.SystemInit
                0x08000ba0       0x24 ./Core/Src/system_stm32f4xx.o
                0x08000ba0                SystemInit
 .text.MX_USART1_UART_Init
                0x08000bc4       0x58 ./Core/Src/usart.o
                0x08000bc4                MX_USART1_UART_Init
 .text.HAL_UART_MspInit
                0x08000c1c      0x15c ./Core/Src/usart.o
                0x08000c1c                HAL_UART_MspInit
 .text.MX_USB_OTG_HS_PCD_Init
                0x08000d78       0x64 ./Core/Src/usb_otg.o
                0x08000d78                MX_USB_OTG_HS_PCD_Init
 .text.HAL_PCD_MspInit
                0x08000ddc       0xd8 ./Core/Src/usb_otg.o
                0x08000ddc                HAL_PCD_MspInit
 .text.XBEE_INIT
                0x08000eb4        0xe ./Core/Src/xbee.o
                0x08000eb4                XBEE_INIT
 *fill*         0x08000ec2        0x2 
 .text.Reset_Handler
                0x08000ec4       0x50 ./Core/Startup/startup_stm32f446retx.o
                0x08000ec4                Reset_Handler
 .text.Default_Handler
                0x08000f14        0x2 ./Core/Startup/startup_stm32f446retx.o
                0x08000f14                RTC_Alarm_IRQHandler
                0x08000f14                EXTI2_IRQHandler
                0x08000f14                TIM8_CC_IRQHandler
                0x08000f14                FMPI2C1_EV_IRQHandler
                0x08000f14                SPI4_IRQHandler
                0x08000f14                TIM1_CC_IRQHandler
                0x08000f14                DMA2_Stream5_IRQHandler
                0x08000f14                DMA1_Stream5_IRQHandler
                0x08000f14                PVD_IRQHandler
                0x08000f14                SDIO_IRQHandler
                0x08000f14                TAMP_STAMP_IRQHandler
                0x08000f14                CAN2_RX1_IRQHandler
                0x08000f14                EXTI3_IRQHandler
                0x08000f14                TIM8_TRG_COM_TIM14_IRQHandler
                0x08000f14                TIM1_UP_TIM10_IRQHandler
                0x08000f14                TIM8_UP_TIM13_IRQHandler
                0x08000f14                I2C3_ER_IRQHandler
                0x08000f14                I2C2_EV_IRQHandler
                0x08000f14                DMA1_Stream2_IRQHandler
                0x08000f14                CAN1_RX0_IRQHandler
                0x08000f14                FPU_IRQHandler
                0x08000f14                OTG_HS_WKUP_IRQHandler
                0x08000f14                CAN2_SCE_IRQHandler
                0x08000f14                SPI1_IRQHandler
                0x08000f14                TIM6_DAC_IRQHandler
                0x08000f14                TIM1_BRK_TIM9_IRQHandler
                0x08000f14                DCMI_IRQHandler
                0x08000f14                CAN2_RX0_IRQHandler
                0x08000f14                DMA2_Stream3_IRQHandler
                0x08000f14                SAI2_IRQHandler
                0x08000f14                USART6_IRQHandler
                0x08000f14                USART3_IRQHandler
                0x08000f14                CAN1_RX1_IRQHandler
                0x08000f14                UART5_IRQHandler
                0x08000f14                DMA2_Stream0_IRQHandler
                0x08000f14                TIM4_IRQHandler
                0x08000f14                QUADSPI_IRQHandler
                0x08000f14                I2C1_EV_IRQHandler
                0x08000f14                DMA1_Stream1_IRQHandler
                0x08000f14                UART4_IRQHandler
                0x08000f14                TIM3_IRQHandler
                0x08000f14                RCC_IRQHandler
                0x08000f14                TIM8_BRK_TIM12_IRQHandler
                0x08000f14                Default_Handler
                0x08000f14                CEC_IRQHandler
                0x08000f14                EXTI15_10_IRQHandler
                0x08000f14                ADC_IRQHandler
                0x08000f14                DMA1_Stream7_IRQHandler
                0x08000f14                TIM7_IRQHandler
                0x08000f14                CAN2_TX_IRQHandler
                0x08000f14                TIM5_IRQHandler
                0x08000f14                I2C3_EV_IRQHandler
                0x08000f14                EXTI9_5_IRQHandler
                0x08000f14                RTC_WKUP_IRQHandler
                0x08000f14                SPDIF_RX_IRQHandler
                0x08000f14                SPI2_IRQHandler
                0x08000f14                OTG_HS_EP1_IN_IRQHandler
                0x08000f14                CAN1_TX_IRQHandler
                0x08000f14                FMPI2C1_ER_IRQHandler
                0x08000f14                EXTI4_IRQHandler
                0x08000f14                OTG_HS_EP1_OUT_IRQHandler
                0x08000f14                WWDG_IRQHandler
                0x08000f14                TIM2_IRQHandler
                0x08000f14                OTG_FS_WKUP_IRQHandler
                0x08000f14                TIM1_TRG_COM_TIM11_IRQHandler
                0x08000f14                OTG_HS_IRQHandler
                0x08000f14                EXTI1_IRQHandler
                0x08000f14                USART2_IRQHandler
                0x08000f14                I2C2_ER_IRQHandler
                0x08000f14                DMA2_Stream1_IRQHandler
                0x08000f14                CAN1_SCE_IRQHandler
                0x08000f14                FLASH_IRQHandler
                0x08000f14                DMA2_Stream4_IRQHandler
                0x08000f14                USART1_IRQHandler
                0x08000f14                OTG_FS_IRQHandler
                0x08000f14                SPI3_IRQHandler
                0x08000f14                DMA1_Stream4_IRQHandler
                0x08000f14                I2C1_ER_IRQHandler
                0x08000f14                FMC_IRQHandler
                0x08000f14                DMA2_Stream6_IRQHandler
                0x08000f14                SAI1_IRQHandler
                0x08000f14                DMA1_Stream3_IRQHandler
 *fill*         0x08000f16        0x2 
 .text.HAL_Init
                0x08000f18       0x44 ./Drivers/STM32F4xx_HAL_Driver/Src/stm32f4xx_hal.o
                0x08000f18                HAL_Init
 .text.HAL_InitTick
                0x08000f5c       0x60 ./Drivers/STM32F4xx_HAL_Driver/Src/stm32f4xx_hal.o
                0x08000f5c                HAL_InitTick
 .text.HAL_IncTick
                0x08000fbc       0x28 ./Drivers/STM32F4xx_HAL_Driver/Src/stm32f4xx_hal.o
                0x08000fbc                HAL_IncTick
 .text.HAL_GetTick
                0x08000fe4       0x18 ./Drivers/STM32F4xx_HAL_Driver/Src/stm32f4xx_hal.o
                0x08000fe4                HAL_GetTick
 .text.HAL_Delay
                0x08000ffc       0x48 ./Drivers/STM32F4xx_HAL_Driver/Src/stm32f4xx_hal.o
                0x08000ffc                HAL_Delay
 .text.__NVIC_SetPriorityGrouping
                0x08001044       0x48 ./Drivers/STM32F4xx_HAL_Driver/Src/stm32f4xx_hal_cortex.o
 .text.__NVIC_GetPriorityGrouping
                0x0800108c       0x1c ./Drivers/STM32F4xx_HAL_Driver/Src/stm32f4xx_hal_cortex.o
 .text.__NVIC_EnableIRQ
                0x080010a8       0x3c ./Drivers/STM32F4xx_HAL_Driver/Src/stm32f4xx_hal_cortex.o
 .text.__NVIC_SetPriority
                0x080010e4       0x54 ./Drivers/STM32F4xx_HAL_Driver/Src/stm32f4xx_hal_cortex.o
 .text.NVIC_EncodePriority
                0x08001138       0x66 ./Drivers/STM32F4xx_HAL_Driver/Src/stm32f4xx_hal_cortex.o
 *fill*         0x0800119e        0x2 
 .text.SysTick_Config
                0x080011a0       0x44 ./Drivers/STM32F4xx_HAL_Driver/Src/stm32f4xx_hal_cortex.o
 .text.HAL_NVIC_SetPriorityGrouping
                0x080011e4       0x16 ./Drivers/STM32F4xx_HAL_Driver/Src/stm32f4xx_hal_cortex.o
                0x080011e4                HAL_NVIC_SetPriorityGrouping
 .text.HAL_NVIC_SetPriority
                0x080011fa       0x38 ./Drivers/STM32F4xx_HAL_Driver/Src/stm32f4xx_hal_cortex.o
                0x080011fa                HAL_NVIC_SetPriority
 .text.HAL_NVIC_EnableIRQ
                0x08001232       0x1c ./Drivers/STM32F4xx_HAL_Driver/Src/stm32f4xx_hal_cortex.o
                0x08001232                HAL_NVIC_EnableIRQ
 .text.HAL_SYSTICK_Config
                0x0800124e       0x18 ./Drivers/STM32F4xx_HAL_Driver/Src/stm32f4xx_hal_cortex.o
                0x0800124e                HAL_SYSTICK_Config
 *fill*         0x08001266        0x2 
 .text.HAL_DMA_Init
                0x08001268      0x15c ./Drivers/STM32F4xx_HAL_Driver/Src/stm32f4xx_hal_dma.o
                0x08001268                HAL_DMA_Init
 .text.HAL_DMA_Start_IT
                0x080013c4       0xb0 ./Drivers/STM32F4xx_HAL_Driver/Src/stm32f4xx_hal_dma.o
                0x080013c4                HAL_DMA_Start_IT
 .text.HAL_DMA_IRQHandler
                0x08001474      0x314 ./Drivers/STM32F4xx_HAL_Driver/Src/stm32f4xx_hal_dma.o
                0x08001474                HAL_DMA_IRQHandler
 .text.HAL_DMA_GetError
                0x08001788       0x18 ./Drivers/STM32F4xx_HAL_Driver/Src/stm32f4xx_hal_dma.o
                0x08001788                HAL_DMA_GetError
 .text.DMA_SetConfig
                0x080017a0       0x5c ./Drivers/STM32F4xx_HAL_Driver/Src/stm32f4xx_hal_dma.o
 .text.DMA_CalcBaseAndBitshift
                0x080017fc       0x6c ./Drivers/STM32F4xx_HAL_Driver/Src/stm32f4xx_hal_dma.o
 .text.DMA_CheckFifoParam
                0x08001868       0xf8 ./Drivers/STM32F4xx_HAL_Driver/Src/stm32f4xx_hal_dma.o
 .text.HAL_GPIO_Init
                0x08001960      0x328 ./Drivers/STM32F4xx_HAL_Driver/Src/stm32f4xx_hal_gpio.o
                0x08001960                HAL_GPIO_Init
 .text.HAL_GPIO_WritePin
                0x08001c88       0x32 ./Drivers/STM32F4xx_HAL_Driver/Src/stm32f4xx_hal_gpio.o
                0x08001c88                HAL_GPIO_WritePin
 *fill*         0x08001cba        0x2 
 .text.HAL_GPIO_EXTI_IRQHandler
                0x08001cbc       0x30 ./Drivers/STM32F4xx_HAL_Driver/Src/stm32f4xx_hal_gpio.o
                0x08001cbc                HAL_GPIO_EXTI_IRQHandler
 .text.HAL_I2C_Init
                0x08001cec      0x288 ./Drivers/STM32F4xx_HAL_Driver/Src/stm32f4xx_hal_i2c.o
                0x08001cec                HAL_I2C_Init
 .text.HAL_I2C_Master_Transmit_DMA
                0x08001f74      0x258 ./Drivers/STM32F4xx_HAL_Driver/Src/stm32f4xx_hal_i2c.o
                0x08001f74                HAL_I2C_Master_Transmit_DMA
 .text.HAL_I2C_Master_Receive_DMA
                0x080021cc      0x258 ./Drivers/STM32F4xx_HAL_Driver/Src/stm32f4xx_hal_i2c.o
                0x080021cc                HAL_I2C_Master_Receive_DMA
 .text.HAL_I2C_SlaveTxCpltCallback
                0x08002424       0x14 ./Drivers/STM32F4xx_HAL_Driver/Src/stm32f4xx_hal_i2c.o
                0x08002424                HAL_I2C_SlaveTxCpltCallback
 .text.HAL_I2C_SlaveRxCpltCallback
                0x08002438       0x14 ./Drivers/STM32F4xx_HAL_Driver/Src/stm32f4xx_hal_i2c.o
                0x08002438                HAL_I2C_SlaveRxCpltCallback
 .text.HAL_I2C_MemRxCpltCallback
                0x0800244c       0x14 ./Drivers/STM32F4xx_HAL_Driver/Src/stm32f4xx_hal_i2c.o
                0x0800244c                HAL_I2C_MemRxCpltCallback
 .text.HAL_I2C_ErrorCallback
                0x08002460       0x14 ./Drivers/STM32F4xx_HAL_Driver/Src/stm32f4xx_hal_i2c.o
                0x08002460                HAL_I2C_ErrorCallback
 .text.I2C_DMAXferCplt
                0x08002474      0x1be ./Drivers/STM32F4xx_HAL_Driver/Src/stm32f4xx_hal_i2c.o
 .text.I2C_DMAError
                0x08002632       0x7a ./Drivers/STM32F4xx_HAL_Driver/Src/stm32f4xx_hal_i2c.o
 .text.HAL_PCD_Init
                0x080026ac      0x22c ./Drivers/STM32F4xx_HAL_Driver/Src/stm32f4xx_hal_pcd.o
                0x080026ac                HAL_PCD_Init
 .text.HAL_PCDEx_ActivateLPM
                0x080028d8       0x48 ./Drivers/STM32F4xx_HAL_Driver/Src/stm32f4xx_hal_pcd_ex.o
                0x080028d8                HAL_PCDEx_ActivateLPM
 .text.HAL_RCC_ClockConfig
                0x08002920      0x1cc ./Drivers/STM32F4xx_HAL_Driver/Src/stm32f4xx_hal_rcc.o
                0x08002920                HAL_RCC_ClockConfig
 .text.HAL_RCC_GetHCLKFreq
                0x08002aec       0x18 ./Drivers/STM32F4xx_HAL_Driver/Src/stm32f4xx_hal_rcc.o
                0x08002aec                HAL_RCC_GetHCLKFreq
 .text.HAL_RCC_GetPCLK1Freq
                0x08002b04       0x28 ./Drivers/STM32F4xx_HAL_Driver/Src/stm32f4xx_hal_rcc.o
                0x08002b04                HAL_RCC_GetPCLK1Freq
 .text.HAL_RCC_GetPCLK2Freq
                0x08002b2c       0x28 ./Drivers/STM32F4xx_HAL_Driver/Src/stm32f4xx_hal_rcc.o
                0x08002b2c                HAL_RCC_GetPCLK2Freq
 .text.HAL_RCCEx_PeriphCLKConfig
                0x08002b54      0x654 ./Drivers/STM32F4xx_HAL_Driver/Src/stm32f4xx_hal_rcc_ex.o
                0x08002b54                HAL_RCCEx_PeriphCLKConfig
 .text.HAL_RCC_GetSysClockFreq
                0x080031a8      0x45c ./Drivers/STM32F4xx_HAL_Driver/Src/stm32f4xx_hal_rcc_ex.o
                0x080031a8                HAL_RCC_GetSysClockFreq
 .text.HAL_RCC_OscConfig
                0x08003604      0x53c ./Drivers/STM32F4xx_HAL_Driver/Src/stm32f4xx_hal_rcc_ex.o
                0x08003604                HAL_RCC_OscConfig
 .text.HAL_UART_Init
                0x08003b40       0xa0 ./Drivers/STM32F4xx_HAL_Driver/Src/stm32f4xx_hal_uart.o
                0x08003b40                HAL_UART_Init
 .text.UART_SetConfig
                0x08003be0      0x4e8 ./Drivers/STM32F4xx_HAL_Driver/Src/stm32f4xx_hal_uart.o
 .text.USB_CoreInit
                0x080040c8       0xc8 ./Drivers/STM32F4xx_HAL_Driver/Src/stm32f4xx_ll_usb.o
                0x080040c8                USB_CoreInit
 .text.USB_DisableGlobalInt
                0x08004190       0x22 ./Drivers/STM32F4xx_HAL_Driver/Src/stm32f4xx_ll_usb.o
                0x08004190                USB_DisableGlobalInt
 .text.USB_SetCurrentMode
                0x080041b2       0x98 ./Drivers/STM32F4xx_HAL_Driver/Src/stm32f4xx_ll_usb.o
                0x080041b2                USB_SetCurrentMode
 *fill*         0x0800424a        0x2 
 .text.USB_DevInit
                0x0800424c      0x2bc ./Drivers/STM32F4xx_HAL_Driver/Src/stm32f4xx_ll_usb.o
                0x0800424c                USB_DevInit
 .text.USB_FlushTxFifo
                0x08004508       0x64 ./Drivers/STM32F4xx_HAL_Driver/Src/stm32f4xx_ll_usb.o
                0x08004508                USB_FlushTxFifo
 .text.USB_FlushRxFifo
                0x0800456c       0x5c ./Drivers/STM32F4xx_HAL_Driver/Src/stm32f4xx_ll_usb.o
                0x0800456c                USB_FlushRxFifo
 .text.USB_SetDevSpeed
                0x080045c8       0x32 ./Drivers/STM32F4xx_HAL_Driver/Src/stm32f4xx_ll_usb.o
                0x080045c8                USB_SetDevSpeed
 .text.USB_DevDisconnect
                0x080045fa       0x42 ./Drivers/STM32F4xx_HAL_Driver/Src/stm32f4xx_ll_usb.o
                0x080045fa                USB_DevDisconnect
 .text.USB_GetMode
                0x0800463c       0x1c ./Drivers/STM32F4xx_HAL_Driver/Src/stm32f4xx_ll_usb.o
                0x0800463c                USB_GetMode
 .text.USB_CoreReset
                0x08004658       0x70 ./Drivers/STM32F4xx_HAL_Driver/Src/stm32f4xx_ll_usb.o
 .text.memset   0x080046c8       0x10 C:/ST/STM32CubeIDE_1.19.0/STM32CubeIDE/plugins/com.st.stm32cube.ide.mcu.externaltools.gnu-tools-for-stm32.13.3.rel1.win32_1.0.0.202411081344/tools/bin/../lib/gcc/arm-none-eabi/13.3.1/../../../../arm-none-eabi/lib/thumb/v7e-m+fp/hard\libc_nano.a(libc_a-memset.o)
                0x080046c8                memset
 .text.__libc_init_array
                0x080046d8       0x48 C:/ST/STM32CubeIDE_1.19.0/STM32CubeIDE/plugins/com.st.stm32cube.ide.mcu.externaltools.gnu-tools-for-stm32.13.3.rel1.win32_1.0.0.202411081344/tools/bin/../lib/gcc/arm-none-eabi/13.3.1/../../../../arm-none-eabi/lib/thumb/v7e-m+fp/hard\libc_nano.a(libc_a-init.o)
                0x080046d8                __libc_init_array
 *(.glue_7)
 .glue_7        0x08004720        0x0 linker stubs
 *(.glue_7t)
 .glue_7t       0x08004720        0x0 linker stubs
 *(.eh_frame)
 .eh_frame      0x08004720        0x0 C:/ST/STM32CubeIDE_1.19.0/STM32CubeIDE/plugins/com.st.stm32cube.ide.mcu.externaltools.gnu-tools-for-stm32.13.3.rel1.win32_1.0.0.202411081344/tools/bin/../lib/gcc/arm-none-eabi/13.3.1/thumb/v7e-m+fp/hard/crtbegin.o
 *(.init)
 .init          0x08004720        0x4 C:/ST/STM32CubeIDE_1.19.0/STM32CubeIDE/plugins/com.st.stm32cube.ide.mcu.externaltools.gnu-tools-for-stm32.13.3.rel1.win32_1.0.0.202411081344/tools/bin/../lib/gcc/arm-none-eabi/13.3.1/thumb/v7e-m+fp/hard/crti.o
                0x08004720                _init
 .init          0x08004724        0x8 C:/ST/STM32CubeIDE_1.19.0/STM32CubeIDE/plugins/com.st.stm32cube.ide.mcu.externaltools.gnu-tools-for-stm32.13.3.rel1.win32_1.0.0.202411081344/tools/bin/../lib/gcc/arm-none-eabi/13.3.1/thumb/v7e-m+fp/hard/crtn.o
 *(.fini)
 .fini          0x0800472c        0x4 C:/ST/STM32CubeIDE_1.19.0/STM32CubeIDE/plugins/com.st.stm32cube.ide.mcu.externaltools.gnu-tools-for-stm32.13.3.rel1.win32_1.0.0.202411081344/tools/bin/../lib/gcc/arm-none-eabi/13.3.1/thumb/v7e-m+fp/hard/crti.o
                0x0800472c                _fini
 .fini          0x08004730        0x8 C:/ST/STM32CubeIDE_1.19.0/STM32CubeIDE/plugins/com.st.stm32cube.ide.mcu.externaltools.gnu-tools-for-stm32.13.3.rel1.win32_1.0.0.202411081344/tools/bin/../lib/gcc/arm-none-eabi/13.3.1/thumb/v7e-m+fp/hard/crtn.o
                0x08004738                        . = ALIGN (0x4)
                0x08004738                        _etext = .

.vfp11_veneer   0x08004738        0x0
 .vfp11_veneer  0x08004738        0x0 linker stubs

.v4_bx          0x08004738        0x0
 .v4_bx         0x08004738        0x0 linker stubs

.iplt           0x08004738        0x0
 .iplt          0x08004738        0x0 C:/ST/STM32CubeIDE_1.19.0/STM32CubeIDE/plugins/com.st.stm32cube.ide.mcu.externaltools.gnu-tools-for-stm32.13.3.rel1.win32_1.0.0.202411081344/tools/bin/../lib/gcc/arm-none-eabi/13.3.1/thumb/v7e-m+fp/hard/crtbegin.o

.rodata         0x08004738       0x20
                0x08004738                        . = ALIGN (0x4)
 *(.rodata)
 *(.rodata*)
 .rodata.AHBPrescTable
                0x08004738       0x10 ./Core/Src/system_stm32f4xx.o
                0x08004738                AHBPrescTable
 .rodata.APBPrescTable
                0x08004748        0x8 ./Core/Src/system_stm32f4xx.o
                0x08004748                APBPrescTable
 .rodata.flagBitshiftOffset.0
                0x08004750        0x8 ./Drivers/STM32F4xx_HAL_Driver/Src/stm32f4xx_hal_dma.o
                0x08004758                        . = ALIGN (0x4)

.ARM.extab      0x08004758        0x0
                0x08004758                        . = ALIGN (0x4)
 *(.ARM.extab* .gnu.linkonce.armextab.*)
                0x08004758                        . = ALIGN (0x4)

.ARM            0x08004758        0x8
                0x08004758                        . = ALIGN (0x4)
                0x08004758                        __exidx_start = .
 *(.ARM.exidx*)
 .ARM.exidx     0x08004758        0x8 C:/ST/STM32CubeIDE_1.19.0/STM32CubeIDE/plugins/com.st.stm32cube.ide.mcu.externaltools.gnu-tools-for-stm32.13.3.rel1.win32_1.0.0.202411081344/tools/bin/../lib/gcc/arm-none-eabi/13.3.1/thumb/v7e-m+fp/hard\libgcc.a(_udivmoddi4.o)
                0x08004760                        __exidx_end = .
                0x08004760                        . = ALIGN (0x4)

.preinit_array  0x08004760        0x0
                0x08004760                        . = ALIGN (0x4)
                0x08004760                        PROVIDE (__preinit_array_start = .)
 *(.preinit_array*)
                0x08004760                        PROVIDE (__preinit_array_end = .)
                0x08004760                        . = ALIGN (0x4)

.init_array     0x08004760        0x4
                0x08004760                        . = ALIGN (0x4)
                0x08004760                        PROVIDE (__init_array_start = .)
 *(SORT_BY_NAME(.init_array.*))
 *(.init_array*)
 .init_array    0x08004760        0x4 C:/ST/STM32CubeIDE_1.19.0/STM32CubeIDE/plugins/com.st.stm32cube.ide.mcu.externaltools.gnu-tools-for-stm32.13.3.rel1.win32_1.0.0.202411081344/tools/bin/../lib/gcc/arm-none-eabi/13.3.1/thumb/v7e-m+fp/hard/crtbegin.o
                0x08004764                        PROVIDE (__init_array_end = .)
                0x08004764                        . = ALIGN (0x4)

.fini_array     0x08004764        0x4
                0x08004764                        . = ALIGN (0x4)
                [!provide]                        PROVIDE (__fini_array_start = .)
 *(SORT_BY_NAME(.fini_array.*))
 *(.fini_array*)
 .fini_array    0x08004764        0x4 C:/ST/STM32CubeIDE_1.19.0/STM32CubeIDE/plugins/com.st.stm32cube.ide.mcu.externaltools.gnu-tools-for-stm32.13.3.rel1.win32_1.0.0.202411081344/tools/bin/../lib/gcc/arm-none-eabi/13.3.1/thumb/v7e-m+fp/hard/crtbegin.o
                [!provide]                        PROVIDE (__fini_array_end = .)
                0x08004768                        . = ALIGN (0x4)
                0x08004768                        _sidata = LOADADDR (.data)

.rel.dyn        0x08004768        0x0
 .rel.iplt      0x08004768        0x0 C:/ST/STM32CubeIDE_1.19.0/STM32CubeIDE/plugins/com.st.stm32cube.ide.mcu.externaltools.gnu-tools-for-stm32.13.3.rel1.win32_1.0.0.202411081344/tools/bin/../lib/gcc/arm-none-eabi/13.3.1/thumb/v7e-m+fp/hard/crtbegin.o

.data           0x20000000        0xc load address 0x08004768
                0x20000000                        . = ALIGN (0x4)
                0x20000000                        _sdata = .
 *(.data)
 *(.data*)
 .data.SystemCoreClock
                0x20000000        0x4 ./Core/Src/system_stm32f4xx.o
                0x20000000                SystemCoreClock
 .data.uwTickPrio
                0x20000004        0x4 ./Drivers/STM32F4xx_HAL_Driver/Src/stm32f4xx_hal.o
                0x20000004                uwTickPrio
 .data.uwTickFreq
                0x20000008        0x1 ./Drivers/STM32F4xx_HAL_Driver/Src/stm32f4xx_hal.o
                0x20000008                uwTickFreq
 *(.RamFunc)
 *(.RamFunc*)
                0x2000000c                        . = ALIGN (0x4)
 *fill*         0x20000009        0x3 
                0x2000000c                        _edata = .

.igot.plt       0x2000000c        0x0 load address 0x08004774
 .igot.plt      0x2000000c        0x0 C:/ST/STM32CubeIDE_1.19.0/STM32CubeIDE/plugins/com.st.stm32cube.ide.mcu.externaltools.gnu-tools-for-stm32.13.3.rel1.win32_1.0.0.202411081344/tools/bin/../lib/gcc/arm-none-eabi/13.3.1/thumb/v7e-m+fp/hard/crtbegin.o
                0x2000000c                        . = ALIGN (0x4)

.bss            0x2000000c      0x72c load address 0x08004774
                0x2000000c                        _sbss = .
                0x2000000c                        __bss_start__ = _sbss
 *(.bss)
 .bss           0x2000000c       0x1c C:/ST/STM32CubeIDE_1.19.0/STM32CubeIDE/plugins/com.st.stm32cube.ide.mcu.externaltools.gnu-tools-for-stm32.13.3.rel1.win32_1.0.0.202411081344/tools/bin/../lib/gcc/arm-none-eabi/13.3.1/thumb/v7e-m+fp/hard/crtbegin.o
 *(.bss*)
 .bss.adc_value_int
                0x20000028        0x2 ./Core/Src/ads1015.o
 *fill*         0x2000002a        0x2 
 .bss.i2c_rx_buffer
                0x2000002c        0x2 ./Core/Src/ads1015.o
 *fill*         0x2000002e        0x2 
 .bss.i2c_tx_buffer
                0x20000030        0x2 ./Core/Src/ads1015.o
 *fill*         0x20000032        0x2 
 .bss.hi2c1     0x20000034       0x54 ./Core/Src/i2c.o
                0x20000034                hi2c1
 .bss.hdma_i2c1_rx
                0x20000088       0x60 ./Core/Src/i2c.o
                0x20000088                hdma_i2c1_rx
 .bss.hdma_i2c1_tx
                0x200000e8       0x60 ./Core/Src/i2c.o
                0x200000e8                hdma_i2c1_tx
 .bss.huart1    0x20000148       0x48 ./Core/Src/usart.o
                0x20000148                huart1
 .bss.hdma_usart1_rx
                0x20000190       0x60 ./Core/Src/usart.o
                0x20000190                hdma_usart1_rx
 .bss.hdma_usart1_tx
                0x200001f0       0x60 ./Core/Src/usart.o
                0x200001f0                hdma_usart1_tx
 .bss.hpcd_USB_OTG_HS
                0x20000250      0x4e4 ./Core/Src/usb_otg.o
                0x20000250                hpcd_USB_OTG_HS
 .bss.uwTick    0x20000734        0x4 ./Drivers/STM32F4xx_HAL_Driver/Src/stm32f4xx_hal.o
                0x20000734                uwTick
 *(COMMON)
                0x20000738                        . = ALIGN (0x4)
                0x20000738                        _ebss = .
                0x20000738                        __bss_end__ = _ebss

._user_heap_stack
                0x20000738      0x600 load address 0x08004774
                0x20000738                        . = ALIGN (0x8)
                [!provide]                        PROVIDE (end = .)
                0x20000738                        PROVIDE (_end = .)
                0x20000938                        . = (. + _Min_Heap_Size)
 *fill*         0x20000738      0x200 
                0x20000d38                        . = (. + _Min_Stack_Size)
 *fill*         0x20000938      0x400 
                0x20000d38                        . = ALIGN (0x8)

/DISCARD/
 libc.a(*)
 libm.a(*)
 libgcc.a(*)

.ARM.attributes
                0x00000000       0x30
 *(.ARM.attributes)
 .ARM.attributes
                0x00000000       0x22 C:/ST/STM32CubeIDE_1.19.0/STM32CubeIDE/plugins/com.st.stm32cube.ide.mcu.externaltools.gnu-tools-for-stm32.13.3.rel1.win32_1.0.0.202411081344/tools/bin/../lib/gcc/arm-none-eabi/13.3.1/thumb/v7e-m+fp/hard/crti.o
 .ARM.attributes
                0x00000022       0x34 C:/ST/STM32CubeIDE_1.19.0/STM32CubeIDE/plugins/com.st.stm32cube.ide.mcu.externaltools.gnu-tools-for-stm32.13.3.rel1.win32_1.0.0.202411081344/tools/bin/../lib/gcc/arm-none-eabi/13.3.1/thumb/v7e-m+fp/hard/crtbegin.o
 .ARM.attributes
                0x00000056       0x34 ./Core/Src/ads1015.o
 .ARM.attributes
                0x0000008a       0x34 ./Core/Src/dma.o
 .ARM.attributes
                0x000000be       0x34 ./Core/Src/gpio.o
 .ARM.attributes
                0x000000f2       0x34 ./Core/Src/i2c.o
 .ARM.attributes
                0x00000126       0x34 ./Core/Src/main.o
 .ARM.attributes
                0x0000015a       0x34 ./Core/Src/stm32f4xx_hal_msp.o
 .ARM.attributes
                0x0000018e       0x34 ./Core/Src/stm32f4xx_it.o
 .ARM.attributes
                0x000001c2       0x34 ./Core/Src/system_stm32f4xx.o
 .ARM.attributes
                0x000001f6       0x34 ./Core/Src/usart.o
 .ARM.attributes
                0x0000022a       0x34 ./Core/Src/usb_otg.o
 .ARM.attributes
                0x0000025e       0x34 ./Core/Src/xbee.o
 .ARM.attributes
                0x00000292       0x21 ./Core/Startup/startup_stm32f446retx.o
 .ARM.attributes
                0x000002b3       0x34 ./Drivers/STM32F4xx_HAL_Driver/Src/stm32f4xx_hal.o
 .ARM.attributes
                0x000002e7       0x34 ./Drivers/STM32F4xx_HAL_Driver/Src/stm32f4xx_hal_cortex.o
 .ARM.attributes
                0x0000031b       0x34 ./Drivers/STM32F4xx_HAL_Driver/Src/stm32f4xx_hal_dma.o
 .ARM.attributes
                0x0000034f       0x34 ./Drivers/STM32F4xx_HAL_Driver/Src/stm32f4xx_hal_gpio.o
 .ARM.attributes
                0x00000383       0x34 ./Drivers/STM32F4xx_HAL_Driver/Src/stm32f4xx_hal_i2c.o
 .ARM.attributes
                0x000003b7       0x34 ./Drivers/STM32F4xx_HAL_Driver/Src/stm32f4xx_hal_pcd.o
 .ARM.attributes
                0x000003eb       0x34 ./Drivers/STM32F4xx_HAL_Driver/Src/stm32f4xx_hal_pcd_ex.o
 .ARM.attributes
                0x0000041f       0x34 ./Drivers/STM32F4xx_HAL_Driver/Src/stm32f4xx_hal_rcc.o
 .ARM.attributes
                0x00000453       0x34 ./Drivers/STM32F4xx_HAL_Driver/Src/stm32f4xx_hal_rcc_ex.o
 .ARM.attributes
                0x00000487       0x34 ./Drivers/STM32F4xx_HAL_Driver/Src/stm32f4xx_hal_uart.o
 .ARM.attributes
                0x000004bb       0x34 ./Drivers/STM32F4xx_HAL_Driver/Src/stm32f4xx_ll_usb.o
 .ARM.attributes
                0x000004ef       0x34 C:/ST/STM32CubeIDE_1.19.0/STM32CubeIDE/plugins/com.st.stm32cube.ide.mcu.externaltools.gnu-tools-for-stm32.13.3.rel1.win32_1.0.0.202411081344/tools/bin/../lib/gcc/arm-none-eabi/13.3.1/../../../../arm-none-eabi/lib/thumb/v7e-m+fp/hard\libc_nano.a(libc_a-memset.o)
 .ARM.attributes
                0x00000523       0x34 C:/ST/STM32CubeIDE_1.19.0/STM32CubeIDE/plugins/com.st.stm32cube.ide.mcu.externaltools.gnu-tools-for-stm32.13.3.rel1.win32_1.0.0.202411081344/tools/bin/../lib/gcc/arm-none-eabi/13.3.1/../../../../arm-none-eabi/lib/thumb/v7e-m+fp/hard\libc_nano.a(libc_a-init.o)
 .ARM.attributes
                0x00000557       0x22 C:/ST/STM32CubeIDE_1.19.0/STM32CubeIDE/plugins/com.st.stm32cube.ide.mcu.externaltools.gnu-tools-for-stm32.13.3.rel1.win32_1.0.0.202411081344/tools/bin/../lib/gcc/arm-none-eabi/13.3.1/thumb/v7e-m+fp/hard\libgcc.a(_aeabi_uldivmod.o)
 .ARM.attributes
                0x00000579       0x34 C:/ST/STM32CubeIDE_1.19.0/STM32CubeIDE/plugins/com.st.stm32cube.ide.mcu.externaltools.gnu-tools-for-stm32.13.3.rel1.win32_1.0.0.202411081344/tools/bin/../lib/gcc/arm-none-eabi/13.3.1/thumb/v7e-m+fp/hard\libgcc.a(_udivmoddi4.o)
 .ARM.attributes
                0x000005ad       0x22 C:/ST/STM32CubeIDE_1.19.0/STM32CubeIDE/plugins/com.st.stm32cube.ide.mcu.externaltools.gnu-tools-for-stm32.13.3.rel1.win32_1.0.0.202411081344/tools/bin/../lib/gcc/arm-none-eabi/13.3.1/thumb/v7e-m+fp/hard\libgcc.a(_dvmd_tls.o)
 .ARM.attributes
                0x000005cf       0x22 C:/ST/STM32CubeIDE_1.19.0/STM32CubeIDE/plugins/com.st.stm32cube.ide.mcu.externaltools.gnu-tools-for-stm32.13.3.rel1.win32_1.0.0.202411081344/tools/bin/../lib/gcc/arm-none-eabi/13.3.1/thumb/v7e-m+fp/hard/crtn.o
OUTPUT(integration_elec_slave.elf elf32-littlearm)
LOAD linker stubs
LOAD C:/ST/STM32CubeIDE_1.19.0/STM32CubeIDE/plugins/com.st.stm32cube.ide.mcu.externaltools.gnu-tools-for-stm32.13.3.rel1.win32_1.0.0.202411081344/tools/bin/../lib/gcc/arm-none-eabi/13.3.1/../../../../arm-none-eabi/lib/thumb/v7e-m+fp/hard\libc.a
LOAD C:/ST/STM32CubeIDE_1.19.0/STM32CubeIDE/plugins/com.st.stm32cube.ide.mcu.externaltools.gnu-tools-for-stm32.13.3.rel1.win32_1.0.0.202411081344/tools/bin/../lib/gcc/arm-none-eabi/13.3.1/../../../../arm-none-eabi/lib/thumb/v7e-m+fp/hard\libm.a
LOAD C:/ST/STM32CubeIDE_1.19.0/STM32CubeIDE/plugins/com.st.stm32cube.ide.mcu.externaltools.gnu-tools-for-stm32.13.3.rel1.win32_1.0.0.202411081344/tools/bin/../lib/gcc/arm-none-eabi/13.3.1/thumb/v7e-m+fp/hard\libgcc.a

.debug_info     0x00000000    0x1088b
 .debug_info    0x00000000      0x6de ./Core/Src/ads1015.o
 .debug_info    0x000006de      0x514 ./Core/Src/dma.o
 .debug_info    0x00000bf2      0x6b0 ./Core/Src/gpio.o
 .debug_info    0x000012a2      0x9ef ./Core/Src/i2c.o
 .debug_info    0x00001c91      0x563 ./Core/Src/main.o
 .debug_info    0x000021f4      0x299 ./Core/Src/stm32f4xx_hal_msp.o
 .debug_info    0x0000248d      0x432 ./Core/Src/stm32f4xx_it.o
 .debug_info    0x000028bf      0x54a ./Core/Src/system_stm32f4xx.o
 .debug_info    0x00002e09      0x998 ./Core/Src/usart.o
 .debug_info    0x000037a1      0xb75 ./Core/Src/usb_otg.o
 .debug_info    0x00004316       0xb8 ./Core/Src/xbee.o
 .debug_info    0x000043ce       0x30 ./Core/Startup/startup_stm32f446retx.o
 .debug_info    0x000043fe      0x99a ./Drivers/STM32F4xx_HAL_Driver/Src/stm32f4xx_hal.o
 .debug_info    0x00004d98      0xdaa ./Drivers/STM32F4xx_HAL_Driver/Src/stm32f4xx_hal_cortex.o
 .debug_info    0x00005b42      0x8e7 ./Drivers/STM32F4xx_HAL_Driver/Src/stm32f4xx_hal_dma.o
 .debug_info    0x00006429      0x70b ./Drivers/STM32F4xx_HAL_Driver/Src/stm32f4xx_hal_gpio.o
 .debug_info    0x00006b34     0x2421 ./Drivers/STM32F4xx_HAL_Driver/Src/stm32f4xx_hal_i2c.o
 .debug_info    0x00008f55     0x15e3 ./Drivers/STM32F4xx_HAL_Driver/Src/stm32f4xx_hal_pcd.o
 .debug_info    0x0000a538      0x7b4 ./Drivers/STM32F4xx_HAL_Driver/Src/stm32f4xx_hal_pcd_ex.o
 .debug_info    0x0000acec      0x8ff ./Drivers/STM32F4xx_HAL_Driver/Src/stm32f4xx_hal_rcc.o
 .debug_info    0x0000b5eb      0x960 ./Drivers/STM32F4xx_HAL_Driver/Src/stm32f4xx_hal_rcc_ex.o
 .debug_info    0x0000bf4b     0x2f4f ./Drivers/STM32F4xx_HAL_Driver/Src/stm32f4xx_hal_uart.o
 .debug_info    0x0000ee9a     0x19f1 ./Drivers/STM32F4xx_HAL_Driver/Src/stm32f4xx_ll_usb.o

.debug_abbrev   0x00000000     0x2bb3
 .debug_abbrev  0x00000000      0x1ac ./Core/Src/ads1015.o
 .debug_abbrev  0x000001ac      0x11b ./Core/Src/dma.o
 .debug_abbrev  0x000002c7      0x174 ./Core/Src/gpio.o
 .debug_abbrev  0x0000043b      0x207 ./Core/Src/i2c.o
 .debug_abbrev  0x00000642      0x1f0 ./Core/Src/main.o
 .debug_abbrev  0x00000832       0xd8 ./Core/Src/stm32f4xx_hal_msp.o
 .debug_abbrev  0x0000090a      0x199 ./Core/Src/stm32f4xx_it.o
 .debug_abbrev  0x00000aa3      0x11a ./Core/Src/system_stm32f4xx.o
 .debug_abbrev  0x00000bbd      0x20f ./Core/Src/usart.o
 .debug_abbrev  0x00000dcc      0x230 ./Core/Src/usb_otg.o
 .debug_abbrev  0x00000ffc       0x47 ./Core/Src/xbee.o
 .debug_abbrev  0x00001043       0x24 ./Core/Startup/startup_stm32f446retx.o
 .debug_abbrev  0x00001067      0x214 ./Drivers/STM32F4xx_HAL_Driver/Src/stm32f4xx_hal.o
 .debug_abbrev  0x0000127b      0x31d ./Drivers/STM32F4xx_HAL_Driver/Src/stm32f4xx_hal_cortex.o
 .debug_abbrev  0x00001598      0x264 ./Drivers/STM32F4xx_HAL_Driver/Src/stm32f4xx_hal_dma.o
 .debug_abbrev  0x000017fc      0x1d4 ./Drivers/STM32F4xx_HAL_Driver/Src/stm32f4xx_hal_gpio.o
 .debug_abbrev  0x000019d0      0x2ad ./Drivers/STM32F4xx_HAL_Driver/Src/stm32f4xx_hal_i2c.o
 .debug_abbrev  0x00001c7d      0x2d0 ./Drivers/STM32F4xx_HAL_Driver/Src/stm32f4xx_hal_pcd.o
 .debug_abbrev  0x00001f4d      0x1dd ./Drivers/STM32F4xx_HAL_Driver/Src/stm32f4xx_hal_pcd_ex.o
 .debug_abbrev  0x0000212a      0x2b7 ./Drivers/STM32F4xx_HAL_Driver/Src/stm32f4xx_hal_rcc.o
 .debug_abbrev  0x000023e1      0x211 ./Drivers/STM32F4xx_HAL_Driver/Src/stm32f4xx_hal_rcc_ex.o
 .debug_abbrev  0x000025f2      0x30e ./Drivers/STM32F4xx_HAL_Driver/Src/stm32f4xx_hal_uart.o
 .debug_abbrev  0x00002900      0x2b3 ./Drivers/STM32F4xx_HAL_Driver/Src/stm32f4xx_ll_usb.o

.debug_aranges  0x00000000      0xe50
 .debug_aranges
                0x00000000       0x30 ./Core/Src/ads1015.o
 .debug_aranges
                0x00000030       0x20 ./Core/Src/dma.o
 .debug_aranges
                0x00000050       0x20 ./Core/Src/gpio.o
 .debug_aranges
                0x00000070       0x30 ./Core/Src/i2c.o
 .debug_aranges
                0x000000a0       0x38 ./Core/Src/main.o
 .debug_aranges
                0x000000d8       0x20 ./Core/Src/stm32f4xx_hal_msp.o
 .debug_aranges
                0x000000f8       0x88 ./Core/Src/stm32f4xx_it.o
 .debug_aranges
                0x00000180       0x28 ./Core/Src/system_stm32f4xx.o
 .debug_aranges
                0x000001a8       0x30 ./Core/Src/usart.o
 .debug_aranges
                0x000001d8       0x30 ./Core/Src/usb_otg.o
 .debug_aranges
                0x00000208       0x38 ./Core/Src/xbee.o
 .debug_aranges
                0x00000240       0x28 ./Core/Startup/startup_stm32f446retx.o
 .debug_aranges
                0x00000268       0xf0 ./Drivers/STM32F4xx_HAL_Driver/Src/stm32f4xx_hal.o
 .debug_aranges
                0x00000358      0x130 ./Drivers/STM32F4xx_HAL_Driver/Src/stm32f4xx_hal_cortex.o
 .debug_aranges
                0x00000488       0x90 ./Drivers/STM32F4xx_HAL_Driver/Src/stm32f4xx_hal_dma.o
 .debug_aranges
                0x00000518       0x58 ./Drivers/STM32F4xx_HAL_Driver/Src/stm32f4xx_hal_gpio.o
 .debug_aranges
                0x00000570      0x2a8 ./Drivers/STM32F4xx_HAL_Driver/Src/stm32f4xx_hal_i2c.o
 .debug_aranges
                0x00000818      0x148 ./Drivers/STM32F4xx_HAL_Driver/Src/stm32f4xx_hal_pcd.o
 .debug_aranges
                0x00000960       0x48 ./Drivers/STM32F4xx_HAL_Driver/Src/stm32f4xx_hal_pcd_ex.o
 .debug_aranges
                0x000009a8       0x88 ./Drivers/STM32F4xx_HAL_Driver/Src/stm32f4xx_hal_rcc.o
 .debug_aranges
                0x00000a30       0x78 ./Drivers/STM32F4xx_HAL_Driver/Src/stm32f4xx_hal_rcc_ex.o
 .debug_aranges
                0x00000aa8      0x208 ./Drivers/STM32F4xx_HAL_Driver/Src/stm32f4xx_hal_uart.o
 .debug_aranges
                0x00000cb0      0x1a0 ./Drivers/STM32F4xx_HAL_Driver/Src/stm32f4xx_ll_usb.o

.debug_rnglists
                0x00000000      0xb06
 .debug_rnglists
                0x00000000       0x1f ./Core/Src/ads1015.o
 .debug_rnglists
                0x0000001f       0x14 ./Core/Src/dma.o
 .debug_rnglists
                0x00000033       0x14 ./Core/Src/gpio.o
 .debug_rnglists
                0x00000047       0x20 ./Core/Src/i2c.o
 .debug_rnglists
                0x00000067       0x26 ./Core/Src/main.o
 .debug_rnglists
                0x0000008d       0x13 ./Core/Src/stm32f4xx_hal_msp.o
 .debug_rnglists
                0x000000a0       0x61 ./Core/Src/stm32f4xx_it.o
 .debug_rnglists
                0x00000101       0x1a ./Core/Src/system_stm32f4xx.o
 .debug_rnglists
                0x0000011b       0x20 ./Core/Src/usart.o
 .debug_rnglists
                0x0000013b       0x20 ./Core/Src/usb_otg.o
 .debug_rnglists
                0x0000015b       0x25 ./Core/Src/xbee.o
 .debug_rnglists
                0x00000180       0x19 ./Core/Startup/startup_stm32f446retx.o
 .debug_rnglists
                0x00000199       0xaf ./Drivers/STM32F4xx_HAL_Driver/Src/stm32f4xx_hal.o
 .debug_rnglists
                0x00000248       0xe0 ./Drivers/STM32F4xx_HAL_Driver/Src/stm32f4xx_hal_cortex.o
 .debug_rnglists
                0x00000328       0x70 ./Drivers/STM32F4xx_HAL_Driver/Src/stm32f4xx_hal_dma.o
 .debug_rnglists
                0x00000398       0x3f ./Drivers/STM32F4xx_HAL_Driver/Src/stm32f4xx_hal_gpio.o
 .debug_rnglists
                0x000003d7      0x23c ./Drivers/STM32F4xx_HAL_Driver/Src/stm32f4xx_hal_i2c.o
 .debug_rnglists
                0x00000613       0xfa ./Drivers/STM32F4xx_HAL_Driver/Src/stm32f4xx_hal_pcd.o
 .debug_rnglists
                0x0000070d       0x32 ./Drivers/STM32F4xx_HAL_Driver/Src/stm32f4xx_hal_pcd_ex.o
 .debug_rnglists
                0x0000073f       0x66 ./Drivers/STM32F4xx_HAL_Driver/Src/stm32f4xx_hal_rcc.o
 .debug_rnglists
                0x000007a5       0x5e ./Drivers/STM32F4xx_HAL_Driver/Src/stm32f4xx_hal_rcc_ex.o
 .debug_rnglists
                0x00000803      0x1bc ./Drivers/STM32F4xx_HAL_Driver/Src/stm32f4xx_hal_uart.o
 .debug_rnglists
                0x000009bf      0x147 ./Drivers/STM32F4xx_HAL_Driver/Src/stm32f4xx_ll_usb.o

.debug_macro    0x00000000    0x223af
 .debug_macro   0x00000000      0x229 ./Core/Src/ads1015.o
 .debug_macro   0x00000229      0xad8 ./Core/Src/ads1015.o
 .debug_macro   0x00000d01      0x2a1 ./Core/Src/ads1015.o
 .debug_macro   0x00000fa2       0x2e ./Core/Src/ads1015.o
 .debug_macro   0x00000fd0       0x28 ./Core/Src/ads1015.o
 .debug_macro   0x00000ff8       0x22 ./Core/Src/ads1015.o
 .debug_macro   0x0000101a       0x8e ./Core/Src/ads1015.o
 .debug_macro   0x000010a8       0x51 ./Core/Src/ads1015.o
 .debug_macro   0x000010f9      0x103 ./Core/Src/ads1015.o
 .debug_macro   0x000011fc       0x6a ./Core/Src/ads1015.o
 .debug_macro   0x00001266      0x1df ./Core/Src/ads1015.o
 .debug_macro   0x00001445       0x1c ./Core/Src/ads1015.o
 .debug_macro   0x00001461       0x22 ./Core/Src/ads1015.o
 .debug_macro   0x00001483       0xfb ./Core/Src/ads1015.o
 .debug_macro   0x0000157e     0x1011 ./Core/Src/ads1015.o
 .debug_macro   0x0000258f      0x11f ./Core/Src/ads1015.o
 .debug_macro   0x000026ae    0x1675e ./Core/Src/ads1015.o
 .debug_macro   0x00018e0c       0x6d ./Core/Src/ads1015.o
 .debug_macro   0x00018e79     0x3693 ./Core/Src/ads1015.o
 .debug_macro   0x0001c50c      0x190 ./Core/Src/ads1015.o
 .debug_macro   0x0001c69c       0x5c ./Core/Src/ads1015.o
 .debug_macro   0x0001c6f8      0xca5 ./Core/Src/ads1015.o
 .debug_macro   0x0001d39d      0x9e9 ./Core/Src/ads1015.o
 .debug_macro   0x0001dd86      0x115 ./Core/Src/ads1015.o
 .debug_macro   0x0001de9b      0x1a0 ./Core/Src/ads1015.o
 .debug_macro   0x0001e03b       0xa5 ./Core/Src/ads1015.o
 .debug_macro   0x0001e0e0      0x16d ./Core/Src/ads1015.o
 .debug_macro   0x0001e24d      0x287 ./Core/Src/ads1015.o
 .debug_macro   0x0001e4d4       0x5f ./Core/Src/ads1015.o
 .debug_macro   0x0001e533      0x236 ./Core/Src/ads1015.o
 .debug_macro   0x0001e769      0x132 ./Core/Src/ads1015.o
 .debug_macro   0x0001e89b      0x29c ./Core/Src/ads1015.o
 .debug_macro   0x0001eb37       0x2e ./Core/Src/ads1015.o
 .debug_macro   0x0001eb65      0x1b5 ./Core/Src/ads1015.o
 .debug_macro   0x0001ed1a       0x22 ./Core/Src/ads1015.o
 .debug_macro   0x0001ed3c       0xd6 ./Core/Src/ads1015.o
 .debug_macro   0x0001ee12      0x127 ./Core/Src/ads1015.o
 .debug_macro   0x0001ef39       0xe8 ./Core/Src/ads1015.o
 .debug_macro   0x0001f021       0x89 ./Core/Src/ads1015.o
 .debug_macro   0x0001f0aa      0x2aa ./Core/Src/ads1015.o
 .debug_macro   0x0001f354      0x293 ./Core/Src/ads1015.o
 .debug_macro   0x0001f5e7       0xba ./Core/Src/ads1015.o
 .debug_macro   0x0001f6a1      0x126 ./Core/Src/ads1015.o
 .debug_macro   0x0001f7c7       0x76 ./Core/Src/ads1015.o
 .debug_macro   0x0001f83d       0x22 ./Core/Src/ads1015.o
 .debug_macro   0x0001f85f      0x210 ./Core/Src/dma.o
 .debug_macro   0x0001fa6f      0x210 ./Core/Src/gpio.o
 .debug_macro   0x0001fc7f      0x210 ./Core/Src/i2c.o
 .debug_macro   0x0001fe8f      0x257 ./Core/Src/main.o
 .debug_macro   0x000200e6      0x206 ./Core/Src/stm32f4xx_hal_msp.o
 .debug_macro   0x000202ec      0x210 ./Core/Src/stm32f4xx_it.o
 .debug_macro   0x000204fc      0x1f7 ./Core/Src/system_stm32f4xx.o
 .debug_macro   0x000206f3      0x210 ./Core/Src/usart.o
 .debug_macro   0x00020903      0x210 ./Core/Src/usb_otg.o
 .debug_macro   0x00020b13      0x214 ./Core/Src/xbee.o
 .debug_macro   0x00020d27      0x257 ./Drivers/STM32F4xx_HAL_Driver/Src/stm32f4xx_hal.o
 .debug_macro   0x00020f7e      0x1f7 ./Drivers/STM32F4xx_HAL_Driver/Src/stm32f4xx_hal_cortex.o
 .debug_macro   0x00021175      0x1fd ./Drivers/STM32F4xx_HAL_Driver/Src/stm32f4xx_hal_dma.o
 .debug_macro   0x00021372      0x1fd ./Drivers/STM32F4xx_HAL_Driver/Src/stm32f4xx_hal_gpio.o
 .debug_macro   0x0002156f      0x245 ./Drivers/STM32F4xx_HAL_Driver/Src/stm32f4xx_hal_i2c.o
 .debug_macro   0x000217b4      0x203 ./Drivers/STM32F4xx_HAL_Driver/Src/stm32f4xx_hal_pcd.o
 .debug_macro   0x000219b7      0x1f7 ./Drivers/STM32F4xx_HAL_Driver/Src/stm32f4xx_hal_pcd_ex.o
 .debug_macro   0x00021bae      0x21b ./Drivers/STM32F4xx_HAL_Driver/Src/stm32f4xx_hal_rcc.o
 .debug_macro   0x00021dc9      0x1f7 ./Drivers/STM32F4xx_HAL_Driver/Src/stm32f4xx_hal_rcc_ex.o
 .debug_macro   0x00021fc0      0x1f8 ./Drivers/STM32F4xx_HAL_Driver/Src/stm32f4xx_hal_uart.o
 .debug_macro   0x000221b8      0x1f7 ./Drivers/STM32F4xx_HAL_Driver/Src/stm32f4xx_ll_usb.o

.debug_line     0x00000000    0x14c9d
 .debug_line    0x00000000      0x7f3 ./Core/Src/ads1015.o
 .debug_line    0x000007f3      0x790 ./Core/Src/dma.o
 .debug_line    0x00000f83      0x7cf ./Core/Src/gpio.o
 .debug_line    0x00001752      0x851 ./Core/Src/i2c.o
 .debug_line    0x00001fa3      0x86c ./Core/Src/main.o
 .debug_line    0x0000280f      0x78d ./Core/Src/stm32f4xx_hal_msp.o
 .debug_line    0x00002f9c      0x8b4 ./Core/Src/stm32f4xx_it.o
 .debug_line    0x00003850      0x803 ./Core/Src/system_stm32f4xx.o
 .debug_line    0x00004053      0x851 ./Core/Src/usart.o
 .debug_line    0x000048a4      0x824 ./Core/Src/usb_otg.o
 .debug_line    0x000050c8      0x7cd ./Core/Src/xbee.o
 .debug_line    0x00005895       0x7a ./Core/Startup/startup_stm32f446retx.o
 .debug_line    0x0000590f      0xa7f ./Drivers/STM32F4xx_HAL_Driver/Src/stm32f4xx_hal.o
 .debug_line    0x0000638e      0xd4f ./Drivers/STM32F4xx_HAL_Driver/Src/stm32f4xx_hal_cortex.o
 .debug_line    0x000070dd      0xfeb ./Drivers/STM32F4xx_HAL_Driver/Src/stm32f4xx_hal_dma.o
 .debug_line    0x000080c8      0xbc3 ./Drivers/STM32F4xx_HAL_Driver/Src/stm32f4xx_hal_gpio.o
 .debug_line    0x00008c8b     0x3b2c ./Drivers/STM32F4xx_HAL_Driver/Src/stm32f4xx_hal_i2c.o
 .debug_line    0x0000c7b7     0x14fa ./Drivers/STM32F4xx_HAL_Driver/Src/stm32f4xx_hal_pcd.o
 .debug_line    0x0000dcb1      0x89f ./Drivers/STM32F4xx_HAL_Driver/Src/stm32f4xx_hal_pcd_ex.o
 .debug_line    0x0000e550      0xe9a ./Drivers/STM32F4xx_HAL_Driver/Src/stm32f4xx_hal_rcc.o
 .debug_line    0x0000f3ea     0x154b ./Drivers/STM32F4xx_HAL_Driver/Src/stm32f4xx_hal_rcc_ex.o
 .debug_line    0x00010935     0x25c7 ./Drivers/STM32F4xx_HAL_Driver/Src/stm32f4xx_hal_uart.o
 .debug_line    0x00012efc     0x1da1 ./Drivers/STM32F4xx_HAL_Driver/Src/stm32f4xx_ll_usb.o

.debug_str      0x00000000    0xc9d33
 .debug_str     0x00000000    0xc9d33 ./Core/Src/ads1015.o
                              0xc5b7b (size before relaxing)
 .debug_str     0x000c9d33    0xc5bb2 ./Core/Src/dma.o
 .debug_str     0x000c9d33    0xc5c80 ./Core/Src/gpio.o
 .debug_str     0x000c9d33    0xc5c89 ./Core/Src/i2c.o
 .debug_str     0x000c9d33    0xc596c ./Core/Src/main.o
 .debug_str     0x000c9d33    0xc5654 ./Core/Src/stm32f4xx_hal_msp.o
 .debug_str     0x000c9d33    0xc58fe ./Core/Src/stm32f4xx_it.o
 .debug_str     0x000c9d33    0xc54f6 ./Core/Src/system_stm32f4xx.o
 .debug_str     0x000c9d33    0xc5c16 ./Core/Src/usart.o
 .debug_str     0x000c9d33    0xc5d7a ./Core/Src/usb_otg.o
 .debug_str     0x000c9d33    0xc5551 ./Core/Src/xbee.o
 .debug_str     0x000c9d33       0x88 ./Core/Startup/startup_stm32f446retx.o
 .debug_str     0x000c9d33    0xc60bb ./Drivers/STM32F4xx_HAL_Driver/Src/stm32f4xx_hal.o
 .debug_str     0x000c9d33    0xc5e12 ./Drivers/STM32F4xx_HAL_Driver/Src/stm32f4xx_hal_cortex.o
 .debug_str     0x000c9d33    0xc58eb ./Drivers/STM32F4xx_HAL_Driver/Src/stm32f4xx_hal_dma.o
 .debug_str     0x000c9d33    0xc5671 ./Drivers/STM32F4xx_HAL_Driver/Src/stm32f4xx_hal_gpio.o
 .debug_str     0x000c9d33    0xc64f4 ./Drivers/STM32F4xx_HAL_Driver/Src/stm32f4xx_hal_i2c.o
 .debug_str     0x000c9d33    0xc6007 ./Drivers/STM32F4xx_HAL_Driver/Src/stm32f4xx_hal_pcd.o
 .debug_str     0x000c9d33    0xc5909 ./Drivers/STM32F4xx_HAL_Driver/Src/stm32f4xx_hal_pcd_ex.o
 .debug_str     0x000c9d33    0xc592f ./Drivers/STM32F4xx_HAL_Driver/Src/stm32f4xx_hal_rcc.o
 .debug_str     0x000c9d33    0xc5962 ./Drivers/STM32F4xx_HAL_Driver/Src/stm32f4xx_hal_rcc_ex.o
 .debug_str     0x000c9d33    0xc5ee6 ./Drivers/STM32F4xx_HAL_Driver/Src/stm32f4xx_hal_uart.o
 .debug_str     0x000c9d33    0xc5ec3 ./Drivers/STM32F4xx_HAL_Driver/Src/stm32f4xx_ll_usb.o

.comment        0x00000000       0x43
 .comment       0x00000000       0x43 ./Core/Src/ads1015.o
                                 0x44 (size before relaxing)
 .comment       0x00000043       0x44 ./Core/Src/dma.o
 .comment       0x00000043       0x44 ./Core/Src/gpio.o
 .comment       0x00000043       0x44 ./Core/Src/i2c.o
 .comment       0x00000043       0x44 ./Core/Src/main.o
 .comment       0x00000043       0x44 ./Core/Src/stm32f4xx_hal_msp.o
 .comment       0x00000043       0x44 ./Core/Src/stm32f4xx_it.o
 .comment       0x00000043       0x44 ./Core/Src/system_stm32f4xx.o
 .comment       0x00000043       0x44 ./Core/Src/usart.o
 .comment       0x00000043       0x44 ./Core/Src/usb_otg.o
 .comment       0x00000043       0x44 ./Core/Src/xbee.o
 .comment       0x00000043       0x44 ./Drivers/STM32F4xx_HAL_Driver/Src/stm32f4xx_hal.o
 .comment       0x00000043       0x44 ./Drivers/STM32F4xx_HAL_Driver/Src/stm32f4xx_hal_cortex.o
 .comment       0x00000043       0x44 ./Drivers/STM32F4xx_HAL_Driver/Src/stm32f4xx_hal_dma.o
 .comment       0x00000043       0x44 ./Drivers/STM32F4xx_HAL_Driver/Src/stm32f4xx_hal_gpio.o
 .comment       0x00000043       0x44 ./Drivers/STM32F4xx_HAL_Driver/Src/stm32f4xx_hal_i2c.o
 .comment       0x00000043       0x44 ./Drivers/STM32F4xx_HAL_Driver/Src/stm32f4xx_hal_pcd.o
 .comment       0x00000043       0x44 ./Drivers/STM32F4xx_HAL_Driver/Src/stm32f4xx_hal_pcd_ex.o
 .comment       0x00000043       0x44 ./Drivers/STM32F4xx_HAL_Driver/Src/stm32f4xx_hal_rcc.o
 .comment       0x00000043       0x44 ./Drivers/STM32F4xx_HAL_Driver/Src/stm32f4xx_hal_rcc_ex.o
 .comment       0x00000043       0x44 ./Drivers/STM32F4xx_HAL_Driver/Src/stm32f4xx_hal_uart.o
 .comment       0x00000043       0x44 ./Drivers/STM32F4xx_HAL_Driver/Src/stm32f4xx_ll_usb.o

.debug_frame    0x00000000     0x3a64
 .debug_frame   0x00000000       0x70 ./Core/Src/ads1015.o
 .debug_frame   0x00000070       0x34 ./Core/Src/dma.o
 .debug_frame   0x000000a4       0x34 ./Core/Src/gpio.o
 .debug_frame   0x000000d8       0x74 ./Core/Src/i2c.o
 .debug_frame   0x0000014c       0x8c ./Core/Src/main.o
 .debug_frame   0x000001d8       0x38 ./Core/Src/stm32f4xx_hal_msp.o
 .debug_frame   0x00000210      0x190 ./Core/Src/stm32f4xx_it.o
 .debug_frame   0x000003a0       0x58 ./Core/Src/system_stm32f4xx.o
 .debug_frame   0x000003f8       0x74 ./Core/Src/usart.o
 .debug_frame   0x0000046c       0x78 ./Core/Src/usb_otg.o
 .debug_frame   0x000004e4       0x90 ./Core/Src/xbee.o
 .debug_frame   0x00000574      0x374 ./Drivers/STM32F4xx_HAL_Driver/Src/stm32f4xx_hal.o
 .debug_frame   0x000008e8      0x508 ./Drivers/STM32F4xx_HAL_Driver/Src/stm32f4xx_hal_cortex.o
 .debug_frame   0x00000df0      0x250 ./Drivers/STM32F4xx_HAL_Driver/Src/stm32f4xx_hal_dma.o
 .debug_frame   0x00001040      0x14c ./Drivers/STM32F4xx_HAL_Driver/Src/stm32f4xx_hal_gpio.o
 .debug_frame   0x0000118c      0xc84 ./Drivers/STM32F4xx_HAL_Driver/Src/stm32f4xx_hal_i2c.o
 .debug_frame   0x00001e10      0x5b8 ./Drivers/STM32F4xx_HAL_Driver/Src/stm32f4xx_hal_pcd.o
 .debug_frame   0x000023c8      0x100 ./Drivers/STM32F4xx_HAL_Driver/Src/stm32f4xx_hal_pcd_ex.o
 .debug_frame   0x000024c8      0x1f4 ./Drivers/STM32F4xx_HAL_Driver/Src/stm32f4xx_hal_rcc.o
 .debug_frame   0x000026bc      0x1e8 ./Drivers/STM32F4xx_HAL_Driver/Src/stm32f4xx_hal_rcc_ex.o
 .debug_frame   0x000028a4      0x954 ./Drivers/STM32F4xx_HAL_Driver/Src/stm32f4xx_hal_uart.o
 .debug_frame   0x000031f8      0x7c0 ./Drivers/STM32F4xx_HAL_Driver/Src/stm32f4xx_ll_usb.o
 .debug_frame   0x000039b8       0x20 C:/ST/STM32CubeIDE_1.19.0/STM32CubeIDE/plugins/com.st.stm32cube.ide.mcu.externaltools.gnu-tools-for-stm32.13.3.rel1.win32_1.0.0.202411081344/tools/bin/../lib/gcc/arm-none-eabi/13.3.1/../../../../arm-none-eabi/lib/thumb/v7e-m+fp/hard\libc_nano.a(libc_a-memset.o)
 .debug_frame   0x000039d8       0x2c C:/ST/STM32CubeIDE_1.19.0/STM32CubeIDE/plugins/com.st.stm32cube.ide.mcu.externaltools.gnu-tools-for-stm32.13.3.rel1.win32_1.0.0.202411081344/tools/bin/../lib/gcc/arm-none-eabi/13.3.1/../../../../arm-none-eabi/lib/thumb/v7e-m+fp/hard\libc_nano.a(libc_a-init.o)
 .debug_frame   0x00003a04       0x2c C:/ST/STM32CubeIDE_1.19.0/STM32CubeIDE/plugins/com.st.stm32cube.ide.mcu.externaltools.gnu-tools-for-stm32.13.3.rel1.win32_1.0.0.202411081344/tools/bin/../lib/gcc/arm-none-eabi/13.3.1/thumb/v7e-m+fp/hard\libgcc.a(_aeabi_uldivmod.o)
 .debug_frame   0x00003a30       0x34 C:/ST/STM32CubeIDE_1.19.0/STM32CubeIDE/plugins/com.st.stm32cube.ide.mcu.externaltools.gnu-tools-for-stm32.13.3.rel1.win32_1.0.0.202411081344/tools/bin/../lib/gcc/arm-none-eabi/13.3.1/thumb/v7e-m+fp/hard\libgcc.a(_udivmoddi4.o)

.debug_line_str
                0x00000000       0x6c
 .debug_line_str
                0x00000000       0x6c ./Core/Startup/startup_stm32f446retx.o
