Archive member included to satisfy reference by file (symbol)

C:/ST/STM32CubeIDE_1.19.0/STM32CubeIDE/plugins/com.st.stm32cube.ide.mcu.externaltools.gnu-tools-for-stm32.13.3.rel1.win32_1.0.0.202411081344/tools/bin/../lib/gcc/arm-none-eabi/13.3.1/../../../../arm-none-eabi/lib/thumb/v7e-m+fp/hard\libc_nano.a(libc_a-exit.o)
                              C:/ST/STM32CubeIDE_1.19.0/STM32CubeIDE/plugins/com.st.stm32cube.ide.mcu.externaltools.gnu-tools-for-stm32.13.3.rel1.win32_1.0.0.202411081344/tools/bin/../lib/gcc/arm-none-eabi/13.3.1/../../../../arm-none-eabi/lib/thumb/v7e-m+fp/hard/crt0.o (exit)
C:/ST/STM32CubeIDE_1.19.0/STM32CubeIDE/plugins/com.st.stm32cube.ide.mcu.externaltools.gnu-tools-for-stm32.13.3.rel1.win32_1.0.0.202411081344/tools/bin/../lib/gcc/arm-none-eabi/13.3.1/../../../../arm-none-eabi/lib/thumb/v7e-m+fp/hard\libc_nano.a(libc_a-malloc.o)
                              ./Core/Src/ili9341.o (malloc)
C:/ST/STM32CubeIDE_1.19.0/STM32CubeIDE/plugins/com.st.stm32cube.ide.mcu.externaltools.gnu-tools-for-stm32.13.3.rel1.win32_1.0.0.202411081344/tools/bin/../lib/gcc/arm-none-eabi/13.3.1/../../../../arm-none-eabi/lib/thumb/v7e-m+fp/hard\libc_nano.a(libc_a-mallocr.o)
                              C:/ST/STM32CubeIDE_1.19.0/STM32CubeIDE/plugins/com.st.stm32cube.ide.mcu.externaltools.gnu-tools-for-stm32.13.3.rel1.win32_1.0.0.202411081344/tools/bin/../lib/gcc/arm-none-eabi/13.3.1/../../../../arm-none-eabi/lib/thumb/v7e-m+fp/hard\libc_nano.a(libc_a-malloc.o) (_malloc_r)
C:/ST/STM32CubeIDE_1.19.0/STM32CubeIDE/plugins/com.st.stm32cube.ide.mcu.externaltools.gnu-tools-for-stm32.13.3.rel1.win32_1.0.0.202411081344/tools/bin/../lib/gcc/arm-none-eabi/13.3.1/../../../../arm-none-eabi/lib/thumb/v7e-m+fp/hard\libc_nano.a(libc_a-mlock.o)
                              C:/ST/STM32CubeIDE_1.19.0/STM32CubeIDE/plugins/com.st.stm32cube.ide.mcu.externaltools.gnu-tools-for-stm32.13.3.rel1.win32_1.0.0.202411081344/tools/bin/../lib/gcc/arm-none-eabi/13.3.1/../../../../arm-none-eabi/lib/thumb/v7e-m+fp/hard\libc_nano.a(libc_a-mallocr.o) (__malloc_lock)
C:/ST/STM32CubeIDE_1.19.0/STM32CubeIDE/plugins/com.st.stm32cube.ide.mcu.externaltools.gnu-tools-for-stm32.13.3.rel1.win32_1.0.0.202411081344/tools/bin/../lib/gcc/arm-none-eabi/13.3.1/../../../../arm-none-eabi/lib/thumb/v7e-m+fp/hard\libc_nano.a(libc_a-findfp.o)
                              C:/ST/STM32CubeIDE_1.19.0/STM32CubeIDE/plugins/com.st.stm32cube.ide.mcu.externaltools.gnu-tools-for-stm32.13.3.rel1.win32_1.0.0.202411081344/tools/bin/../lib/gcc/arm-none-eabi/13.3.1/../../../../arm-none-eabi/lib/thumb/v7e-m+fp/hard\libc_nano.a(libc_a-exit.o) (__stdio_exit_handler)
C:/ST/STM32CubeIDE_1.19.0/STM32CubeIDE/plugins/com.st.stm32cube.ide.mcu.externaltools.gnu-tools-for-stm32.13.3.rel1.win32_1.0.0.202411081344/tools/bin/../lib/gcc/arm-none-eabi/13.3.1/../../../../arm-none-eabi/lib/thumb/v7e-m+fp/hard\libc_nano.a(libc_a-fwalk.o)
                              C:/ST/STM32CubeIDE_1.19.0/STM32CubeIDE/plugins/com.st.stm32cube.ide.mcu.externaltools.gnu-tools-for-stm32.13.3.rel1.win32_1.0.0.202411081344/tools/bin/../lib/gcc/arm-none-eabi/13.3.1/../../../../arm-none-eabi/lib/thumb/v7e-m+fp/hard\libc_nano.a(libc_a-findfp.o) (_fwalk_sglue)
C:/ST/STM32CubeIDE_1.19.0/STM32CubeIDE/plugins/com.st.stm32cube.ide.mcu.externaltools.gnu-tools-for-stm32.13.3.rel1.win32_1.0.0.202411081344/tools/bin/../lib/gcc/arm-none-eabi/13.3.1/../../../../arm-none-eabi/lib/thumb/v7e-m+fp/hard\libc_nano.a(libc_a-printf.o)
                              ./Core/Src/main.o (printf)
C:/ST/STM32CubeIDE_1.19.0/STM32CubeIDE/plugins/com.st.stm32cube.ide.mcu.externaltools.gnu-tools-for-stm32.13.3.rel1.win32_1.0.0.202411081344/tools/bin/../lib/gcc/arm-none-eabi/13.3.1/../../../../arm-none-eabi/lib/thumb/v7e-m+fp/hard\libc_nano.a(libc_a-puts.o)
                              ./Core/Src/main.o (puts)
C:/ST/STM32CubeIDE_1.19.0/STM32CubeIDE/plugins/com.st.stm32cube.ide.mcu.externaltools.gnu-tools-for-stm32.13.3.rel1.win32_1.0.0.202411081344/tools/bin/../lib/gcc/arm-none-eabi/13.3.1/../../../../arm-none-eabi/lib/thumb/v7e-m+fp/hard\libc_nano.a(libc_a-sprintf.o)
                              ./Core/Src/main.o (sprintf)
C:/ST/STM32CubeIDE_1.19.0/STM32CubeIDE/plugins/com.st.stm32cube.ide.mcu.externaltools.gnu-tools-for-stm32.13.3.rel1.win32_1.0.0.202411081344/tools/bin/../lib/gcc/arm-none-eabi/13.3.1/../../../../arm-none-eabi/lib/thumb/v7e-m+fp/hard\libc_nano.a(libc_a-stdio.o)
                              C:/ST/STM32CubeIDE_1.19.0/STM32CubeIDE/plugins/com.st.stm32cube.ide.mcu.externaltools.gnu-tools-for-stm32.13.3.rel1.win32_1.0.0.202411081344/tools/bin/../lib/gcc/arm-none-eabi/13.3.1/../../../../arm-none-eabi/lib/thumb/v7e-m+fp/hard\libc_nano.a(libc_a-findfp.o) (__sread)
C:/ST/STM32CubeIDE_1.19.0/STM32CubeIDE/plugins/com.st.stm32cube.ide.mcu.externaltools.gnu-tools-for-stm32.13.3.rel1.win32_1.0.0.202411081344/tools/bin/../lib/gcc/arm-none-eabi/13.3.1/../../../../arm-none-eabi/lib/thumb/v7e-m+fp/hard\libc_nano.a(libc_a-wbuf.o)
[...]
Memory Configuration

Name             Origin             Length             Attributes
RAM              0x20000000         0x00020000         xrw
FLASH            0x08000000         0x00080000         xr
*default*        0x00000000         0xffffffff

Linker script and memory map

LOAD C:/ST/STM32CubeIDE_1.19.0/STM32CubeIDE/plugins/com.st.stm32cube.ide.mcu.externaltools.gnu-tools-for-stm32.13.3.rel1.win32_1.0.0.202411081344/tools/bin/../lib/gcc/arm-none-eabi/13.3.1/thumb/v7e-m+fp/hard/crti.o
LOAD C:/ST/STM32CubeIDE_1.19.0/STM32CubeIDE/plugins/com.st.stm32cube.ide.mcu.externaltools.gnu-tools-for-stm32.13.3.rel1.win32_1.0.0.202411081344/tools/bin/../lib/gcc/arm-none-eabi/13.3.1/thumb/v7e-m+fp/hard/crtbegin.o
LOAD C:/ST/STM32CubeIDE_1.19.0/STM32CubeIDE/plugins/com.st.stm32cube.ide.mcu.externaltools.gnu-tools-for-stm32.13.3.rel1.win32_1.0.0.202411081344/tools/bin/../lib/gcc/arm-none-eabi/13.3.1/../../../../arm-none-eabi/lib/thumb/v7e-m+fp/hard/crt0.o
LOAD ./Core/Src/RF_Reception.o
LOAD ./Core/Src/RF_Transmission.o
LOAD ./Core/Src/XbeeRF.o
LOAD ./Core/Src/dma.o
LOAD ./Core/Src/gpio.o
LOAD ./Core/Src/ili9341.o
LOAD ./Core/Src/ili9341_font.o
LOAD ./Core/Src/ili9341_gfx.o
LOAD ./Core/Src/main.o
LOAD ./Core/Src/spi.o
LOAD ./Core/Src/stm32f4xx_hal_msp.o
LOAD ./Core/Src/stm32f4xx_it.o
LOAD ./Core/Src/syscalls.o
LOAD ./Core/Src/sysmem.o
LOAD ./Core/Src/system_stm32f4xx.o
LOAD ./Core/Src/tim.o
LOAD ./Core/Src/usart.o
LOAD ./Core/Startup/startup_stm32f446retx.o
LOAD ./Drivers/STM32F4xx_HAL_Driver/Src/stm32f4xx_hal.o
LOAD ./Drivers/STM32F4xx_HAL_Driver/Src/stm32f4xx_hal_cortex.o
LOAD ./Drivers/STM32F4xx_HAL_Driver/Src/stm32f4xx_hal_dma.o
LOAD ./Drivers/STM32F4xx_HAL_Driver/Src/stm32f4xx_hal_dma_ex.o
LOAD ./Drivers/STM32F4xx_HAL_Driver/Src/stm32f4xx_hal_exti.o
LOAD ./Drivers/STM32F4xx_HAL_Driver/Src/stm32f4xx_hal_flash.o
LOAD ./Drivers/STM32F4xx_HAL_Driver/Src/stm32f4xx_hal_flash_ex.o
LOAD ./Drivers/STM32F4xx_HAL_Driver/Src/stm32f4xx_hal_flash_ramfunc.o
LOAD ./Drivers/STM32F4xx_HAL_Driver/Src/stm32f4xx_hal_gpio.o
LOAD ./Drivers/STM32F4xx_HAL_Driver/Src/stm32f4xx_hal_pcd.o
LOAD ./Drivers/STM32F4xx_HAL_Driver/Src/stm32f4xx_hal_pcd_ex.o
LOAD ./Drivers/STM32F4xx_HAL_Driver/Src/stm32f4xx_hal_pwr.o
LOAD ./Drivers/STM32F4xx_HAL_Driver/Src/stm32f4xx_hal_pwr_ex.o
LOAD ./Drivers/STM32F4xx_HAL_Driver/Src/stm32f4xx_hal_rcc.o
LOAD ./Drivers/STM32F4xx_HAL_Driver/Src/stm32f4xx_hal_rcc_ex.o
LOAD ./Drivers/STM32F4xx_HAL_Driver/Src/stm32f4xx_hal_spi.o
LOAD ./Drivers/STM32F4xx_HAL_Driver/Src/stm32f4xx_hal_tim.o
LOAD ./Drivers/STM32F4xx_HAL_Driver/Src/stm32f4xx_hal_tim_ex.o
LOAD ./Drivers/STM32F4xx_HAL_Driver/Src/stm32f4xx_hal_uart.o
LOAD ./Drivers/STM32F4xx_HAL_Driver/Src/stm32f4xx_ll_usb.o
LOAD ./Middlewares/ST/STM32_USB_Device_Library/Class/CDC/Src/usbd_cdc.o
LOAD ./Middlewares/ST/STM32_USB_Device_Library/Core/Src/usbd_core.o
LOAD ./Middlewares/ST/STM32_USB_Device_Library/Core/Src/usbd_ctlreq.o
LOAD ./Middlewares/ST/STM32_USB_Device_Library/Core/Src/usbd_ioreq.o
LOAD ./USB_DEVICE/App/usb_device.o
LOAD ./USB_DEVICE/App/usbd_cdc_if.o
LOAD ./USB_DEVICE/App/usbd_desc.o
LOAD ./USB_DEVICE/Target/usbd_conf.o
START GROUP
LOAD C:/ST/STM32CubeIDE_1.19.0/STM32CubeIDE/plugins/com.st.stm32cube.ide.mcu.externaltools.gnu-tools-for-stm32.13.3.rel1.win32_1.0.0.202411081344/tools/bin/../lib/gcc/arm-none-eabi/13.3.1/../../../../arm-none-eabi/lib/thumb/v7e-m+fp/hard\libc_nano.a
LOAD C:/ST/STM32CubeIDE_1.19.0/STM32CubeIDE/plugins/com.st.stm32cube.ide.mcu.externaltools.gnu-tools-for-stm32.13.3.rel1.win32_1.0.0.202411081344/tools/bin/../lib/gcc/arm-none-eabi/13.3.1/../../../../arm-none-eabi/lib/thumb/v7e-m+fp/hard\libm.a
END GROUP
START GROUP
LOAD C:/ST/STM32CubeIDE_1.19.0/STM32CubeIDE/plugins/com.st.stm32cube.ide.mcu.externaltools.gnu-tools-for-stm32.13.3.rel1.win32_1.0.0.202411081344/tools/bin/../lib/gcc/arm-none-eabi/13.3.1/thumb/v7e-m+fp/hard\libgcc.a
LOAD C:/ST/STM32CubeIDE_1.19.0/STM32CubeIDE/plugins/com.st.stm32cube.ide.mcu.externaltools.gnu-tools-for-stm32.13.3.rel1.win32_1.0.0.202411081344/tools/bin/../lib/gcc/arm-none-eabi/13.3.1/../../../../arm-none-eabi/lib/thumb/v7e-m+fp/hard\libc_nano.a
END GROUP
START GROUP
LOAD C:/ST/STM32CubeIDE_1.19.0/STM32CubeIDE/plugins/com.st.stm32cube.ide.mcu.externaltools.gnu-tools-for-stm32.13.3.rel1.win32_1.0.0.202411081344/tools/bin/../lib/gcc/arm-none-eabi/13.3.1/thumb/v7e-m+fp/hard\libgcc.a
LOAD C:/ST/STM32CubeIDE_1.19.0/STM32CubeIDE/plugins/com.st.stm32cube.ide.mcu.externaltools.gnu-tools-for-stm32.13.3.rel1.win32_1.0.0.202411081344/tools/bin/../lib/gcc/arm-none-eabi/13.3.1/../../../../arm-none-eabi/lib/thumb/v7e-m+fp/hard\libc_nano.a
LOAD C:/ST/STM32CubeIDE_1.19.0/STM32CubeIDE/plugins/com.st.stm32cube.ide.mcu.externaltools.gnu-tools-for-stm32.13.3.rel1.win32_1.0.0.202411081344/tools/bin/../lib/gcc/arm-none-eabi/13.3.1/../../../../arm-none-eabi/lib/thumb/v7e-m+fp/hard\libnosys.a
END GROUP
START GROUP
LOAD C:/ST/STM32CubeIDE_1.19.0/STM32CubeIDE/plugins/com.st.stm32cube.ide.mcu.externaltools.gnu-tools-for-stm32.13.3.rel1.win32_1.0.0.202411081344/tools/bin/../lib/gcc/arm-none-eabi/13.3.1/thumb/v7e-m+fp/hard\libgcc.a
LOAD C:/ST/STM32CubeIDE_1.19.0/STM32CubeIDE/plugins/com.st.stm32cube.ide.mcu.externaltools.gnu-tools-for-stm32.13.3.rel1.win32_1.0.0.202411081344/tools/bin/../lib/gcc/arm-none-eabi/13.3.1/../../../../arm-none-eabi/lib/thumb/v7e-m+fp/hard\libc_nano.a
LOAD C:/ST/STM32CubeIDE_1.19.0/STM32CubeIDE/plugins/com.st.stm32cube.ide.mcu.externaltools.gnu-tools-for-stm32.13.3.rel1.win32_1.0.0.202411081344/tools/bin/../lib/gcc/arm-none-eabi/13.3.1/../../../../arm-none-eabi/lib/thumb/v7e-m+fp/hard\libnosys.a
END GROUP
LOAD C:/ST/STM32CubeIDE_1.19.0/STM32CubeIDE/plugins/com.st.stm32cube.ide.mcu.externaltools.gnu-tools-for-stm32.13.3.rel1.win32_1.0.0.202411081344/tools/bin/../lib/gcc/arm-none-eabi/13.3.1/thumb/v7e-m+fp/hard/crtend.o
LOAD C:/ST/STM32CubeIDE_1.19.0/STM32CubeIDE/plugins/com.st.stm32cube.ide.mcu.externaltools.gnu-tools-for-stm32.13.3.rel1.win32_1.0.0.202411081344/tools/bin/../lib/gcc/arm-none-eabi/13.3.1/thumb/v7e-m+fp/hard/crtn.o
                0x20020000                        _estack = (ORIGIN (RAM) + LENGTH (RAM))
                0x00000200                        _Min_Heap_Size = 0x200
                0x00000400                        _Min_Stack_Size = 0x400

.isr_vector     0x08000000      0x1c4
                0x08000000                        . = ALIGN (0x4)
 *(.isr_vector)
 .isr_vector    0x08000000      0x1c4 ./Core/Startup/startup_stm32f446retx.o
                0x08000000                g_pfnVectors
                0x080001c4                        . = ALIGN (0x4)

.text           0x080001d0     0xd85c
                0x080001d0                        . = ALIGN (0x4)
 *(.text)
 .text          0x080001d0       0x40 C:/ST/STM32CubeIDE_1.19.0/STM32CubeIDE/plugins/com.st.stm32cube.ide.mcu.externaltools.gnu-tools-for-stm32.13.3.rel1.win32_1.0.0.202411081344/tools/bin/../lib/gcc/arm-none-eabi/13.3.1/thumb/v7e-m+fp/hard/crtbegin.o
 .text          0x08000210       0x10 C:/ST/STM32CubeIDE_1.19.0/STM32CubeIDE/plugins/com.st.stm32cube.ide.mcu.externaltools.gnu-tools-for-stm32.13.3.rel1.win32_1.0.0.202411081344/tools/bin/../lib/gcc/arm-none-eabi/13.3.1/../../../../arm-none-eabi/lib/thumb/v7e-m+fp/hard\libc_nano.a(libc_a-strlen.o)
                0x08000210                strlen
 .text          0x08000220       0xa0 C:/ST/STM32CubeIDE_1.19.0/STM32CubeIDE/plugins/com.st.stm32cube.ide.mcu.externaltools.gnu-tools-for-stm32.13.3.rel1.win32_1.0.0.202411081344/tools/bin/../lib/gcc/arm-none-eabi/13.3.1/../../../../arm-none-eabi/lib/thumb/v7e-m+fp/hard\libc_nano.a(libc_a-memchr.o)
                0x08000220                memchr
 .text          0x080002c0       0x30 C:/ST/STM32CubeIDE_1.19.0/STM32CubeIDE/plugins/com.st.stm32cube.ide.mcu.externaltools.gnu-tools-for-stm32.13.3.rel1.win32_1.0.0.202411081344/tools/bin/../lib/gcc/arm-none-eabi/13.3.1/thumb/v7e-m+fp/hard\libgcc.a(_aeabi_uldivmod.o)
                0x080002c0                __aeabi_uldivmod
 .text          0x080002f0      0x2f8 C:/ST/STM32CubeIDE_1.19.0/STM32CubeIDE/plugins/com.st.stm32cube.ide.mcu.externaltools.gnu-tools-for-stm32.13.3.rel1.win32_1.0.0.202411081344/tools/bin/../lib/gcc/arm-none-eabi/13.3.1/thumb/v7e-m+fp/hard\libgcc.a(_udivmoddi4.o)
                0x080002f0                __udivmoddi4
 .text          0x080005e8        0x4 C:/ST/STM32CubeIDE_1.19.0/STM32CubeIDE/plugins/com.st.stm32cube.ide.mcu.externaltools.gnu-tools-for-stm32.13.3.rel1.win32_1.0.0.202411081344/tools/bin/../lib/gcc/arm-none-eabi/13.3.1/thumb/v7e-m+fp/hard\libgcc.a(_dvmd_tls.o)
                0x080005e8                __aeabi_idiv0
                0x080005e8                __aeabi_ldiv0
 *(.text*)
 .text.RF_Reception_Init
                0x080005ec       0x20 ./Core/Src/RF_Reception.o
                0x080005ec                RF_Reception_Init
 .text.RF_Reception_Task
                0x0800060c        0xe ./Core/Src/RF_Reception.o
                0x0800060c                RF_Reception_Task
 *fill*         0x0800061a        0x2 
 .text.RF_Transmission_Init
                0x0800061c       0x18 ./Core/Src/RF_Transmission.o
                0x0800061c                RF_Transmission_Init
 .text.RF_Transmission_Task
                0x08000634       0x20 ./Core/Src/RF_Transmission.o
                0x08000634                RF_Transmission_Task
 .text.XBeeRF_Init
                0x08000654       0x10 ./Core/Src/XbeeRF.o
                0x08000654                XBeeRF_Init
 .text.XBeeRF_Task
                0x08000664       0x10 ./Core/Src/XbeeRF.o
                0x08000664                XBeeRF_Task
 .text.MX_DMA_Init
                0x08000674       0x40 ./Core/Src/dma.o
                0x08000674                MX_DMA_Init
 .text.MX_GPIO_Init
                0x080006b4      0x124 ./Core/Src/gpio.o
                0x080006b4                MX_GPIO_Init
 .text.ili9341_new
                0x080007d8      0x1f0 ./Core/Src/ili9341.o
                0x080007d8                ili9341_new
 .text.ili9341_spi_tft_select
                0x080009c8       0x20 ./Core/Src/ili9341.o
                0x080009c8                ili9341_spi_tft_select
 .text.ili9341_spi_tft_release
                0x080009e8       0x20 ./Core/Src/ili9341.o
                0x080009e8                ili9341_spi_tft_release
 .text.ili9341_spi_touch_select
                0x08000a08       0x20 ./Core/Src/ili9341.o
                0x08000a08                ili9341_spi_touch_select
 .text.ili9341_spi_touch_release
                0x08000a28       0x20 ./Core/Src/ili9341.o
                0x08000a28                ili9341_spi_touch_release
 .text.ili9341_spi_slave_select
                0x08000a48       0x32 ./Core/Src/ili9341.o
                0x08000a48                ili9341_spi_slave_select
 .text.ili9341_spi_slave_release
                0x08000a7a       0x32 ./Core/Src/ili9341.o
                0x08000a7a                ili9341_spi_slave_release
 .text.ili9341_spi_write_command
                0x08000aac       0x70 ./Core/Src/ili9341.o
                0x08000aac                ili9341_spi_write_command
 .text.ili9341_spi_write_data
                0x08000b1c       0x72 ./Core/Src/ili9341.o
                0x08000b1c                ili9341_spi_write_data
 .text.ili9341_spi_write_command_data
                0x08000b8e       0x76 ./Core/Src/ili9341.o
                0x08000b8e                ili9341_spi_write_command_data
 .text.ili9341_reset
                0x08000c04       0x42 ./Core/Src/ili9341.o
 *fill*         0x08000c46        0x2 
 .text.ili9341_initialize
                0x08000c48      0x2c0 ./Core/Src/ili9341.o
 .text.ili9341_screen_size
                0x08000f08       0x60 ./Core/Src/ili9341.o
 .text.ili9341_screen_rotation
                0x08000f68       0x38 ./Core/Src/ili9341.o
 .text.glyph_index
                0x08000fa0       0x2c ./Core/Src/ili9341_font.o
                0x08000fa0                glyph_index
 .text.ili9341_spi_tft_set_address_rect
                0x08000fcc       0xa2 ./Core/Src/ili9341_gfx.o
                0x08000fcc                ili9341_spi_tft_set_address_rect
 .text.ili9341_transmit_wait
                0x0800106e       0x2e ./Core/Src/ili9341_gfx.o
                0x0800106e                ili9341_transmit_wait
 .text.ili9341_transmit_color
                0x0800109c       0x4a ./Core/Src/ili9341_gfx.o
                0x0800109c                ili9341_transmit_color
 .text.ili9341_draw_pixel
                0x080010e6       0xb2 ./Core/Src/ili9341_gfx.o
                0x080010e6                ili9341_draw_pixel
 .text.ili9341_draw_line
                0x08001198      0x1da ./Core/Src/ili9341_gfx.o
                0x08001198                ili9341_draw_line
 .text.ili9341_draw_rect
                0x08001372       0xe0 ./Core/Src/ili9341_gfx.o
                0x08001372                ili9341_draw_rect
 *fill*         0x08001452        0x2 
 .text.ili9341_fill_rect
                0x08001454      0x124 ./Core/Src/ili9341_gfx.o
                0x08001454                ili9341_fill_rect
 .text.ili9341_fill_circle
                0x08001578       0x7a ./Core/Src/ili9341_gfx.o
                0x08001578                ili9341_fill_circle
 .text.ili9341_fill_screen
                0x080015f2       0x2c ./Core/Src/ili9341_gfx.o
                0x080015f2                ili9341_fill_screen
 *fill*         0x0800161e        0x2 
 .text.ili9341_draw_char
                0x08001620      0x1cc ./Core/Src/ili9341_gfx.o
                0x08001620                ili9341_draw_char
 .text.ili9341_draw_string
                0x080017ec       0x9a ./Core/Src/ili9341_gfx.o
                0x080017ec                ili9341_draw_string
 .text.ili9341_clip_rect
                0x08001886      0x13e ./Core/Src/ili9341_gfx.o
 .text.ili9341_fill_quarter_circle
                0x080019c4      0x204 ./Core/Src/ili9341_gfx.o
 .text.main     0x08001bc8      0x7cc ./Core/Src/main.o
                0x08001bc8                main
 .text.SystemClock_Config
                0x08002394       0xd8 ./Core/Src/main.o
                0x08002394                SystemClock_Config
 .text.HAL_UART_RxCpltCallback
                0x0800246c       0x4c ./Core/Src/main.o
                0x0800246c                HAL_UART_RxCpltCallback
 .text.HAL_TIM_PeriodElapsedCallback
                0x080024b8       0x2c ./Core/Src/main.o
                0x080024b8                HAL_TIM_PeriodElapsedCallback
 .text._write   0x080024e4       0x22 ./Core/Src/main.o
                0x080024e4                _write
 .text.Error_Handler
                0x08002506        0xc ./Core/Src/main.o
                0x08002506                Error_Handler
 *fill*         0x08002512        0x2 
 .text.MX_SPI1_Init
                0x08002514       0x6c ./Core/Src/spi.o
                0x08002514                MX_SPI1_Init
 .text.HAL_SPI_MspInit
                0x08002580      0x104 ./Core/Src/spi.o
                0x08002580                HAL_SPI_MspInit
 .text.HAL_MspInit
                0x08002684       0x50 ./Core/Src/stm32f4xx_hal_msp.o
                0x08002684                HAL_MspInit
 .text.NMI_Handler
                0x080026d4        0x8 ./Core/Src/stm32f4xx_it.o
                0x080026d4                NMI_Handler
 .text.HardFault_Handler
                0x080026dc        0x8 ./Core/Src/stm32f4xx_it.o
                0x080026dc                HardFault_Handler
 .text.MemManage_Handler
                0x080026e4        0x8 ./Core/Src/stm32f4xx_it.o
                0x080026e4                MemManage_Handler
 .text.BusFault_Handler
                0x080026ec        0x8 ./Core/Src/stm32f4xx_it.o
                0x080026ec                BusFault_Handler
 .text.UsageFault_Handler
                0x080026f4        0x8 ./Core/Src/stm32f4xx_it.o
                0x080026f4                UsageFault_Handler
 .text.SVC_Handler
                0x080026fc        0xe ./Core/Src/stm32f4xx_it.o
                0x080026fc                SVC_Handler
 .text.DebugMon_Handler
                0x0800270a        0xe ./Core/Src/stm32f4xx_it.o
                0x0800270a                DebugMon_Handler
 .text.PendSV_Handler
                0x08002718        0xe ./Core/Src/stm32f4xx_it.o
                0x08002718                PendSV_Handler
 .text.SysTick_Handler
                0x08002726        0xc ./Core/Src/stm32f4xx_it.o
                0x08002726                SysTick_Handler
 *fill*         0x08002732        0x2 
 .text.TIM1_UP_TIM10_IRQHandler
                0x08002734       0x14 ./Core/Src/stm32f4xx_it.o
                0x08002734                TIM1_UP_TIM10_IRQHandler
 .text.SPI1_IRQHandler
                0x08002748       0x14 ./Core/Src/stm32f4xx_it.o
                0x08002748                SPI1_IRQHandler
 .text.USART1_IRQHandler
                0x0800275c       0x14 ./Core/Src/stm32f4xx_it.o
                0x0800275c                USART1_IRQHandler
 .text.DMA2_Stream3_IRQHandler
                0x08002770       0x14 ./Core/Src/stm32f4xx_it.o
                0x08002770                DMA2_Stream3_IRQHandler
 .text.OTG_HS_IRQHandler
                0x08002784       0x14 ./Core/Src/stm32f4xx_it.o
                0x08002784                OTG_HS_IRQHandler
 .text._read    0x08002798       0x3a ./Core/Src/syscalls.o
                0x08002798                _read
 .text._close   0x080027d2       0x18 ./Core/Src/syscalls.o
                0x080027d2                _close
 .text._fstat   0x080027ea       0x20 ./Core/Src/syscalls.o
                0x080027ea                _fstat
 .text._isatty  0x0800280a       0x16 ./Core/Src/syscalls.o
                0x0800280a                _isatty
 .text._lseek   0x08002820       0x1a ./Core/Src/syscalls.o
                0x08002820                _lseek
 *fill*         0x0800283a        0x2 
 .text._sbrk    0x0800283c       0x6c ./Core/Src/sysmem.o
                0x0800283c                _sbrk
 .text.SystemInit
                0x080028a8       0x24 ./Core/Src/system_stm32f4xx.o
                0x080028a8                SystemInit
 .text.MX_TIM1_Init
                0x080028cc       0xa4 ./Core/Src/tim.o
                0x080028cc                MX_TIM1_Init
 .text.HAL_TIM_Base_MspInit
                0x08002970       0x50 ./Core/Src/tim.o
                0x08002970                HAL_TIM_Base_MspInit
 .text.MX_USART1_UART_Init
                0x080029c0       0x54 ./Core/Src/usart.o
                0x080029c0                MX_USART1_UART_Init
 .text.HAL_UART_MspInit
                0x08002a14       0xa0 ./Core/Src/usart.o
                0x08002a14                HAL_UART_MspInit
 .text.Reset_Handler
                0x08002ab4       0x50 ./Core/Startup/startup_stm32f446retx.o
                0x08002ab4                Reset_Handler
 .text.Default_Handler
                0x08002b04        0x2 ./Core/Startup/startup_stm32f446retx.o
                0x08002b04                RTC_Alarm_IRQHandler
                0x08002b04                EXTI2_IRQHandler
                0x08002b04                TIM8_CC_IRQHandler
                0x08002b04                FMPI2C1_EV_IRQHandler
                0x08002b04                SPI4_IRQHandler
                0x08002b04                TIM1_CC_IRQHandler
                0x08002b04                DMA2_Stream5_IRQHandler
                0x08002b04                DMA1_Stream5_IRQHandler
                0x08002b04                PVD_IRQHandler
                0x08002b04                SDIO_IRQHandler
                0x08002b04                TAMP_STAMP_IRQHandler
                0x08002b04                CAN2_RX1_IRQHandler
                0x08002b04                EXTI3_IRQHandler
                0x08002b04                TIM8_TRG_COM_TIM14_IRQHandler
                0x08002b04                TIM8_UP_TIM13_IRQHandler
                0x08002b04                I2C3_ER_IRQHandler
                0x08002b04                EXTI0_IRQHandler
                0x08002b04                I2C2_EV_IRQHandler
                0x08002b04                DMA1_Stream2_IRQHandler
                0x08002b04                CAN1_RX0_IRQHandler
                0x08002b04                FPU_IRQHandler
                0x08002b04                OTG_HS_WKUP_IRQHandler
                0x08002b04                CAN2_SCE_IRQHandler
                0x08002b04                DMA2_Stream2_IRQHandler
                0x08002b04                TIM6_DAC_IRQHandler
                0x08002b04                TIM1_BRK_TIM9_IRQHandler
                0x08002b04                DCMI_IRQHandler
                0x08002b04                CAN2_RX0_IRQHandler
                0x08002b04                SAI2_IRQHandler
                0x08002b04                USART6_IRQHandler
                0x08002b04                USART3_IRQHandler
                0x08002b04                CAN1_RX1_IRQHandler
                0x08002b04                UART5_IRQHandler
                0x08002b04                DMA2_Stream0_IRQHandler
                0x08002b04                TIM4_IRQHandler
                0x08002b04                QUADSPI_IRQHandler
                0x08002b04                I2C1_EV_IRQHandler
                0x08002b04                DMA1_Stream6_IRQHandler
                0x08002b04                DMA1_Stream1_IRQHandler
                0x08002b04                UART4_IRQHandler
                0x08002b04                TIM3_IRQHandler
                0x08002b04                RCC_IRQHandler
                0x08002b04                TIM8_BRK_TIM12_IRQHandler
                0x08002b04                Default_Handler
                0x08002b04                CEC_IRQHandler
                0x08002b04                EXTI15_10_IRQHandler
                0x08002b04                ADC_IRQHandler
                0x08002b04                DMA1_Stream7_IRQHandler
                0x08002b04                TIM7_IRQHandler
                0x08002b04                CAN2_TX_IRQHandler
                0x08002b04                TIM5_IRQHandler
                0x08002b04                DMA2_Stream7_IRQHandler
                0x08002b04                I2C3_EV_IRQHandler
                0x08002b04                EXTI9_5_IRQHandler
                0x08002b04                RTC_WKUP_IRQHandler
                0x08002b04                SPDIF_RX_IRQHandler
                0x08002b04                SPI2_IRQHandler
                0x08002b04                OTG_HS_EP1_IN_IRQHandler
                0x08002b04                DMA1_Stream0_IRQHandler
                0x08002b04                CAN1_TX_IRQHandler
                0x08002b04                FMPI2C1_ER_IRQHandler
                0x08002b04                EXTI4_IRQHandler
                0x08002b04                OTG_HS_EP1_OUT_IRQHandler
                0x08002b04                WWDG_IRQHandler
                0x08002b04                TIM2_IRQHandler
                0x08002b04                OTG_FS_WKUP_IRQHandler
                0x08002b04                TIM1_TRG_COM_TIM11_IRQHandler
                0x08002b04                EXTI1_IRQHandler
                0x08002b04                USART2_IRQHandler
                0x08002b04                I2C2_ER_IRQHandler
                0x08002b04                DMA2_Stream1_IRQHandler
                0x08002b04                CAN1_SCE_IRQHandler
                0x08002b04                FLASH_IRQHandler
                0x08002b04                DMA2_Stream4_IRQHandler
                0x08002b04                OTG_FS_IRQHandler
                0x08002b04                SPI3_IRQHandler
                0x08002b04                DMA1_Stream4_IRQHandler
                0x08002b04                I2C1_ER_IRQHandler
                0x08002b04                FMC_IRQHandler
                0x08002b04                DMA2_Stream6_IRQHandler
                0x08002b04                SAI1_IRQHandler
                0x08002b04                DMA1_Stream3_IRQHandler
 *fill*         0x08002b06        0x2 
 .text.HAL_Init
                0x08002b08       0x44 ./Drivers/STM32F4xx_HAL_Driver/Src/stm32f4xx_hal.o
                0x08002b08                HAL_Init
 .text.HAL_InitTick
                0x08002b4c       0x60 ./Drivers/STM32F4xx_HAL_Driver/Src/stm32f4xx_hal.o
                0x08002b4c                HAL_InitTick
 .text.HAL_IncTick
                0x08002bac       0x28 ./Drivers/STM32F4xx_HAL_Driver/Src/stm32f4xx_hal.o
                0x08002bac                HAL_IncTick
 .text.HAL_GetTick
                0x08002bd4       0x18 ./Drivers/STM32F4xx_HAL_Driver/Src/stm32f4xx_hal.o
                0x08002bd4                HAL_GetTick
 .text.HAL_Delay
                0x08002bec       0x48 ./Drivers/STM32F4xx_HAL_Driver/Src/stm32f4xx_hal.o
                0x08002bec                HAL_Delay
 .text.__NVIC_SetPriorityGrouping
                0x08002c34       0x48 ./Drivers/STM32F4xx_HAL_Driver/Src/stm32f4xx_hal_cortex.o
 .text.__NVIC_GetPriorityGrouping
                0x08002c7c       0x1c ./Drivers/STM32F4xx_HAL_Driver/Src/stm32f4xx_hal_cortex.o
 .text.__NVIC_EnableIRQ
                0x08002c98       0x3c ./Drivers/STM32F4xx_HAL_Driver/Src/stm32f4xx_hal_cortex.o
 .text.__NVIC_SetPriority
                0x08002cd4       0x54 ./Drivers/STM32F4xx_HAL_Driver/Src/stm32f4xx_hal_cortex.o
 .text.NVIC_EncodePriority
                0x08002d28       0x66 ./Drivers/STM32F4xx_HAL_Driver/Src/stm32f4xx_hal_cortex.o
 *fill*         0x08002d8e        0x2 
 .text.SysTick_Config
                0x08002d90       0x44 ./Drivers/STM32F4xx_HAL_Driver/Src/stm32f4xx_hal_cortex.o
 .text.HAL_NVIC_SetPriorityGrouping
                0x08002dd4       0x16 ./Drivers/STM32F4xx_HAL_Driver/Src/stm32f4xx_hal_cortex.o
                0x08002dd4                HAL_NVIC_SetPriorityGrouping
 .text.HAL_NVIC_SetPriority
                0x08002dea       0x38 ./Drivers/STM32F4xx_HAL_Driver/Src/stm32f4xx_hal_cortex.o
                0x08002dea                HAL_NVIC_SetPriority
 .text.HAL_NVIC_EnableIRQ
                0x08002e22       0x1c ./Drivers/STM32F4xx_HAL_Driver/Src/stm32f4xx_hal_cortex.o
                0x08002e22                HAL_NVIC_EnableIRQ
 .text.HAL_SYSTICK_Config
                0x08002e3e       0x18 ./Drivers/STM32F4xx_HAL_Driver/Src/stm32f4xx_hal_cortex.o
                0x08002e3e                HAL_SYSTICK_Config
 *fill*         0x08002e56        0x2 
 .text.HAL_DMA_Init
                0x08002e58      0x15c ./Drivers/STM32F4xx_HAL_Driver/Src/stm32f4xx_hal_dma.o
                0x08002e58                HAL_DMA_Init
 .text.HAL_DMA_Start_IT
                0x08002fb4       0xb0 ./Drivers/STM32F4xx_HAL_Driver/Src/stm32f4xx_hal_dma.o
                0x08002fb4                HAL_DMA_Start_IT
 .text.HAL_DMA_Abort
                0x08003064       0xe0 ./Drivers/STM32F4xx_HAL_Driver/Src/stm32f4xx_hal_dma.o
                0x08003064                HAL_DMA_Abort
 .text.HAL_DMA_Abort_IT
                0x08003144       0x44 ./Drivers/STM32F4xx_HAL_Driver/Src/stm32f4xx_hal_dma.o
                0x08003144                HAL_DMA_Abort_IT
 .text.HAL_DMA_IRQHandler
                0x08003188      0x314 ./Drivers/STM32F4xx_HAL_Driver/Src/stm32f4xx_hal_dma.o
                0x08003188                HAL_DMA_IRQHandler
 .text.HAL_DMA_GetState
                0x0800349c       0x1c ./Drivers/STM32F4xx_HAL_Driver/Src/stm32f4xx_hal_dma.o
                0x0800349c                HAL_DMA_GetState
 .text.DMA_SetConfig
                0x080034b8       0x5c ./Drivers/STM32F4xx_HAL_Driver/Src/stm32f4xx_hal_dma.o
 .text.DMA_CalcBaseAndBitshift
                0x08003514       0x6c ./Drivers/STM32F4xx_HAL_Driver/Src/stm32f4xx_hal_dma.o
 .text.DMA_CheckFifoParam
                0x08003580       0xf8 ./Drivers/STM32F4xx_HAL_Driver/Src/stm32f4xx_hal_dma.o
 .text.HAL_GPIO_Init
                0x08003678      0x328 ./Drivers/STM32F4xx_HAL_Driver/Src/stm32f4xx_hal_gpio.o
                0x08003678                HAL_GPIO_Init
 .text.HAL_GPIO_ReadPin
                0x080039a0       0x30 ./Drivers/STM32F4xx_HAL_Driver/Src/stm32f4xx_hal_gpio.o
                0x080039a0                HAL_GPIO_ReadPin
 .text.HAL_GPIO_WritePin
                0x080039d0       0x32 ./Drivers/STM32F4xx_HAL_Driver/Src/stm32f4xx_hal_gpio.o
                0x080039d0                HAL_GPIO_WritePin
 .text.HAL_PCD_Init
                0x08003a02      0x22c ./Drivers/STM32F4xx_HAL_Driver/Src/stm32f4xx_hal_pcd.o
                0x08003a02                HAL_PCD_Init
 .text.HAL_PCD_Start
                0x08003c2e       0x6a ./Drivers/STM32F4xx_HAL_Driver/Src/stm32f4xx_hal_pcd.o
                0x08003c2e                HAL_PCD_Start
 .text.HAL_PCD_IRQHandler
                0x08003c98      0x99c ./Drivers/STM32F4xx_HAL_Driver/Src/stm32f4xx_hal_pcd.o
                0x08003c98                HAL_PCD_IRQHandler
 .text.HAL_PCD_SetAddress
                0x08004634       0x48 ./Drivers/STM32F4xx_HAL_Driver/Src/stm32f4xx_hal_pcd.o
                0x08004634                HAL_PCD_SetAddress
 .text.HAL_PCD_EP_Open
                0x0800467c       0xd4 ./Drivers/STM32F4xx_HAL_Driver/Src/stm32f4xx_hal_pcd.o
                0x0800467c                HAL_PCD_EP_Open
 .text.HAL_PCD_EP_Close
                0x08004750       0x94 ./Drivers/STM32F4xx_HAL_Driver/Src/stm32f4xx_hal_pcd.o
                0x08004750                HAL_PCD_EP_Close
 .text.HAL_PCD_EP_Receive
                0x080047e4       0x76 ./Drivers/STM32F4xx_HAL_Driver/Src/stm32f4xx_hal_pcd.o
                0x080047e4                HAL_PCD_EP_Receive
 .text.HAL_PCD_EP_GetRxCount
                0x0800485a       0x30 ./Drivers/STM32F4xx_HAL_Driver/Src/stm32f4xx_hal_pcd.o
                0x0800485a                HAL_PCD_EP_GetRxCount
 .text.HAL_PCD_EP_Transmit
                0x0800488a       0x74 ./Drivers/STM32F4xx_HAL_Driver/Src/stm32f4xx_hal_pcd.o
                0x0800488a                HAL_PCD_EP_Transmit
 .text.HAL_PCD_EP_SetStall
                0x080048fe       0xc6 ./Drivers/STM32F4xx_HAL_Driver/Src/stm32f4xx_hal_pcd.o
                0x080048fe                HAL_PCD_EP_SetStall
 .text.HAL_PCD_EP_ClrStall
                0x080049c4       0xac ./Drivers/STM32F4xx_HAL_Driver/Src/stm32f4xx_hal_pcd.o
                0x080049c4                HAL_PCD_EP_ClrStall
 .text.HAL_PCD_EP_Abort
                0x08004a70       0x62 ./Drivers/STM32F4xx_HAL_Driver/Src/stm32f4xx_hal_pcd.o
                0x08004a70                HAL_PCD_EP_Abort
 .text.PCD_WriteEmptyTxFifo
                0x08004ad2      0x118 ./Drivers/STM32F4xx_HAL_Driver/Src/stm32f4xx_hal_pcd.o
 *fill*         0x08004bea        0x2 
 .text.PCD_EP_OutXfrComplete_int
                0x08004bec      0x1d0 ./Drivers/STM32F4xx_HAL_Driver/Src/stm32f4xx_hal_pcd.o
 .text.PCD_EP_OutSetupPacket_int
                0x08004dbc       0x8c ./Drivers/STM32F4xx_HAL_Driver/Src/stm32f4xx_hal_pcd.o
 .text.HAL_PCDEx_SetTxFiFo
                0x08004e48       0x8e ./Drivers/STM32F4xx_HAL_Driver/Src/stm32f4xx_hal_pcd_ex.o
                0x08004e48                HAL_PCDEx_SetTxFiFo
 .text.HAL_PCDEx_SetRxFiFo
                0x08004ed6       0x22 ./Drivers/STM32F4xx_HAL_Driver/Src/stm32f4xx_hal_pcd_ex.o
                0x08004ed6                HAL_PCDEx_SetRxFiFo
 .text.HAL_PCDEx_ActivateLPM
                0x08004ef8       0x48 ./Drivers/STM32F4xx_HAL_Driver/Src/stm32f4xx_hal_pcd_ex.o
                0x08004ef8                HAL_PCDEx_ActivateLPM
 .text.HAL_RCC_ClockConfig
                0x08004f40      0x1cc ./Drivers/STM32F4xx_HAL_Driver/Src/stm32f4xx_hal_rcc.o
                0x08004f40                HAL_RCC_ClockConfig
 .text.HAL_RCC_GetHCLKFreq
                0x0800510c       0x18 ./Drivers/STM32F4xx_HAL_Driver/Src/stm32f4xx_hal_rcc.o
                0x0800510c                HAL_RCC_GetHCLKFreq
 .text.HAL_RCC_GetPCLK1Freq
                0x08005124       0x28 ./Drivers/STM32F4xx_HAL_Driver/Src/stm32f4xx_hal_rcc.o
                0x08005124                HAL_RCC_GetPCLK1Freq
 .text.HAL_RCC_GetPCLK2Freq
                0x0800514c       0x28 ./Drivers/STM32F4xx_HAL_Driver/Src/stm32f4xx_hal_rcc.o
                0x0800514c                HAL_RCC_GetPCLK2Freq
 .text.HAL_RCCEx_PeriphCLKConfig
                0x08005174      0x654 ./Drivers/STM32F4xx_HAL_Driver/Src/stm32f4xx_hal_rcc_ex.o
                0x08005174                HAL_RCCEx_PeriphCLKConfig
 .text.HAL_RCC_GetSysClockFreq
                0x080057c8      0x45c ./Drivers/STM32F4xx_HAL_Driver/Src/stm32f4xx_hal_rcc_ex.o
                0x080057c8                HAL_RCC_GetSysClockFreq
 .text.HAL_RCC_OscConfig
                0x08005c24      0x53c ./Drivers/STM32F4xx_HAL_Driver/Src/stm32f4xx_hal_rcc_ex.o
                0x08005c24                HAL_RCC_OscConfig
 .text.HAL_SPI_Init
                0x08006160      0x112 ./Drivers/STM32F4xx_HAL_Driver/Src/stm32f4xx_hal_spi.o
                0x08006160                HAL_SPI_Init
 .text.HAL_SPI_Transmit
                0x08006272      0x288 ./Drivers/STM32F4xx_HAL_Driver/Src/stm32f4xx_hal_spi.o
                0x08006272                HAL_SPI_Transmit
 *fill*         0x080064fa        0x2 
 .text.HAL_SPI_Transmit_DMA
                0x080064fc      0x164 ./Drivers/STM32F4xx_HAL_Driver/Src/stm32f4xx_hal_spi.o
                0x080064fc                HAL_SPI_Transmit_DMA
 .text.HAL_SPI_IRQHandler
                0x08006660      0x200 ./Drivers/STM32F4xx_HAL_Driver/Src/stm32f4xx_hal_spi.o
                0x08006660                HAL_SPI_IRQHandler
 .text.HAL_SPI_TxCpltCallback
                0x08006860       0x14 ./Drivers/STM32F4xx_HAL_Driver/Src/stm32f4xx_hal_spi.o
                0x08006860                HAL_SPI_TxCpltCallback
 .text.HAL_SPI_TxHalfCpltCallback
                0x08006874       0x14 ./Drivers/STM32F4xx_HAL_Driver/Src/stm32f4xx_hal_spi.o
                0x08006874                HAL_SPI_TxHalfCpltCallback
 .text.HAL_SPI_ErrorCallback
                0x08006888       0x14 ./Drivers/STM32F4xx_HAL_Driver/Src/stm32f4xx_hal_spi.o
                0x08006888                HAL_SPI_ErrorCallback
 .text.SPI_DMATransmitCplt
                0x0800689c       0xa8 ./Drivers/STM32F4xx_HAL_Driver/Src/stm32f4xx_hal_spi.o
 .text.SPI_DMAHalfTransmitCplt
                0x08006944       0x1c ./Drivers/STM32F4xx_HAL_Driver/Src/stm32f4xx_hal_spi.o
 .text.SPI_DMAError
                0x08006960       0x40 ./Drivers/STM32F4xx_HAL_Driver/Src/stm32f4xx_hal_spi.o
 .text.SPI_DMAAbortOnError
                0x080069a0       0x28 ./Drivers/STM32F4xx_HAL_Driver/Src/stm32f4xx_hal_spi.o
 .text.SPI_WaitFlagStateUntilTimeout
                0x080069c8      0x110 ./Drivers/STM32F4xx_HAL_Driver/Src/stm32f4xx_hal_spi.o
 .text.SPI_EndRxTxTransaction
                0x08006ad8       0xa8 ./Drivers/STM32F4xx_HAL_Driver/Src/stm32f4xx_hal_spi.o
 .text.HAL_TIM_Base_Init
                0x08006b80       0x9e ./Drivers/STM32F4xx_HAL_Driver/Src/stm32f4xx_hal_tim.o
                0x08006b80                HAL_TIM_Base_Init
 *fill*         0x08006c1e        0x2 
 .text.HAL_TIM_Base_Start_IT
                0x08006c20       0xe0 ./Drivers/STM32F4xx_HAL_Driver/Src/stm32f4xx_hal_tim.o
                0x08006c20                HAL_TIM_Base_Start_IT
 .text.HAL_TIM_IRQHandler
                0x08006d00      0x1e0 ./Drivers/STM32F4xx_HAL_Driver/Src/stm32f4xx_hal_tim.o
                0x08006d00                HAL_TIM_IRQHandler
 .text.HAL_TIM_ConfigClockSource
                0x08006ee0      0x18e ./Drivers/STM32F4xx_HAL_Driver/Src/stm32f4xx_hal_tim.o
                0x08006ee0                HAL_TIM_ConfigClockSource
 .text.HAL_TIM_OC_DelayElapsedCallback
                0x0800706e       0x14 ./Drivers/STM32F4xx_HAL_Driver/Src/stm32f4xx_hal_tim.o
                0x0800706e                HAL_TIM_OC_DelayElapsedCallback
 .text.HAL_TIM_IC_CaptureCallback
                0x08007082       0x14 ./Drivers/STM32F4xx_HAL_Driver/Src/stm32f4xx_hal_tim.o
                0x08007082                HAL_TIM_IC_CaptureCallback
 .text.HAL_TIM_PWM_PulseFinishedCallback
                0x08007096       0x14 ./Drivers/STM32F4xx_HAL_Driver/Src/stm32f4xx_hal_tim.o
                0x08007096                HAL_TIM_PWM_PulseFinishedCallback
 .text.HAL_TIM_TriggerCallback
                0x080070aa       0x14 ./Drivers/STM32F4xx_HAL_Driver/Src/stm32f4xx_hal_tim.o
                0x080070aa                HAL_TIM_TriggerCallback
 *fill*         0x080070be        0x2 
 .text.TIM_Base_SetConfig
                0x080070c0      0x14c ./Drivers/STM32F4xx_HAL_Driver/Src/stm32f4xx_hal_tim.o
                0x080070c0                TIM_Base_SetConfig
 .text.TIM_TI1_ConfigInputStage
                0x0800720c       0x5e ./Drivers/STM32F4xx_HAL_Driver/Src/stm32f4xx_hal_tim.o
 .text.TIM_TI2_ConfigInputStage
                0x0800726a       0x60 ./Drivers/STM32F4xx_HAL_Driver/Src/stm32f4xx_hal_tim.o
 .text.TIM_ITRx_SetConfig
                0x080072ca       0x36 ./Drivers/STM32F4xx_HAL_Driver/Src/stm32f4xx_hal_tim.o
 .text.TIM_ETR_SetConfig
                0x08007300       0x40 ./Drivers/STM32F4xx_HAL_Driver/Src/stm32f4xx_hal_tim.o
                0x08007300                TIM_ETR_SetConfig
 .text.HAL_TIMEx_MasterConfigSynchronization
                0x08007340       0xf8 ./Drivers/STM32F4xx_HAL_Driver/Src/stm32f4xx_hal_tim_ex.o
                0x08007340                HAL_TIMEx_MasterConfigSynchronization
 .text.HAL_TIMEx_CommutCallback
                0x08007438       0x14 ./Drivers/STM32F4xx_HAL_Driver/Src/stm32f4xx_hal_tim_ex.o
                0x08007438                HAL_TIMEx_CommutCallback
 .text.HAL_TIMEx_BreakCallback
                0x0800744c       0x14 ./Drivers/STM32F4xx_HAL_Driver/Src/stm32f4xx_hal_tim_ex.o
                0x0800744c                HAL_TIMEx_BreakCallback
 .text.HAL_UART_Init
                0x08007460       0xa0 ./Drivers/STM32F4xx_HAL_Driver/Src/stm32f4xx_hal_uart.o
                0x08007460                HAL_UART_Init
 .text.HAL_UART_Transmit
                0x08007500      0x116 ./Drivers/STM32F4xx_HAL_Driver/Src/stm32f4xx_hal_uart.o
                0x08007500                HAL_UART_Transmit
 .text.HAL_UART_Receive_IT
                0x08007616       0x4a ./Drivers/STM32F4xx_HAL_Driver/Src/stm32f4xx_hal_uart.o
                0x08007616                HAL_UART_Receive_IT
 .text.HAL_UART_IRQHandler
                0x08007660      0x554 ./Drivers/STM32F4xx_HAL_Driver/Src/stm32f4xx_hal_uart.o
                0x08007660                HAL_UART_IRQHandler
 .text.HAL_UART_TxCpltCallback
                0x08007bb4       0x14 ./Drivers/STM32F4xx_HAL_Driver/Src/stm32f4xx_hal_uart.o
                0x08007bb4                HAL_UART_TxCpltCallback
 .text.HAL_UART_ErrorCallback
                0x08007bc8       0x14 ./Drivers/STM32F4xx_HAL_Driver/Src/stm32f4xx_hal_uart.o
                0x08007bc8                HAL_UART_ErrorCallback
 .text.HAL_UARTEx_RxEventCallback
                0x08007bdc       0x18 ./Drivers/STM32F4xx_HAL_Driver/Src/stm32f4xx_hal_uart.o
                0x08007bdc                HAL_UARTEx_RxEventCallback
 .text.UART_WaitOnFlagUntilTimeout
                0x08007bf4       0xb2 ./Drivers/STM32F4xx_HAL_Driver/Src/stm32f4xx_hal_uart.o
 .text.UART_Start_Receive_IT
                0x08007ca6       0x74 ./Drivers/STM32F4xx_HAL_Driver/Src/stm32f4xx_hal_uart.o
                0x08007ca6                UART_Start_Receive_IT
 .text.UART_EndRxTransfer
                0x08007d1a       0xc6 ./Drivers/STM32F4xx_HAL_Driver/Src/stm32f4xx_hal_uart.o
 .text.UART_DMAAbortOnError
                0x08007de0       0x22 ./Drivers/STM32F4xx_HAL_Driver/Src/stm32f4xx_hal_uart.o
 .text.UART_Transmit_IT
                0x08007e02       0xa0 ./Drivers/STM32F4xx_HAL_Driver/Src/stm32f4xx_hal_uart.o
 .text.UART_EndTransmit_IT
                0x08007ea2       0x30 ./Drivers/STM32F4xx_HAL_Driver/Src/stm32f4xx_hal_uart.o
 .text.UART_Receive_IT
                0x08007ed2      0x17c ./Drivers/STM32F4xx_HAL_Driver/Src/stm32f4xx_hal_uart.o
 *fill*         0x0800804e        0x2 
 .text.UART_SetConfig
                0x08008050      0x4e8 ./Drivers/STM32F4xx_HAL_Driver/Src/stm32f4xx_hal_uart.o
 .text.USB_CoreInit
                0x08008538       0xc8 ./Drivers/STM32F4xx_HAL_Driver/Src/stm32f4xx_ll_usb.o
                0x08008538                USB_CoreInit
 .text.USB_SetTurnaroundTime
                0x08008600      0x144 ./Drivers/STM32F4xx_HAL_Driver/Src/stm32f4xx_ll_usb.o
                0x08008600                USB_SetTurnaroundTime
 .text.USB_EnableGlobalInt
                0x08008744       0x22 ./Drivers/STM32F4xx_HAL_Driver/Src/stm32f4xx_ll_usb.o
                0x08008744                USB_EnableGlobalInt
 .text.USB_DisableGlobalInt
                0x08008766       0x22 ./Drivers/STM32F4xx_HAL_Driver/Src/stm32f4xx_ll_usb.o
                0x08008766                USB_DisableGlobalInt
 .text.USB_SetCurrentMode
                0x08008788       0x98 ./Drivers/STM32F4xx_HAL_Driver/Src/stm32f4xx_ll_usb.o
                0x08008788                USB_SetCurrentMode
 .text.USB_DevInit
                0x08008820      0x2bc ./Drivers/STM32F4xx_HAL_Driver/Src/stm32f4xx_ll_usb.o
                0x08008820                USB_DevInit
 .text.USB_FlushTxFifo
                0x08008adc       0x64 ./Drivers/STM32F4xx_HAL_Driver/Src/stm32f4xx_ll_usb.o
                0x08008adc                USB_FlushTxFifo
 .text.USB_FlushRxFifo
                0x08008b40       0x5c ./Drivers/STM32F4xx_HAL_Driver/Src/stm32f4xx_ll_usb.o
                0x08008b40                USB_FlushRxFifo
 .text.USB_SetDevSpeed
                0x08008b9c       0x32 ./Drivers/STM32F4xx_HAL_Driver/Src/stm32f4xx_ll_usb.o
                0x08008b9c                USB_SetDevSpeed
 .text.USB_GetDevSpeed
                0x08008bce       0x4a ./Drivers/STM32F4xx_HAL_Driver/Src/stm32f4xx_ll_usb.o
                0x08008bce                USB_GetDevSpeed
 .text.USB_ActivateEndpoint
                0x08008c18      0x10e ./Drivers/STM32F4xx_HAL_Driver/Src/stm32f4xx_ll_usb.o
                0x08008c18                USB_ActivateEndpoint
 *fill*         0x08008d26        0x2 
 .text.USB_DeactivateEndpoint
                0x08008d28      0x1b8 ./Drivers/STM32F4xx_HAL_Driver/Src/stm32f4xx_ll_usb.o
                0x08008d28                USB_DeactivateEndpoint
 .text.USB_EPStartXfer
                0x08008ee0      0x53c ./Drivers/STM32F4xx_HAL_Driver/Src/stm32f4xx_ll_usb.o
                0x08008ee0                USB_EPStartXfer
 .text.USB_EPStopXfer
                0x0800941c      0x154 ./Drivers/STM32F4xx_HAL_Driver/Src/stm32f4xx_ll_usb.o
                0x0800941c                USB_EPStopXfer
 .text.USB_WritePacket
                0x08009570       0x7c ./Drivers/STM32F4xx_HAL_Driver/Src/stm32f4xx_ll_usb.o
                0x08009570                USB_WritePacket
 .text.USB_ReadPacket
                0x080095ec       0xb0 ./Drivers/STM32F4xx_HAL_Driver/Src/stm32f4xx_ll_usb.o
                0x080095ec                USB_ReadPacket
 .text.USB_EPSetStall
                0x0800969c       0xdc ./Drivers/STM32F4xx_HAL_Driver/Src/stm32f4xx_ll_usb.o
                0x0800969c                USB_EPSetStall
 .text.USB_EPClearStall
                0x08009778       0xcc ./Drivers/STM32F4xx_HAL_Driver/Src/stm32f4xx_ll_usb.o
                0x08009778                USB_EPClearStall
 .text.USB_SetDevAddress
                0x08009844       0x4c ./Drivers/STM32F4xx_HAL_Driver/Src/stm32f4xx_ll_usb.o
                0x08009844                USB_SetDevAddress
 .text.USB_DevConnect
                0x08009890       0x42 ./Drivers/STM32F4xx_HAL_Driver/Src/stm32f4xx_ll_usb.o
                0x08009890                USB_DevConnect
 .text.USB_DevDisconnect
                0x080098d2       0x42 ./Drivers/STM32F4xx_HAL_Driver/Src/stm32f4xx_ll_usb.o
                0x080098d2                USB_DevDisconnect
 .text.USB_ReadInterrupts
                0x08009914       0x26 ./Drivers/STM32F4xx_HAL_Driver/Src/stm32f4xx_ll_usb.o
                0x08009914                USB_ReadInterrupts
 .text.USB_ReadDevAllOutEpInterrupt
                0x0800993a       0x34 ./Drivers/STM32F4xx_HAL_Driver/Src/stm32f4xx_ll_usb.o
                0x0800993a                USB_ReadDevAllOutEpInterrupt
 .text.USB_ReadDevAllInEpInterrupt
                0x0800996e       0x34 ./Drivers/STM32F4xx_HAL_Driver/Src/stm32f4xx_ll_usb.o
                0x0800996e                USB_ReadDevAllInEpInterrupt
 .text.USB_ReadDevOutEPInterrupt
                0x080099a2       0x3c ./Drivers/STM32F4xx_HAL_Driver/Src/stm32f4xx_ll_usb.o
                0x080099a2                USB_ReadDevOutEPInterrupt
 .text.USB_ReadDevInEPInterrupt
                0x080099de       0x5c ./Drivers/STM32F4xx_HAL_Driver/Src/stm32f4xx_ll_usb.o
                0x080099de                USB_ReadDevInEPInterrupt
 .text.USB_GetMode
                0x08009a3a       0x1c ./Drivers/STM32F4xx_HAL_Driver/Src/stm32f4xx_ll_usb.o
                0x08009a3a                USB_GetMode
 .text.USB_ActivateSetup
                0x08009a56       0x46 ./Drivers/STM32F4xx_HAL_Driver/Src/stm32f4xx_ll_usb.o
                0x08009a56                USB_ActivateSetup
 .text.USB_EP0_OutStart
                0x08009a9c       0xbc ./Drivers/STM32F4xx_HAL_Driver/Src/stm32f4xx_ll_usb.o
                0x08009a9c                USB_EP0_OutStart
 .text.USB_CoreReset
                0x08009b58       0x70 ./Drivers/STM32F4xx_HAL_Driver/Src/stm32f4xx_ll_usb.o
 .text.USBD_CDC_Init
                0x08009bc8      0x1f0 ./Middlewares/ST/STM32_USB_Device_Library/Class/CDC/Src/usbd_cdc.o
 .text.USBD_CDC_DeInit
                0x08009db8      0x104 ./Middlewares/ST/STM32_USB_Device_Library/Class/CDC/Src/usbd_cdc.o
 .text.USBD_CDC_Setup
                0x08009ebc      0x1b8 ./Middlewares/ST/STM32_USB_Device_Library/Class/CDC/Src/usbd_cdc.o
 .text.USBD_CDC_DataIn
                0x0800a074       0xfe ./Middlewares/ST/STM32_USB_Device_Library/Class/CDC/Src/usbd_cdc.o
 .text.USBD_CDC_DataOut
                0x0800a172       0x70 ./Middlewares/ST/STM32_USB_Device_Library/Class/CDC/Src/usbd_cdc.o
 .text.USBD_CDC_EP0_RxReady
                0x0800a1e2       0x74 ./Middlewares/ST/STM32_USB_Device_Library/Class/CDC/Src/usbd_cdc.o
 *fill*         0x0800a256        0x2 
 .text.USBD_CDC_GetFSCfgDesc
                0x0800a258       0x70 ./Middlewares/ST/STM32_USB_Device_Library/Class/CDC/Src/usbd_cdc.o
 .text.USBD_CDC_GetHSCfgDesc
                0x0800a2c8       0x70 ./Middlewares/ST/STM32_USB_Device_Library/Class/CDC/Src/usbd_cdc.o
 .text.USBD_CDC_GetOtherSpeedCfgDesc
                0x0800a338       0x70 ./Middlewares/ST/STM32_USB_Device_Library/Class/CDC/Src/usbd_cdc.o
 .text.USBD_CDC_GetDeviceQualifierDescriptor
                0x0800a3a8       0x20 ./Middlewares/ST/STM32_USB_Device_Library/Class/CDC/Src/usbd_cdc.o
                0x0800a3a8                USBD_CDC_GetDeviceQualifierDescriptor
 .text.USBD_CDC_RegisterInterface
                0x0800a3c8       0x34 ./Middlewares/ST/STM32_USB_Device_Library/Class/CDC/Src/usbd_cdc.o
                0x0800a3c8                USBD_CDC_RegisterInterface
 .text.USBD_CDC_SetTxBuffer
                0x0800a3fc       0x44 ./Middlewares/ST/STM32_USB_Device_Library/Class/CDC/Src/usbd_cdc.o
                0x0800a3fc                USBD_CDC_SetTxBuffer
 .text.USBD_CDC_SetRxBuffer
                0x0800a440       0x3a ./Middlewares/ST/STM32_USB_Device_Library/Class/CDC/Src/usbd_cdc.o
                0x0800a440                USBD_CDC_SetRxBuffer
 *fill*         0x0800a47a        0x2 
 .text.USBD_CDC_TransmitPacket
                0x0800a47c       0x80 ./Middlewares/ST/STM32_USB_Device_Library/Class/CDC/Src/usbd_cdc.o
                0x0800a47c                USBD_CDC_TransmitPacket
 .text.USBD_CDC_ReceivePacket
                0x0800a4fc       0x6c ./Middlewares/ST/STM32_USB_Device_Library/Class/CDC/Src/usbd_cdc.o
                0x0800a4fc                USBD_CDC_ReceivePacket
 .text.USBD_Init
                0x0800a568       0x60 ./Middlewares/ST/STM32_USB_Device_Library/Core/Src/usbd_core.o
                0x0800a568                USBD_Init
 .text.USBD_RegisterClass
                0x0800a5c8       0x6c ./Middlewares/ST/STM32_USB_Device_Library/Core/Src/usbd_core.o
                0x0800a5c8                USBD_RegisterClass
 .text.USBD_Start
                0x0800a634       0x18 ./Middlewares/ST/STM32_USB_Device_Library/Core/Src/usbd_core.o
                0x0800a634                USBD_Start
 .text.USBD_RunTestMode
                0x0800a64c       0x16 ./Middlewares/ST/STM32_USB_Device_Library/Core/Src/usbd_core.o
                0x0800a64c                USBD_RunTestMode
 .text.USBD_SetClassConfig
                0x0800a662       0x38 ./Middlewares/ST/STM32_USB_Device_Library/Core/Src/usbd_core.o
                0x0800a662                USBD_SetClassConfig
 .text.USBD_ClrClassConfig
                0x0800a69a       0x34 ./Middlewares/ST/STM32_USB_Device_Library/Core/Src/usbd_core.o
                0x0800a69a                USBD_ClrClassConfig
 .text.USBD_LL_SetupStage
                0x0800a6ce       0xaa ./Middlewares/ST/STM32_USB_Device_Library/Core/Src/usbd_core.o
                0x0800a6ce                USBD_LL_SetupStage
 .text.USBD_LL_DataOutStage
                0x0800a778      0x178 ./Middlewares/ST/STM32_USB_Device_Library/Core/Src/usbd_core.o
                0x0800a778                USBD_LL_DataOutStage
 .text.USBD_LL_DataInStage
                0x0800a8f0      0x176 ./Middlewares/ST/STM32_USB_Device_Library/Core/Src/usbd_core.o
                0x0800a8f0                USBD_LL_DataInStage
 .text.USBD_LL_Reset
                0x0800aa66       0xa6 ./Middlewares/ST/STM32_USB_Device_Library/Core/Src/usbd_core.o
                0x0800aa66                USBD_LL_Reset
 .text.USBD_LL_SetSpeed
                0x0800ab0c       0x20 ./Middlewares/ST/STM32_USB_Device_Library/Core/Src/usbd_core.o
                0x0800ab0c                USBD_LL_SetSpeed
 .text.USBD_LL_Suspend
                0x0800ab2c       0x38 ./Middlewares/ST/STM32_USB_Device_Library/Core/Src/usbd_core.o
                0x0800ab2c                USBD_LL_Suspend
 .text.USBD_LL_Resume
                0x0800ab64       0x30 ./Middlewares/ST/STM32_USB_Device_Library/Core/Src/usbd_core.o
                0x0800ab64                USBD_LL_Resume
 .text.USBD_LL_SOF
                0x0800ab94       0x40 ./Middlewares/ST/STM32_USB_Device_Library/Core/Src/usbd_core.o
                0x0800ab94                USBD_LL_SOF
 .text.USBD_LL_IsoINIncomplete
                0x0800abd4       0x64 ./Middlewares/ST/STM32_USB_Device_Library/Core/Src/usbd_core.o
                0x0800abd4                USBD_LL_IsoINIncomplete
 .text.USBD_LL_IsoOUTIncomplete
                0x0800ac38       0x64 ./Middlewares/ST/STM32_USB_Device_Library/Core/Src/usbd_core.o
                0x0800ac38                USBD_LL_IsoOUTIncomplete
 .text.USBD_LL_DevConnected
                0x0800ac9c       0x16 ./Middlewares/ST/STM32_USB_Device_Library/Core/Src/usbd_core.o
                0x0800ac9c                USBD_LL_DevConnected
 .text.USBD_LL_DevDisconnected
                0x0800acb2       0x46 ./Middlewares/ST/STM32_USB_Device_Library/Core/Src/usbd_core.o
                0x0800acb2                USBD_LL_DevDisconnected
 .text.USBD_CoreFindIF
                0x0800acf8       0x1a ./Middlewares/ST/STM32_USB_Device_Library/Core/Src/usbd_core.o
                0x0800acf8                USBD_CoreFindIF
 .text.USBD_CoreFindEP
                0x0800ad12       0x1a ./Middlewares/ST/STM32_USB_Device_Library/Core/Src/usbd_core.o
                0x0800ad12                USBD_CoreFindEP
 .text.USBD_GetEpDesc
                0x0800ad2c       0x70 ./Middlewares/ST/STM32_USB_Device_Library/Core/Src/usbd_core.o
                0x0800ad2c                USBD_GetEpDesc
 .text.USBD_GetNextDesc
                0x0800ad9c       0x38 ./Middlewares/ST/STM32_USB_Device_Library/Core/Src/usbd_core.o
                0x0800ad9c                USBD_GetNextDesc
 .text.SWAPBYTE
                0x0800add4       0x3e ./Middlewares/ST/STM32_USB_Device_Library/Core/Src/usbd_ctlreq.o
 *fill*         0x0800ae12        0x2 
 .text.USBD_StdDevReq
                0x0800ae14       0xe4 ./Middlewares/ST/STM32_USB_Device_Library/Core/Src/usbd_ctlreq.o
                0x0800ae14                USBD_StdDevReq
 .text.USBD_StdItfReq
                0x0800aef8       0xd8 ./Middlewares/ST/STM32_USB_Device_Library/Core/Src/usbd_ctlreq.o
                0x0800aef8                USBD_StdItfReq
 .text.USBD_StdEPReq
                0x0800afd0      0x33e ./Middlewares/ST/STM32_USB_Device_Library/Core/Src/usbd_ctlreq.o
                0x0800afd0                USBD_StdEPReq
 *fill*         0x0800b30e        0x2 
 .text.USBD_GetDescriptor
                0x0800b310      0x328 ./Middlewares/ST/STM32_USB_Device_Library/Core/Src/usbd_ctlreq.o
 .text.USBD_SetAddress
                0x0800b638       0x88 ./Middlewares/ST/STM32_USB_Device_Library/Core/Src/usbd_ctlreq.o
 .text.USBD_SetConfig
                0x0800b6c0      0x154 ./Middlewares/ST/STM32_USB_Device_Library/Core/Src/usbd_ctlreq.o
 .text.USBD_GetConfig
                0x0800b814       0x6c ./Middlewares/ST/STM32_USB_Device_Library/Core/Src/usbd_ctlreq.o
 .text.USBD_GetStatus
                0x0800b880       0x68 ./Middlewares/ST/STM32_USB_Device_Library/Core/Src/usbd_ctlreq.o
 .text.USBD_SetFeature
                0x0800b8e8       0x52 ./Middlewares/ST/STM32_USB_Device_Library/Core/Src/usbd_ctlreq.o
 .text.USBD_ClrFeature
                0x0800b93a       0x44 ./Middlewares/ST/STM32_USB_Device_Library/Core/Src/usbd_ctlreq.o
 .text.USBD_ParseSetupRequest
                0x0800b97e       0x74 ./Middlewares/ST/STM32_USB_Device_Library/Core/Src/usbd_ctlreq.o
                0x0800b97e                USBD_ParseSetupRequest
 .text.USBD_CtlError
                0x0800b9f2       0x22 ./Middlewares/ST/STM32_USB_Device_Library/Core/Src/usbd_ctlreq.o
                0x0800b9f2                USBD_CtlError
 .text.USBD_GetString
                0x0800ba14       0xa4 ./Middlewares/ST/STM32_USB_Device_Library/Core/Src/usbd_ctlreq.o
                0x0800ba14                USBD_GetString
 .text.USBD_GetLen
                0x0800bab8       0x34 ./Middlewares/ST/STM32_USB_Device_Library/Core/Src/usbd_ctlreq.o
 .text.USBD_CtlSendData
                0x0800baec       0x3c ./Middlewares/ST/STM32_USB_Device_Library/Core/Src/usbd_ioreq.o
                0x0800baec                USBD_CtlSendData
 .text.USBD_CtlContinueSendData
                0x0800bb28       0x22 ./Middlewares/ST/STM32_USB_Device_Library/Core/Src/usbd_ioreq.o
                0x0800bb28                USBD_CtlContinueSendData
 .text.USBD_CtlPrepareRx
                0x0800bb4a       0x42 ./Middlewares/ST/STM32_USB_Device_Library/Core/Src/usbd_ioreq.o
                0x0800bb4a                USBD_CtlPrepareRx
 .text.USBD_CtlContinueRx
                0x0800bb8c       0x22 ./Middlewares/ST/STM32_USB_Device_Library/Core/Src/usbd_ioreq.o
                0x0800bb8c                USBD_CtlContinueRx
 .text.USBD_CtlSendStatus
                0x0800bbae       0x26 ./Middlewares/ST/STM32_USB_Device_Library/Core/Src/usbd_ioreq.o
                0x0800bbae                USBD_CtlSendStatus
 .text.USBD_CtlReceiveStatus
                0x0800bbd4       0x26 ./Middlewares/ST/STM32_USB_Device_Library/Core/Src/usbd_ioreq.o
                0x0800bbd4                USBD_CtlReceiveStatus
 *fill*         0x0800bbfa        0x2 
 .text.MX_USB_DEVICE_Init
                0x0800bbfc       0x60 ./USB_DEVICE/App/usb_device.o
                0x0800bbfc                MX_USB_DEVICE_Init
 .text.CDC_Init_HS
                0x0800bc5c       0x28 ./USB_DEVICE/App/usbd_cdc_if.o
 .text.CDC_DeInit_HS
                0x0800bc84       0x10 ./USB_DEVICE/App/usbd_cdc_if.o
 .text.CDC_Control_HS
                0x0800bc94       0xbc ./USB_DEVICE/App/usbd_cdc_if.o
 .text.CDC_Receive_HS
                0x0800bd50       0x28 ./USB_DEVICE/App/usbd_cdc_if.o
 .text.CDC_Transmit_HS
                0x0800bd78       0x4c ./USB_DEVICE/App/usbd_cdc_if.o
                0x0800bd78                CDC_Transmit_HS
 .text.CDC_TransmitCplt_HS
                0x0800bdc4       0x22 ./USB_DEVICE/App/usbd_cdc_if.o
 *fill*         0x0800bde6        0x2 
 .text.USBD_HS_DeviceDescriptor
                0x0800bde8       0x24 ./USB_DEVICE/App/usbd_desc.o
                0x0800bde8                USBD_HS_DeviceDescriptor
 .text.USBD_HS_LangIDStrDescriptor
                0x0800be0c       0x24 ./USB_DEVICE/App/usbd_desc.o
                0x0800be0c                USBD_HS_LangIDStrDescriptor
 .text.USBD_HS_ProductStrDescriptor
                0x0800be30       0x3c ./USB_DEVICE/App/usbd_desc.o
                0x0800be30                USBD_HS_ProductStrDescriptor
 .text.USBD_HS_ManufacturerStrDescriptor
                0x0800be6c       0x28 ./USB_DEVICE/App/usbd_desc.o
                0x0800be6c                USBD_HS_ManufacturerStrDescriptor
 .text.USBD_HS_SerialStrDescriptor
                0x0800be94       0x24 ./USB_DEVICE/App/usbd_desc.o
                0x0800be94                USBD_HS_SerialStrDescriptor
 .text.USBD_HS_ConfigStrDescriptor
                0x0800beb8       0x3c ./USB_DEVICE/App/usbd_desc.o
                0x0800beb8                USBD_HS_ConfigStrDescriptor
 .text.USBD_HS_InterfaceStrDescriptor
                0x0800bef4       0x3c ./USB_DEVICE/App/usbd_desc.o
                0x0800bef4                USBD_HS_InterfaceStrDescriptor
 .text.USBD_HS_USR_BOSDescriptor
                0x0800bf30       0x24 ./USB_DEVICE/App/usbd_desc.o
                0x0800bf30                USBD_HS_USR_BOSDescriptor
 .text.Get_SerialNum
                0x0800bf54       0x58 ./USB_DEVICE/App/usbd_desc.o
 .text.IntToUnicode
                0x0800bfac       0x7e ./USB_DEVICE/App/usbd_desc.o
 *fill*         0x0800c02a        0x2 
 .text.HAL_PCD_MspInit
                0x0800c02c       0xe8 ./USB_DEVICE/Target/usbd_conf.o
                0x0800c02c                HAL_PCD_MspInit
 .text.HAL_PCD_SetupStageCallback
                0x0800c114       0x24 ./USB_DEVICE/Target/usbd_conf.o
                0x0800c114                HAL_PCD_SetupStageCallback
 .text.HAL_PCD_DataOutStageCallback
                0x0800c138       0x36 ./USB_DEVICE/Target/usbd_conf.o
                0x0800c138                HAL_PCD_DataOutStageCallback
 .text.HAL_PCD_DataInStageCallback
                0x0800c16e       0x34 ./USB_DEVICE/Target/usbd_conf.o
                0x0800c16e                HAL_PCD_DataInStageCallback
 .text.HAL_PCD_SOFCallback
                0x0800c1a2       0x1c ./USB_DEVICE/Target/usbd_conf.o
                0x0800c1a2                HAL_PCD_SOFCallback
 .text.HAL_PCD_ResetCallback
                0x0800c1be       0x50 ./USB_DEVICE/Target/usbd_conf.o
                0x0800c1be                HAL_PCD_ResetCallback
 *fill*         0x0800c20e        0x2 
 .text.HAL_PCD_SuspendCallback
                0x0800c210       0x4c ./USB_DEVICE/Target/usbd_conf.o
                0x0800c210                HAL_PCD_SuspendCallback
 .text.HAL_PCD_ResumeCallback
                0x0800c25c       0x1c ./USB_DEVICE/Target/usbd_conf.o
                0x0800c25c                HAL_PCD_ResumeCallback
 .text.HAL_PCD_ISOOUTIncompleteCallback
                0x0800c278       0x24 ./USB_DEVICE/Target/usbd_conf.o
                0x0800c278                HAL_PCD_ISOOUTIncompleteCallback
 .text.HAL_PCD_ISOINIncompleteCallback
                0x0800c29c       0x24 ./USB_DEVICE/Target/usbd_conf.o
                0x0800c29c                HAL_PCD_ISOINIncompleteCallback
 .text.HAL_PCD_ConnectCallback
                0x0800c2c0       0x1c ./USB_DEVICE/Target/usbd_conf.o
                0x0800c2c0                HAL_PCD_ConnectCallback
 .text.HAL_PCD_DisconnectCallback
                0x0800c2dc       0x1c ./USB_DEVICE/Target/usbd_conf.o
                0x0800c2dc                HAL_PCD_DisconnectCallback
 .text.USBD_LL_Init
                0x0800c2f8       0xa4 ./USB_DEVICE/Target/usbd_conf.o
                0x0800c2f8                USBD_LL_Init
 .text.USBD_LL_Start
                0x0800c39c       0x36 ./USB_DEVICE/Target/usbd_conf.o
                0x0800c39c                USBD_LL_Start
 .text.USBD_LL_OpenEP
                0x0800c3d2       0x4c ./USB_DEVICE/Target/usbd_conf.o
                0x0800c3d2                USBD_LL_OpenEP
 .text.USBD_LL_CloseEP
                0x0800c41e       0x3e ./USB_DEVICE/Target/usbd_conf.o
                0x0800c41e                USBD_LL_CloseEP
 .text.USBD_LL_StallEP
                0x0800c45c       0x3e ./USB_DEVICE/Target/usbd_conf.o
                0x0800c45c                USBD_LL_StallEP
 .text.USBD_LL_ClearStallEP
                0x0800c49a       0x3e ./USB_DEVICE/Target/usbd_conf.o
                0x0800c49a                USBD_LL_ClearStallEP
 .text.USBD_LL_IsStallEP
                0x0800c4d8       0x58 ./USB_DEVICE/Target/usbd_conf.o
                0x0800c4d8                USBD_LL_IsStallEP
 .text.USBD_LL_SetUSBAddress
                0x0800c530       0x3e ./USB_DEVICE/Target/usbd_conf.o
                0x0800c530                USBD_LL_SetUSBAddress
 .text.USBD_LL_Transmit
                0x0800c56e       0x42 ./USB_DEVICE/Target/usbd_conf.o
                0x0800c56e                USBD_LL_Transmit
 .text.USBD_LL_PrepareReceive
                0x0800c5b0       0x42 ./USB_DEVICE/Target/usbd_conf.o
                0x0800c5b0                USBD_LL_PrepareReceive
 .text.USBD_LL_GetRxDataSize
                0x0800c5f2       0x26 ./USB_DEVICE/Target/usbd_conf.o
                0x0800c5f2                USBD_LL_GetRxDataSize
 .text.HAL_PCDEx_LPM_Callback
                0x0800c618       0x9c ./USB_DEVICE/Target/usbd_conf.o
                0x0800c618                HAL_PCDEx_LPM_Callback
 .text.USBD_static_malloc
                0x0800c6b4       0x1c ./USB_DEVICE/Target/usbd_conf.o
                0x0800c6b4                USBD_static_malloc
 .text.USBD_static_free
                0x0800c6d0       0x14 ./USB_DEVICE/Target/usbd_conf.o
                0x0800c6d0                USBD_static_free
 .text.USBD_Get_USB_Status
                0x0800c6e4       0x58 ./USB_DEVICE/Target/usbd_conf.o
                0x0800c6e4                USBD_Get_USB_Status
 .text.malloc   0x0800c73c       0x10 C:/ST/STM32CubeIDE_1.19.0/STM32CubeIDE/plugins/com.st.stm32cube.ide.mcu.externaltools.gnu-tools-for-stm32.13.3.rel1.win32_1.0.0.202411081344/tools/bin/../lib/gcc/arm-none-eabi/13.3.1/../../../../arm-none-eabi/lib/thumb/v7e-m+fp/hard\libc_nano.a(libc_a-malloc.o)
                0x0800c73c                malloc
 .text.sbrk_aligned
                0x0800c74c       0x44 C:/ST/STM32CubeIDE_1.19.0/STM32CubeIDE/plugins/com.st.stm32cube.ide.mcu.externaltools.gnu-tools-for-stm32.13.3.rel1.win32_1.0.0.202411081344/tools/bin/../lib/gcc/arm-none-eabi/13.3.1/../../../../arm-none-eabi/lib/thumb/v7e-m+fp/hard\libc_nano.a(libc_a-mallocr.o)
 .text._malloc_r
                0x0800c790      0x100 C:/ST/STM32CubeIDE_1.19.0/STM32CubeIDE/plugins/com.st.stm32cube.ide.mcu.externaltools.gnu-tools-for-stm32.13.3.rel1.win32_1.0.0.202411081344/tools/bin/../lib/gcc/arm-none-eabi/13.3.1/../../../../arm-none-eabi/lib/thumb/v7e-m+fp/hard\libc_nano.a(libc_a-mallocr.o)
                0x0800c790                _malloc_r
 .text.__malloc_lock
                0x0800c890        0xc C:/ST/STM32CubeIDE_1.19.0/STM32CubeIDE/plugins/com.st.stm32cube.ide.mcu.externaltools.gnu-tools-for-stm32.13.3.rel1.win32_1.0.0.202411081344/tools/bin/../lib/gcc/arm-none-eabi/13.3.1/../../../../arm-none-eabi/lib/thumb/v7e-m+fp/hard\libc_nano.a(libc_a-mlock.o)
                0x0800c890                __malloc_lock
 .text.__malloc_unlock
                0x0800c89c        0xc C:/ST/STM32CubeIDE_1.19.0/STM32CubeIDE/plugins/com.st.stm32cube.ide.mcu.externaltools.gnu-tools-for-stm32.13.3.rel1.win32_1.0.0.202411081344/tools/bin/../lib/gcc/arm-none-eabi/13.3.1/../../../../arm-none-eabi/lib/thumb/v7e-m+fp/hard\libc_nano.a(libc_a-mlock.o)
                0x0800c89c                __malloc_unlock
 .text.std      0x0800c8a8       0x6c C:/ST/STM32CubeIDE_1.19.0/STM32CubeIDE/plugins/com.st.stm32cube.ide.mcu.externaltools.gnu-tools-for-stm32.13.3.rel1.win32_1.0.0.202411081344/tools/bin/../lib/gcc/arm-none-eabi/13.3.1/../../../../arm-none-eabi/lib/thumb/v7e-m+fp/hard\libc_nano.a(libc_a-findfp.o)
 .text.stdio_exit_handler
                0x0800c914       0x18 C:/ST/STM32CubeIDE_1.19.0/STM32CubeIDE/plugins/com.st.stm32cube.ide.mcu.externaltools.gnu-tools-for-stm32.13.3.rel1.win32_1.0.0.202411081344/tools/bin/../lib/gcc/arm-none-eabi/13.3.1/../../../../arm-none-eabi/lib/thumb/v7e-m+fp/hard\libc_nano.a(libc_a-findfp.o)
 .text.cleanup_stdio
                0x0800c92c       0x40 C:/ST/STM32CubeIDE_1.19.0/STM32CubeIDE/plugins/com.st.stm32cube.ide.mcu.externaltools.gnu-tools-for-stm32.13.3.rel1.win32_1.0.0.202411081344/tools/bin/../lib/gcc/arm-none-eabi/13.3.1/../../../../arm-none-eabi/lib/thumb/v7e-m+fp/hard\libc_nano.a(libc_a-findfp.o)
 .text.global_stdio_init.part.0
                0x0800c96c       0x3c C:/ST/STM32CubeIDE_1.19.0/STM32CubeIDE/plugins/com.st.stm32cube.ide.mcu.externaltools.gnu-tools-for-stm32.13.3.rel1.win32_1.0.0.202411081344/tools/bin/../lib/gcc/arm-none-eabi/13.3.1/../../../../arm-none-eabi/lib/thumb/v7e-m+fp/hard\libc_nano.a(libc_a-findfp.o)
 .text.__sfp_lock_acquire
                0x0800c9a8        0xc C:/ST/STM32CubeIDE_1.19.0/STM32CubeIDE/plugins/com.st.stm32cube.ide.mcu.externaltools.gnu-tools-for-stm32.13.3.rel1.win32_1.0.0.202411081344/tools/bin/../lib/gcc/arm-none-eabi/13.3.1/../../../../arm-none-eabi/lib/thumb/v7e-m+fp/hard\libc_nano.a(libc_a-findfp.o)
                0x0800c9a8                __sfp_lock_acquire
 .text.__sfp_lock_release
                0x0800c9b4        0xc C:/ST/STM32CubeIDE_1.19.0/STM32CubeIDE/plugins/com.st.stm32cube.ide.mcu.externaltools.gnu-tools-for-stm32.13.3.rel1.win32_1.0.0.202411081344/tools/bin/../lib/gcc/arm-none-eabi/13.3.1/../../../../arm-none-eabi/lib/thumb/v7e-m+fp/hard\libc_nano.a(libc_a-findfp.o)
                0x0800c9b4                __sfp_lock_release
 .text.__sinit  0x0800c9c0       0x30 C:/ST/STM32CubeIDE_1.19.0/STM32CubeIDE/plugins/com.st.stm32cube.ide.mcu.externaltools.gnu-tools-for-stm32.13.3.rel1.win32_1.0.0.202411081344/tools/bin/../lib/gcc/arm-none-eabi/13.3.1/../../../../arm-none-eabi/lib/thumb/v7e-m+fp/hard\libc_nano.a(libc_a-findfp.o)
                0x0800c9c0                __sinit
 .text._fwalk_sglue
                0x0800c9f0       0x3c C:/ST/STM32CubeIDE_1.19.0/STM32CubeIDE/plugins/com.st.stm32cube.ide.mcu.externaltools.gnu-tools-for-stm32.13.3.rel1.win32_1.0.0.202411081344/tools/bin/../lib/gcc/arm-none-eabi/13.3.1/../../../../arm-none-eabi/lib/thumb/v7e-m+fp/hard\libc_nano.a(libc_a-fwalk.o)
                0x0800c9f0                _fwalk_sglue
 .text.printf   0x0800ca2c       0x24 C:/ST/STM32CubeIDE_1.19.0/STM32CubeIDE/plugins/com.st.stm32cube.ide.mcu.externaltools.gnu-tools-for-stm32.13.3.rel1.win32_1.0.0.202411081344/tools/bin/../lib/gcc/arm-none-eabi/13.3.1/../../../../arm-none-eabi/lib/thumb/v7e-m+fp/hard\libc_nano.a(libc_a-printf.o)
                0x0800ca2c                iprintf
                0x0800ca2c                printf
 .text._puts_r  0x0800ca50       0xaa C:/ST/STM32CubeIDE_1.19.0/STM32CubeIDE/plugins/com.st.stm32cube.ide.mcu.externaltools.gnu-tools-for-stm32.13.3.rel1.win32_1.0.0.202411081344/tools/bin/../lib/gcc/arm-none-eabi/13.3.1/../../../../arm-none-eabi/lib/thumb/v7e-m+fp/hard\libc_nano.a(libc_a-puts.o)
                0x0800ca50                _puts_r
 *fill*         0x0800cafa        0x2 
 .text.puts     0x0800cafc       0x10 C:/ST/STM32CubeIDE_1.19.0/STM32CubeIDE/plugins/com.st.stm32cube.ide.mcu.externaltools.gnu-tools-for-stm32.13.3.rel1.win32_1.0.0.202411081344/tools/bin/../lib/gcc/arm-none-eabi/13.3.1/../../../../arm-none-eabi/lib/thumb/v7e-m+fp/hard\libc_nano.a(libc_a-puts.o)
                0x0800cafc                puts
 .text.sprintf  0x0800cb0c       0x44 C:/ST/STM32CubeIDE_1.19.0/STM32CubeIDE/plugins/com.st.stm32cube.ide.mcu.externaltools.gnu-tools-for-stm32.13.3.rel1.win32_1.0.0.202411081344/tools/bin/../lib/gcc/arm-none-eabi/13.3.1/../../../../arm-none-eabi/lib/thumb/v7e-m+fp/hard\libc_nano.a(libc_a-sprintf.o)
                0x0800cb0c                siprintf
                0x0800cb0c                sprintf
 .text.__sread  0x0800cb50       0x22 C:/ST/STM32CubeIDE_1.19.0/STM32CubeIDE/plugins/com.st.stm32cube.ide.mcu.externaltools.gnu-tools-for-stm32.13.3.rel1.win32_1.0.0.202411081344/tools/bin/../lib/gcc/arm-none-eabi/13.3.1/../../../../arm-none-eabi/lib/thumb/v7e-m+fp/hard\libc_nano.a(libc_a-stdio.o)
                0x0800cb50                __sread
 .text.__swrite
                0x0800cb72       0x38 C:/ST/STM32CubeIDE_1.19.0/STM32CubeIDE/plugins/com.st.stm32cube.ide.mcu.externaltools.gnu-tools-for-stm32.13.3.rel1.win32_1.0.0.202411081344/tools/bin/../lib/gcc/arm-none-eabi/13.3.1/../../../../arm-none-eabi/lib/thumb/v7e-m+fp/hard\libc_nano.a(libc_a-stdio.o)
                0x0800cb72                __swrite
 .text.__sseek  0x0800cbaa       0x24 C:/ST/STM32CubeIDE_1.19.0/STM32CubeIDE/plugins/com.st.stm32cube.ide.mcu.externaltools.gnu-tools-for-stm32.13.3.rel1.win32_1.0.0.202411081344/tools/bin/../lib/gcc/arm-none-eabi/13.3.1/../../../../arm-none-eabi/lib/thumb/v7e-m+fp/hard\libc_nano.a(libc_a-stdio.o)
                0x0800cbaa                __sseek
 .text.__sclose
                0x0800cbce        0x8 C:/ST/STM32CubeIDE_1.19.0/STM32CubeIDE/plugins/com.st.stm32cube.ide.mcu.externaltools.gnu-tools-for-stm32.13.3.rel1.win32_1.0.0.202411081344/tools/bin/../lib/gcc/arm-none-eabi/13.3.1/../../../../arm-none-eabi/lib/thumb/v7e-m+fp/hard\libc_nano.a(libc_a-stdio.o)
                0x0800cbce                __sclose
 .text.__swbuf_r
                0x0800cbd6       0x7c C:/ST/STM32CubeIDE_1.19.0/STM32CubeIDE/plugins/com.st.stm32cube.ide.mcu.externaltools.gnu-tools-for-stm32.13.3.rel1.win32_1.0.0.202411081344/tools/bin/../lib/gcc/arm-none-eabi/13.3.1/../../../../arm-none-eabi/lib/thumb/v7e-m+fp/hard\libc_nano.a(libc_a-wbuf.o)
                0x0800cbd6                __swbuf_r
 *fill*         0x0800cc52        0x2 
 .text.__swsetup_r
                0x0800cc54       0xac C:/ST/STM32CubeIDE_1.19.0/STM32CubeIDE/plugins/com.st.stm32cube.ide.mcu.externaltools.gnu-tools-for-stm32.13.3.rel1.win32_1.0.0.202411081344/tools/bin/../lib/gcc/arm-none-eabi/13.3.1/../../../../arm-none-eabi/lib/thumb/v7e-m+fp/hard\libc_nano.a(libc_a-wsetup.o)
                0x0800cc54                __swsetup_r
 .text.memset   0x0800cd00       0x10 C:/ST/STM32CubeIDE_1.19.0/STM32CubeIDE/plugins/com.st.stm32cube.ide.mcu.externaltools.gnu-tools-for-stm32.13.3.rel1.win32_1.0.0.202411081344/tools/bin/../lib/gcc/arm-none-eabi/13.3.1/../../../../arm-none-eabi/lib/thumb/v7e-m+fp/hard\libc_nano.a(libc_a-memset.o)
                0x0800cd00                memset
 .text._close_r
                0x0800cd10       0x20 C:/ST/STM32CubeIDE_1.19.0/STM32CubeIDE/plugins/com.st.stm32cube.ide.mcu.externaltools.gnu-tools-for-stm32.13.3.rel1.win32_1.0.0.202411081344/tools/bin/../lib/gcc/arm-none-eabi/13.3.1/../../../../arm-none-eabi/lib/thumb/v7e-m+fp/hard\libc_nano.a(libc_a-closer.o)
                0x0800cd10                _close_r
 .text._lseek_r
                0x0800cd30       0x24 C:/ST/STM32CubeIDE_1.19.0/STM32CubeIDE/plugins/com.st.stm32cube.ide.mcu.externaltools.gnu-tools-for-stm32.13.3.rel1.win32_1.0.0.202411081344/tools/bin/../lib/gcc/arm-none-eabi/13.3.1/../../../../arm-none-eabi/lib/thumb/v7e-m+fp/hard\libc_nano.a(libc_a-lseekr.o)
                0x0800cd30                _lseek_r
 .text._read_r  0x0800cd54       0x24 C:/ST/STM32CubeIDE_1.19.0/STM32CubeIDE/plugins/com.st.stm32cube.ide.mcu.externaltools.gnu-tools-for-stm32.13.3.rel1.win32_1.0.0.202411081344/tools/bin/../lib/gcc/arm-none-eabi/13.3.1/../../../../arm-none-eabi/lib/thumb/v7e-m+fp/hard\libc_nano.a(libc_a-readr.o)
                0x0800cd54                _read_r
 .text._sbrk_r  0x0800cd78       0x20 C:/ST/STM32CubeIDE_1.19.0/STM32CubeIDE/plugins/com.st.stm32cube.ide.mcu.externaltools.gnu-tools-for-stm32.13.3.rel1.win32_1.0.0.202411081344/tools/bin/../lib/gcc/arm-none-eabi/13.3.1/../../../../arm-none-eabi/lib/thumb/v7e-m+fp/hard\libc_nano.a(libc_a-sbrkr.o)
                0x0800cd78                _sbrk_r
 .text._write_r
                0x0800cd98       0x24 C:/ST/STM32CubeIDE_1.19.0/STM32CubeIDE/plugins/com.st.stm32cube.ide.mcu.externaltools.gnu-tools-for-stm32.13.3.rel1.win32_1.0.0.202411081344/tools/bin/../lib/gcc/arm-none-eabi/13.3.1/../../../../arm-none-eabi/lib/thumb/v7e-m+fp/hard\libc_nano.a(libc_a-writer.o)
                0x0800cd98                _write_r
 .text.__errno  0x0800cdbc        0xc C:/ST/STM32CubeIDE_1.19.0/STM32CubeIDE/plugins/com.st.stm32cube.ide.mcu.externaltools.gnu-tools-for-stm32.13.3.rel1.win32_1.0.0.202411081344/tools/bin/../lib/gcc/arm-none-eabi/13.3.1/../../../../arm-none-eabi/lib/thumb/v7e-m+fp/hard\libc_nano.a(libc_a-errno.o)
                0x0800cdbc                __errno
 .text.__libc_init_array
                0x0800cdc8       0x48 C:/ST/STM32CubeIDE_1.19.0/STM32CubeIDE/plugins/com.st.stm32cube.ide.mcu.externaltools.gnu-tools-for-stm32.13.3.rel1.win32_1.0.0.202411081344/tools/bin/../lib/gcc/arm-none-eabi/13.3.1/../../../../arm-none-eabi/lib/thumb/v7e-m+fp/hard\libc_nano.a(libc_a-init.o)
                0x0800cdc8                __libc_init_array
 .text.__retarget_lock_init_recursive
                0x0800ce10        0x2 C:/ST/STM32CubeIDE_1.19.0/STM32CubeIDE/plugins/com.st.stm32cube.ide.mcu.externaltools.gnu-tools-for-stm32.13.3.rel1.win32_1.0.0.202411081344/tools/bin/../lib/gcc/arm-none-eabi/13.3.1/../../../../arm-none-eabi/lib/thumb/v7e-m+fp/hard\libc_nano.a(libc_a-lock.o)
                0x0800ce10                __retarget_lock_init_recursive
 .text.__retarget_lock_acquire_recursive
                0x0800ce12        0x2 C:/ST/STM32CubeIDE_1.19.0/STM32CubeIDE/plugins/com.st.stm32cube.ide.mcu.externaltools.gnu-tools-for-stm32.13.3.rel1.win32_1.0.0.202411081344/tools/bin/../lib/gcc/arm-none-eabi/13.3.1/../../../../arm-none-eabi/lib/thumb/v7e-m+fp/hard\libc_nano.a(libc_a-lock.o)
                0x0800ce12                __retarget_lock_acquire_recursive
 .text.__retarget_lock_release_recursive
                0x0800ce14        0x2 C:/ST/STM32CubeIDE_1.19.0/STM32CubeIDE/plugins/com.st.stm32cube.ide.mcu.externaltools.gnu-tools-for-stm32.13.3.rel1.win32_1.0.0.202411081344/tools/bin/../lib/gcc/arm-none-eabi/13.3.1/../../../../arm-none-eabi/lib/thumb/v7e-m+fp/hard\libc_nano.a(libc_a-lock.o)
                0x0800ce14                __retarget_lock_release_recursive
 *fill*         0x0800ce16        0x2 
 .text._free_r  0x0800ce18       0x94 C:/ST/STM32CubeIDE_1.19.0/STM32CubeIDE/plugins/com.st.stm32cube.ide.mcu.externaltools.gnu-tools-for-stm32.13.3.rel1.win32_1.0.0.202411081344/tools/bin/../lib/gcc/arm-none-eabi/13.3.1/../../../../arm-none-eabi/lib/thumb/v7e-m+fp/hard\libc_nano.a(libc_a-freer.o)
                0x0800ce18                _free_r
 .text.__ssputs_r
                0x0800ceac       0xb6 C:/ST/STM32CubeIDE_1.19.0/STM32CubeIDE/plugins/com.st.stm32cube.ide.mcu.externaltools.gnu-tools-for-stm32.13.3.rel1.win32_1.0.0.202411081344/tools/bin/../lib/gcc/arm-none-eabi/13.3.1/../../../../arm-none-eabi/lib/thumb/v7e-m+fp/hard\libc_nano.a(libc_a-nano-svfprintf.o)
                0x0800ceac                __ssputs_r
 *fill*         0x0800cf62        0x2 
 .text._svfprintf_r
                0x0800cf64      0x1f8 C:/ST/STM32CubeIDE_1.19.0/STM32CubeIDE/plugins/com.st.stm32cube.ide.mcu.externaltools.gnu-tools-for-stm32.13.3.rel1.win32_1.0.0.202411081344/tools/bin/../lib/gcc/arm-none-eabi/13.3.1/../../../../arm-none-eabi/lib/thumb/v7e-m+fp/hard\libc_nano.a(libc_a-nano-svfprintf.o)
                0x0800cf64                _svfiprintf_r
                0x0800cf64                _svfprintf_r
 .text.__sfputc_r
                0x0800d15c       0x2e C:/ST/STM32CubeIDE_1.19.0/STM32CubeIDE/plugins/com.st.stm32cube.ide.mcu.externaltools.gnu-tools-for-stm32.13.3.rel1.win32_1.0.0.202411081344/tools/bin/../lib/gcc/arm-none-eabi/13.3.1/../../../../arm-none-eabi/lib/thumb/v7e-m+fp/hard\libc_nano.a(libc_a-nano-vfprintf.o)
 .text.__sfputs_r
                0x0800d18a       0x24 C:/ST/STM32CubeIDE_1.19.0/STM32CubeIDE/plugins/com.st.stm32cube.ide.mcu.externaltools.gnu-tools-for-stm32.13.3.rel1.win32_1.0.0.202411081344/tools/bin/../lib/gcc/arm-none-eabi/13.3.1/../../../../arm-none-eabi/lib/thumb/v7e-m+fp/hard\libc_nano.a(libc_a-nano-vfprintf.o)
                0x0800d18a                __sfputs_r
 *fill*         0x0800d1ae        0x2 
 .text._vfprintf_r
                0x0800d1b0      0x230 C:/ST/STM32CubeIDE_1.19.0/STM32CubeIDE/plugins/com.st.stm32cube.ide.mcu.externaltools.gnu-tools-for-stm32.13.3.rel1.win32_1.0.0.202411081344/tools/bin/../lib/gcc/arm-none-eabi/13.3.1/../../../../arm-none-eabi/lib/thumb/v7e-m+fp/hard\libc_nano.a(libc_a-nano-vfprintf.o)
                0x0800d1b0                _vfprintf_r
                0x0800d1b0                _vfiprintf_r
 .text._printf_common
                0x0800d3e0       0xda C:/ST/STM32CubeIDE_1.19.0/STM32CubeIDE/plugins/com.st.stm32cube.ide.mcu.externaltools.gnu-tools-for-stm32.13.3.rel1.win32_1.0.0.202411081344/tools/bin/../lib/gcc/arm-none-eabi/13.3.1/../../../../arm-none-eabi/lib/thumb/v7e-m+fp/hard\libc_nano.a(libc_a-nano-vfprintf_i.o)
                0x0800d3e0                _printf_common
 *fill*         0x0800d4ba        0x2 
 .text._printf_i
                0x0800d4bc      0x23c C:/ST/STM32CubeIDE_1.19.0/STM32CubeIDE/plugins/com.st.stm32cube.ide.mcu.externaltools.gnu-tools-for-stm32.13.3.rel1.win32_1.0.0.202411081344/tools/bin/../lib/gcc/arm-none-eabi/13.3.1/../../../../arm-none-eabi/lib/thumb/v7e-m+fp/hard\libc_nano.a(libc_a-nano-vfprintf_i.o)
                0x0800d4bc                _printf_i
 .text.__sflush_r
                0x0800d6f8      0x108 C:/ST/STM32CubeIDE_1.19.0/STM32CubeIDE/plugins/com.st.stm32cube.ide.mcu.externaltools.gnu-tools-for-stm32.13.3.rel1.win32_1.0.0.202411081344/tools/bin/../lib/gcc/arm-none-eabi/13.3.1/../../../../arm-none-eabi/lib/thumb/v7e-m+fp/hard\libc_nano.a(libc_a-fflush.o)
                0x0800d6f8                __sflush_r
 .text._fflush_r
                0x0800d800       0x50 C:/ST/STM32CubeIDE_1.19.0/STM32CubeIDE/plugins/com.st.stm32cube.ide.mcu.externaltools.gnu-tools-for-stm32.13.3.rel1.win32_1.0.0.202411081344/tools/bin/../lib/gcc/arm-none-eabi/13.3.1/../../../../arm-none-eabi/lib/thumb/v7e-m+fp/hard\libc_nano.a(libc_a-fflush.o)
                0x0800d800                _fflush_r
 .text.__swhatbuf_r
                0x0800d850       0x4c C:/ST/STM32CubeIDE_1.19.0/STM32CubeIDE/plugins/com.st.stm32cube.ide.mcu.externaltools.gnu-tools-for-stm32.13.3.rel1.win32_1.0.0.202411081344/tools/bin/../lib/gcc/arm-none-eabi/13.3.1/../../../../arm-none-eabi/lib/thumb/v7e-m+fp/hard\libc_nano.a(libc_a-makebuf.o)
                0x0800d850                __swhatbuf_r
 .text.__smakebuf_r
                0x0800d89c       0x78 C:/ST/STM32CubeIDE_1.19.0/STM32CubeIDE/plugins/com.st.stm32cube.ide.mcu.externaltools.gnu-tools-for-stm32.13.3.rel1.win32_1.0.0.202411081344/tools/bin/../lib/gcc/arm-none-eabi/13.3.1/../../../../arm-none-eabi/lib/thumb/v7e-m+fp/hard\libc_nano.a(libc_a-makebuf.o)
                0x0800d89c                __smakebuf_r
 .text.memmove  0x0800d914       0x34 C:/ST/STM32CubeIDE_1.19.0/STM32CubeIDE/plugins/com.st.stm32cube.ide.mcu.externaltools.gnu-tools-for-stm32.13.3.rel1.win32_1.0.0.202411081344/tools/bin/../lib/gcc/arm-none-eabi/13.3.1/../../../../arm-none-eabi/lib/thumb/v7e-m+fp/hard\libc_nano.a(libc_a-memmove.o)
                0x0800d914                memmove
 .text._fstat_r
                0x0800d948       0x24 C:/ST/STM32CubeIDE_1.19.0/STM32CubeIDE/plugins/com.st.stm32cube.ide.mcu.externaltools.gnu-tools-for-stm32.13.3.rel1.win32_1.0.0.202411081344/tools/bin/../lib/gcc/arm-none-eabi/13.3.1/../../../../arm-none-eabi/lib/thumb/v7e-m+fp/hard\libc_nano.a(libc_a-fstatr.o)
                0x0800d948                _fstat_r
 .text._isatty_r
                0x0800d96c       0x20 C:/ST/STM32CubeIDE_1.19.0/STM32CubeIDE/plugins/com.st.stm32cube.ide.mcu.externaltools.gnu-tools-for-stm32.13.3.rel1.win32_1.0.0.202411081344/tools/bin/../lib/gcc/arm-none-eabi/13.3.1/../../../../arm-none-eabi/lib/thumb/v7e-m+fp/hard\libc_nano.a(libc_a-isattyr.o)
                0x0800d96c                _isatty_r
 .text.memcpy   0x0800d98c       0x1c C:/ST/STM32CubeIDE_1.19.0/STM32CubeIDE/plugins/com.st.stm32cube.ide.mcu.externaltools.gnu-tools-for-stm32.13.3.rel1.win32_1.0.0.202411081344/tools/bin/../lib/gcc/arm-none-eabi/13.3.1/../../../../arm-none-eabi/lib/thumb/v7e-m+fp/hard\libc_nano.a(libc_a-memcpy-stub.o)
                0x0800d98c                memcpy
 .text._realloc_r
                0x0800d9a8       0x5c C:/ST/STM32CubeIDE_1.19.0/STM32CubeIDE/plugins/com.st.stm32cube.ide.mcu.externaltools.gnu-tools-for-stm32.13.3.rel1.win32_1.0.0.202411081344/tools/bin/../lib/gcc/arm-none-eabi/13.3.1/../../../../arm-none-eabi/lib/thumb/v7e-m+fp/hard\libc_nano.a(libc_a-reallocr.o)
                0x0800d9a8                _realloc_r
 .text._malloc_usable_size_r
                0x0800da04       0x10 C:/ST/STM32CubeIDE_1.19.0/STM32CubeIDE/plugins/com.st.stm32cube.ide.mcu.externaltools.gnu-tools-for-stm32.13.3.rel1.win32_1.0.0.202411081344/tools/bin/../lib/gcc/arm-none-eabi/13.3.1/../../../../arm-none-eabi/lib/thumb/v7e-m+fp/hard\libc_nano.a(libc_a-msizer.o)
                0x0800da04                _malloc_usable_size_r
 *(.glue_7)
 .glue_7        0x0800da14        0x0 linker stubs
 *(.glue_7t)
 .glue_7t       0x0800da14        0x0 linker stubs
 *(.eh_frame)
 .eh_frame      0x0800da14        0x0 C:/ST/STM32CubeIDE_1.19.0/STM32CubeIDE/plugins/com.st.stm32cube.ide.mcu.externaltools.gnu-tools-for-stm32.13.3.rel1.win32_1.0.0.202411081344/tools/bin/../lib/gcc/arm-none-eabi/13.3.1/thumb/v7e-m+fp/hard/crtbegin.o
 *(.init)
 .init          0x0800da14        0x4 C:/ST/STM32CubeIDE_1.19.0/STM32CubeIDE/plugins/com.st.stm32cube.ide.mcu.externaltools.gnu-tools-for-stm32.13.3.rel1.win32_1.0.0.202411081344/tools/bin/../lib/gcc/arm-none-eabi/13.3.1/thumb/v7e-m+fp/hard/crti.o
                0x0800da14                _init
 .init          0x0800da18        0x8 C:/ST/STM32CubeIDE_1.19.0/STM32CubeIDE/plugins/com.st.stm32cube.ide.mcu.externaltools.gnu-tools-for-stm32.13.3.rel1.win32_1.0.0.202411081344/tools/bin/../lib/gcc/arm-none-eabi/13.3.1/thumb/v7e-m+fp/hard/crtn.o
 *(.fini)
 .fini          0x0800da20        0x4 C:/ST/STM32CubeIDE_1.19.0/STM32CubeIDE/plugins/com.st.stm32cube.ide.mcu.externaltools.gnu-tools-for-stm32.13.3.rel1.win32_1.0.0.202411081344/tools/bin/../lib/gcc/arm-none-eabi/13.3.1/thumb/v7e-m+fp/hard/crti.o
                0x0800da20                _fini
 .fini          0x0800da24        0x8 C:/ST/STM32CubeIDE_1.19.0/STM32CubeIDE/plugins/com.st.stm32cube.ide.mcu.externaltools.gnu-tools-for-stm32.13.3.rel1.win32_1.0.0.202411081344/tools/bin/../lib/gcc/arm-none-eabi/13.3.1/thumb/v7e-m+fp/hard/crtn.o
                0x0800da2c                        . = ALIGN (0x4)
                0x0800da2c                        _etext = .

.vfp11_veneer   0x0800da2c        0x0
 .vfp11_veneer  0x0800da2c        0x0 linker stubs

.v4_bx          0x0800da2c        0x0
 .v4_bx         0x0800da2c        0x0 linker stubs

.iplt           0x0800da2c        0x0
 .iplt          0x0800da2c        0x0 C:/ST/STM32CubeIDE_1.19.0/STM32CubeIDE/plugins/com.st.stm32cube.ide.mcu.externaltools.gnu-tools-for-stm32.13.3.rel1.win32_1.0.0.202411081344/tools/bin/../lib/gcc/arm-none-eabi/13.3.1/thumb/v7e-m+fp/hard/crtbegin.o

.rodata         0x0800da2c     0x2264
                0x0800da2c                        . = ALIGN (0x4)
 *(.rodata)
 .rodata        0x0800da2c       0x44 ./Core/Src/ili9341.o
 .rodata        0x0800da70       0xc6 ./Core/Src/main.o
 *fill*         0x0800db36        0x2 
 .rodata        0x0800db38       0x46 ./USB_DEVICE/App/usbd_desc.o
 *(.rodata*)
 *fill*         0x0800db7e        0x2 
 .rodata.ili9341_font_11x18
                0x0800db80      0xd5e ./Core/Src/ili9341_font.o
                0x0800db80                ili9341_font_11x18
 *fill*         0x0800e8de        0x2 
 .rodata.ili9341_font_16x26
                0x0800e8e0     0x134e ./Core/Src/ili9341_font.o
                0x0800e8e0                ili9341_font_16x26
 .rodata.ILI9341_BLACK
                0x0800fc2e        0x2 ./Core/Src/ili9341_gfx.o
                0x0800fc2e                ILI9341_BLACK
 .rodata.ILI9341_GREEN
                0x0800fc30        0x2 ./Core/Src/ili9341_gfx.o
                0x0800fc30                ILI9341_GREEN
 .rodata.ILI9341_CYAN
                0x0800fc32        0x2 ./Core/Src/ili9341_gfx.o
                0x0800fc32                ILI9341_CYAN
 .rodata.ILI9341_RED
                0x0800fc34        0x2 ./Core/Src/ili9341_gfx.o
                0x0800fc34                ILI9341_RED
 .rodata.ILI9341_YELLOW
                0x0800fc36        0x2 ./Core/Src/ili9341_gfx.o
                0x0800fc36                ILI9341_YELLOW
 .rodata.ILI9341_WHITE
                0x0800fc38        0x2 ./Core/Src/ili9341_gfx.o
                0x0800fc38                ILI9341_WHITE
 *fill*         0x0800fc3a        0x2 
 .rodata.AHBPrescTable
                0x0800fc3c       0x10 ./Core/Src/system_stm32f4xx.o
                0x0800fc3c                AHBPrescTable
 .rodata.APBPrescTable
                0x0800fc4c        0x8 ./Core/Src/system_stm32f4xx.o
                0x0800fc4c                APBPrescTable
 .rodata.flagBitshiftOffset.0
                0x0800fc54        0x8 ./Drivers/STM32F4xx_HAL_Driver/Src/stm32f4xx_hal_dma.o
 .rodata._svfprintf_r.str1.1
                0x0800fc5c       0x33 C:/ST/STM32CubeIDE_1.19.0/STM32CubeIDE/plugins/com.st.stm32cube.ide.mcu.externaltools.gnu-tools-for-stm32.13.3.rel1.win32_1.0.0.202411081344/tools/bin/../lib/gcc/arm-none-eabi/13.3.1/../../../../arm-none-eabi/lib/thumb/v7e-m+fp/hard\libc_nano.a(libc_a-nano-svfprintf.o)
                                 0x11 (size before relaxing)
 .rodata._vfprintf_r.str1.1
                0x0800fc8f       0x11 C:/ST/STM32CubeIDE_1.19.0/STM32CubeIDE/plugins/com.st.stm32cube.ide.mcu.externaltools.gnu-tools-for-stm32.13.3.rel1.win32_1.0.0.202411081344/tools/bin/../lib/gcc/arm-none-eabi/13.3.1/../../../../arm-none-eabi/lib/thumb/v7e-m+fp/hard\libc_nano.a(libc_a-nano-vfprintf.o)
 .rodata._printf_i.str1.1
                0x0800fc8f       0x22 C:/ST/STM32CubeIDE_1.19.0/STM32CubeIDE/plugins/com.st.stm32cube.ide.mcu.externaltools.gnu-tools-for-stm32.13.3.rel1.win32_1.0.0.202411081344/tools/bin/../lib/gcc/arm-none-eabi/13.3.1/../../../../arm-none-eabi/lib/thumb/v7e-m+fp/hard\libc_nano.a(libc_a-nano-vfprintf_i.o)
                0x0800fcb4                        . = ALIGN (0x4)
 *fill*         0x0800fc8f        0x1 

.ARM.extab      0x0800fc90        0x0
                0x0800fc90                        . = ALIGN (0x4)
 *(.ARM.extab* .gnu.linkonce.armextab.*)
                0x0800fc90                        . = ALIGN (0x4)

.ARM            0x0800fc90        0x8
                0x0800fc90                        . = ALIGN (0x4)
                0x0800fc90                        __exidx_start = .
 *(.ARM.exidx*)
 .ARM.exidx     0x0800fc90        0x8 C:/ST/STM32CubeIDE_1.19.0/STM32CubeIDE/plugins/com.st.stm32cube.ide.mcu.externaltools.gnu-tools-for-stm32.13.3.rel1.win32_1.0.0.202411081344/tools/bin/../lib/gcc/arm-none-eabi/13.3.1/../../../../arm-none-eabi/lib/thumb/v7e-m+fp/hard\libc_nano.a(libc_a-strlen.o)
 .ARM.exidx     0x0800fc98        0x0 C:/ST/STM32CubeIDE_1.19.0/STM32CubeIDE/plugins/com.st.stm32cube.ide.mcu.externaltools.gnu-tools-for-stm32.13.3.rel1.win32_1.0.0.202411081344/tools/bin/../lib/gcc/arm-none-eabi/13.3.1/../../../../arm-none-eabi/lib/thumb/v7e-m+fp/hard\libc_nano.a(libc_a-memchr.o)
                                  0x8 (size before relaxing)
 .ARM.exidx     0x0800fc98        0x0 C:/ST/STM32CubeIDE_1.19.0/STM32CubeIDE/plugins/com.st.stm32cube.ide.mcu.externaltools.gnu-tools-for-stm32.13.3.rel1.win32_1.0.0.202411081344/tools/bin/../lib/gcc/arm-none-eabi/13.3.1/thumb/v7e-m+fp/hard\libgcc.a(_udivmoddi4.o)
                                  0x8 (size before relaxing)
                0x0800fc98                        __exidx_end = .
                0x0800fc98                        . = ALIGN (0x4)

.preinit_array  0x0800fc98        0x0
                0x0800fc98                        . = ALIGN (0x4)
                0x0800fc98                        PROVIDE (__preinit_array_start = .)
 *(.preinit_array*)
                0x0800fc98                        PROVIDE (__preinit_array_end = .)
                0x0800fc98                        . = ALIGN (0x4)

.init_array     0x0800fc98        0x4
                0x0800fc98                        . = ALIGN (0x4)
                0x0800fc98                        PROVIDE (__init_array_start = .)
 *(SORT_BY_NAME(.init_array.*))
 *(.init_array*)
 .init_array    0x0800fc98        0x4 C:/ST/STM32CubeIDE_1.19.0/STM32CubeIDE/plugins/com.st.stm32cube.ide.mcu.externaltools.gnu-tools-for-stm32.13.3.rel1.win32_1.0.0.202411081344/tools/bin/../lib/gcc/arm-none-eabi/13.3.1/thumb/v7e-m+fp/hard/crtbegin.o
                0x0800fc9c                        PROVIDE (__init_array_end = .)
                0x0800fc9c                        . = ALIGN (0x4)

.fini_array     0x0800fc9c        0x4
                0x0800fc9c                        . = ALIGN (0x4)
                [!provide]                        PROVIDE (__fini_array_start = .)
 *(SORT_BY_NAME(.fini_array.*))
 *(.fini_array*)
 .fini_array    0x0800fc9c        0x4 C:/ST/STM32CubeIDE_1.19.0/STM32CubeIDE/plugins/com.st.stm32cube.ide.mcu.externaltools.gnu-tools-for-stm32.13.3.rel1.win32_1.0.0.202411081344/tools/bin/../lib/gcc/arm-none-eabi/13.3.1/thumb/v7e-m+fp/hard/crtbegin.o
                [!provide]                        PROVIDE (__fini_array_end = .)
                0x0800fca0                        . = ALIGN (0x4)
                0x0800fca0                        _sidata = LOADADDR (.data)

.rel.dyn        0x0800fca0        0x0
 .rel.iplt      0x0800fca0        0x0 C:/ST/STM32CubeIDE_1.19.0/STM32CubeIDE/plugins/com.st.stm32cube.ide.mcu.externaltools.gnu-tools-for-stm32.13.3.rel1.win32_1.0.0.202411081344/tools/bin/../lib/gcc/arm-none-eabi/13.3.1/thumb/v7e-m+fp/hard/crtbegin.o

.data           0x20000000      0x178 load address 0x0800fca0
                0x20000000                        . = ALIGN (0x4)
                0x20000000                        _sdata = .
 *(.data)
 *(.data*)
 .data.valve_1  0x20000000        0x4 ./Core/Src/main.o
 .data.valve_2  0x20000004        0x4 ./Core/Src/main.o
 .data.old_valves
                0x20000008        0x1 ./Core/Src/main.o
 *fill*         0x20000009        0x3 
 .data.old_pression
                0x2000000c        0x4 ./Core/Src/main.o
 .data.SystemCoreClock
                0x20000010        0x4 ./Core/Src/system_stm32f4xx.o
                0x20000010                SystemCoreClock
 .data.uwTickPrio
                0x20000014        0x4 ./Drivers/STM32F4xx_HAL_Driver/Src/stm32f4xx_hal.o
                0x20000014                uwTickPrio
 .data.uwTickFreq
                0x20000018        0x1 ./Drivers/STM32F4xx_HAL_Driver/Src/stm32f4xx_hal.o
                0x20000018                uwTickFreq
 *fill*         0x20000019        0x3 
 .data.USBD_CDC_DeviceQualifierDesc
                0x2000001c        0xa ./Middlewares/ST/STM32_USB_Device_Library/Class/CDC/Src/usbd_cdc.o
 *fill*         0x20000026        0x2 
 .data.USBD_CDC
                0x20000028       0x38 ./Middlewares/ST/STM32_USB_Device_Library/Class/CDC/Src/usbd_cdc.o
                0x20000028                USBD_CDC
 .data.USBD_CDC_CfgDesc
                0x20000060       0x43 ./Middlewares/ST/STM32_USB_Device_Library/Class/CDC/Src/usbd_cdc.o
 .data.CDCInEpAdd
                0x200000a3        0x1 ./Middlewares/ST/STM32_USB_Device_Library/Class/CDC/Src/usbd_cdc.o
 .data.CDCOutEpAdd
                0x200000a4        0x1 ./Middlewares/ST/STM32_USB_Device_Library/Class/CDC/Src/usbd_cdc.o
 .data.CDCCmdEpAdd
                0x200000a5        0x1 ./Middlewares/ST/STM32_USB_Device_Library/Class/CDC/Src/usbd_cdc.o
 *fill*         0x200000a6        0x2 
 .data.USBD_Interface_fops_HS
                0x200000a8       0x14 ./USB_DEVICE/App/usbd_cdc_if.o
                0x200000a8                USBD_Interface_fops_HS
 .data.HS_Desc  0x200000bc       0x20 ./USB_DEVICE/App/usbd_desc.o
                0x200000bc                HS_Desc
 .data.USBD_HS_DeviceDesc
                0x200000dc       0x12 ./USB_DEVICE/App/usbd_desc.o
                0x200000dc                USBD_HS_DeviceDesc
 *fill*         0x200000ee        0x2 
 .data.USBD_HS_BOSDesc
                0x200000f0        0xc ./USB_DEVICE/App/usbd_desc.o
                0x200000f0                USBD_HS_BOSDesc
 .data.USBD_LangIDDesc
                0x200000fc        0x4 ./USB_DEVICE/App/usbd_desc.o
                0x200000fc                USBD_LangIDDesc
 .data.USBD_StringSerial
                0x20000100       0x1a ./USB_DEVICE/App/usbd_desc.o
                0x20000100                USBD_StringSerial
 *fill*         0x2000011a        0x2 
 .data.__sglue  0x2000011c        0xc C:/ST/STM32CubeIDE_1.19.0/STM32CubeIDE/plugins/com.st.stm32cube.ide.mcu.externaltools.gnu-tools-for-stm32.13.3.rel1.win32_1.0.0.202411081344/tools/bin/../lib/gcc/arm-none-eabi/13.3.1/../../../../arm-none-eabi/lib/thumb/v7e-m+fp/hard\libc_nano.a(libc_a-findfp.o)
                0x2000011c                __sglue
 .data._impure_ptr
                0x20000128        0x4 C:/ST/STM32CubeIDE_1.19.0/STM32CubeIDE/plugins/com.st.stm32cube.ide.mcu.externaltools.gnu-tools-for-stm32.13.3.rel1.win32_1.0.0.202411081344/tools/bin/../lib/gcc/arm-none-eabi/13.3.1/../../../../arm-none-eabi/lib/thumb/v7e-m+fp/hard\libc_nano.a(libc_a-impure.o)
                0x20000128                _impure_ptr
 .data._impure_data
                0x2000012c       0x4c C:/ST/STM32CubeIDE_1.19.0/STM32CubeIDE/plugins/com.st.stm32cube.ide.mcu.externaltools.gnu-tools-for-stm32.13.3.rel1.win32_1.0.0.202411081344/tools/bin/../lib/gcc/arm-none-eabi/13.3.1/../../../../arm-none-eabi/lib/thumb/v7e-m+fp/hard\libc_nano.a(libc_a-impure.o)
                0x2000012c                _impure_data
 *(.RamFunc)
 *(.RamFunc*)
                0x20000178                        . = ALIGN (0x4)
                0x20000178                        _edata = .

.igot.plt       0x20000178        0x0 load address 0x0800fe18
 .igot.plt      0x20000178        0x0 C:/ST/STM32CubeIDE_1.19.0/STM32CubeIDE/plugins/com.st.stm32cube.ide.mcu.externaltools.gnu-tools-for-stm32.13.3.rel1.win32_1.0.0.202411081344/tools/bin/../lib/gcc/arm-none-eabi/13.3.1/thumb/v7e-m+fp/hard/crtbegin.o
                0x20000178                        . = ALIGN (0x4)
